
 Start         Length     Name                   Class
 0001:00401000 0002A1E4H .text                   CODE
 0002:0042C000 00004E28H .data                   DATA
 0003:00431000 0000A78CH .bss                    BSS
 0004:00000000 00000230H .tls                    TLS
 0005:00443000 00002388H .pdata                  PDATA


Detailed map of segments

 0001:00000000 00010EBC C=CODE     S=.text    G=(none)   M=System   ALIGN=4
 0001:00010EBC 00001744 C=CODE     S=.text    G=(none)   M=SysInit  ALIGN=4
 0001:00012600 00000020 C=CODE     S=.text    G=(none)   M=System.Types ALIGN=4
 0001:00012620 00000040 C=CODE     S=.text    G=(none)   M=System.UITypes ALIGN=4
 0001:00012660 0000045C C=CODE     S=.text    G=(none)   M=Winapi.Windows ALIGN=4
 0001:00012ABC 000005B4 C=CODE     S=.text    G=(none)   M=System.SysConst ALIGN=4
 0001:00013070 00000020 C=CODE     S=.text    G=(none)   M=Winapi.ImageHlp ALIGN=4
 0001:00013090 00000020 C=CODE     S=.text    G=(none)   M=Winapi.SHFolder ALIGN=4
 0001:000130B0 00000050 C=CODE     S=.text    G=(none)   M=Winapi.PsAPI ALIGN=4
 0001:00013100 00000170 C=CODE     S=.text    G=(none)   M=System.RTLConsts ALIGN=4
 0001:00013270 00005000 C=CODE     S=.text    G=(none)   M=System.Character ALIGN=4
 0001:00018270 000004F4 C=CODE     S=.text    G=(none)   M=System.Internal.ExcUtils ALIGN=4
 0001:00018764 0000DF9C C=CODE     S=.text    G=(none)   M=System.SysUtils ALIGN=4
 0001:00026700 00003AE4 C=CODE     S=.text    G=(none)   M=primitives ALIGN=4
 0002:00000000 00002C30 C=DATA     S=.data    G=DGROUP   M=System   ALIGN=4
 0002:00002C30 00000160 C=DATA     S=.data    G=DGROUP   M=SysInit  ALIGN=4
 0002:00002D90 00000008 C=DATA     S=.data    G=DGROUP   M=System.Types ALIGN=4
 0002:00002D98 0000000C C=DATA     S=.data    G=DGROUP   M=System.UITypes ALIGN=4
 0002:00002DA4 00000070 C=DATA     S=.data    G=DGROUP   M=Winapi.Windows ALIGN=4
 0002:00002E14 00000008 C=DATA     S=.data    G=DGROUP   M=System.SysConst ALIGN=4
 0002:00002E1C 00000008 C=DATA     S=.data    G=DGROUP   M=Winapi.ImageHlp ALIGN=4
 0002:00002E24 00000008 C=DATA     S=.data    G=DGROUP   M=Winapi.SHFolder ALIGN=4
 0002:00002E2C 0000000C C=DATA     S=.data    G=DGROUP   M=Winapi.PsAPI ALIGN=4
 0002:00002E38 00000008 C=DATA     S=.data    G=DGROUP   M=System.RTLConsts ALIGN=4
 0002:00002E40 00000030 C=DATA     S=.data    G=DGROUP   M=System.Character ALIGN=4
 0002:00002E70 0000027C C=DATA     S=.data    G=DGROUP   M=System.Internal.ExcUtils ALIGN=4
 0002:000030EC 00001910 C=DATA     S=.data    G=DGROUP   M=System.SysUtils ALIGN=4
 0002:000049FC 00000040 C=DATA     S=.data    G=DGROUP   M=primitives ALIGN=4
 0003:00000000 00006268 C=BSS      S=.bss     G=DGROUP   M=System   ALIGN=4
 0003:00006268 00000048 C=BSS      S=.bss     G=DGROUP   M=SysInit  ALIGN=4
 0003:000062B0 00000004 C=BSS      S=.bss     G=DGROUP   M=System.Types ALIGN=4
 0003:000062B4 00000010 C=BSS      S=.bss     G=DGROUP   M=System.UITypes ALIGN=4
 0003:000062C4 0000000C C=BSS      S=.bss     G=DGROUP   M=Winapi.Windows ALIGN=4
 0003:000062D0 00000004 C=BSS      S=.bss     G=DGROUP   M=System.SysConst ALIGN=4
 0003:000062D4 00000004 C=BSS      S=.bss     G=DGROUP   M=Winapi.ImageHlp ALIGN=4
 0003:000062D8 00000004 C=BSS      S=.bss     G=DGROUP   M=Winapi.SHFolder ALIGN=4
 0003:000062DC 0000000C C=BSS      S=.bss     G=DGROUP   M=Winapi.PsAPI ALIGN=4
 0003:000062E8 00000004 C=BSS      S=.bss     G=DGROUP   M=System.RTLConsts ALIGN=4
 0003:000062EC 00000044 C=BSS      S=.bss     G=DGROUP   M=System.Character ALIGN=4
 0003:00006330 00000004 C=BSS      S=.bss     G=DGROUP   M=System.Internal.ExcUtils ALIGN=4
 0003:00006334 0000441C C=BSS      S=.bss     G=DGROUP   M=System.SysUtils ALIGN=4
 0003:0000A750 0000003C C=BSS      S=.bss     G=DGROUP   M=primitives ALIGN=4
 0004:00000000 00000224 C=TLS      S=.tls     G=(none)   M=System   ALIGN=4
 0004:00000224 0000000C C=TLS      S=.tls     G=(none)   M=System.SysUtils ALIGN=4
 0005:00000000 00001548 C=PDATA    S=.pdata   G=(none)   M=System   ALIGN=4
 0005:00001548 0000015C C=PDATA    S=.pdata   G=(none)   M=SysInit  ALIGN=4
 0005:000016A4 00000018 C=PDATA    S=.pdata   G=(none)   M=System.Types ALIGN=4
 0005:000016BC 00000024 C=PDATA    S=.pdata   G=(none)   M=System.UITypes ALIGN=4
 0005:000016E0 00000048 C=PDATA    S=.pdata   G=(none)   M=Winapi.Windows ALIGN=4
 0005:00001728 00000018 C=PDATA    S=.pdata   G=(none)   M=System.SysConst ALIGN=4
 0005:00001740 00000018 C=PDATA    S=.pdata   G=(none)   M=Winapi.ImageHlp ALIGN=4
 0005:00001758 00000018 C=PDATA    S=.pdata   G=(none)   M=Winapi.SHFolder ALIGN=4
 0005:00001770 00000018 C=PDATA    S=.pdata   G=(none)   M=Winapi.PsAPI ALIGN=4
 0005:00001788 00000018 C=PDATA    S=.pdata   G=(none)   M=System.RTLConsts ALIGN=4
 0005:000017A0 00000054 C=PDATA    S=.pdata   G=(none)   M=System.Character ALIGN=4
 0005:000017F4 00000024 C=PDATA    S=.pdata   G=(none)   M=System.Internal.ExcUtils ALIGN=4
 0005:00001818 00000B4C C=PDATA    S=.pdata   G=(none)   M=System.SysUtils ALIGN=4
 0005:00002364 00000024 C=PDATA    S=.pdata   G=(none)   M=primitives ALIGN=4


  Address             Publics by Name

 0005:00002364       primitives.$pdata$_ZN10Primitives12FinalizationEv
 0005:00002370       primitives.$pdata$_ZN10Primitives14initializationEv
 0002:000049FC       primitives.$unwind$_ZN10Primitives12FinalizationEv
 0002:00004A00       primitives.$unwind$_ZN10Primitives14initializationEv
 0001:00026700       primitives.Finalization
 0003:0000A75C       primitives.gB
 0003:0000A758       primitives.gC
 0003:0000A780       primitives.gD
 0003:0000A778       primitives.gF
 0003:0000A78A       primitives.gH
 0003:0000A750       primitives.gI
 0003:0000A754       primitives.gI2
 0003:0000A768       primitives.gL
 0003:0000A788       primitives.gO
 0003:0000A760       primitives.gSh
 0003:0000A762       primitives.gSm
 0003:0000A770       primitives.gU
 0003:0000A75E       primitives.gW
 0001:00026710       primitives.primitives
 0005:00001560       SysInit.$pdata$_ZN7Sysinit10GetTlsSizeEv
 0005:0000168C       SysInit.$pdata$_ZN7Sysinit12FinalizationEv
 0005:0000156C       SysInit.$pdata$_ZN7Sysinit13InitThreadTLSEv
 0005:00001554       SysInit.$pdata$_ZN7Sysinit14AllocTlsBufferEi
 0005:00001698       SysInit.$pdata$_ZN7Sysinit14initializationEv
 0005:00001590       SysInit.$pdata$_ZN7Sysinit14__dbkDummyProcEv
 0005:0000159C       SysInit.$pdata$_ZN7Sysinit14__dbkFCallArgsEPvS0_S0_S0_S0_S0_S0_S0_S0_S0_S0_S0_S0_S0_S0_S0_S0_S0_S0_S0_S0_S0_S0_S0_S0_S0_S0_S0_S0_S0_
 0005:00001584       SysInit.$pdata$_ZN7Sysinit16InitializeModuleEv
 0005:00001548       SysInit.$pdata$_ZN7Sysinit17_DelayLoadHelper2ERPvS0_
 0005:000015A8       SysInit.$pdata$_ZN7Sysinit19__dbk_fcall_wrapperEv
 0005:00001578       SysInit.$pdata$_ZN7Sysinit7_GetTlsEv
 0005:000015C0       SysInit.$pdata$_ZN7Sysinit8_InitExeEPv
 0002:00002C90       SysInit.$unwind$_ZN7Sysinit10GetTlsSizeEv
 0002:00002D84       SysInit.$unwind$_ZN7Sysinit12FinalizationEv
 0002:00002C94       SysInit.$unwind$_ZN7Sysinit13InitThreadTLSEv
 0002:00002C50       SysInit.$unwind$_ZN7Sysinit14AllocTlsBufferEi
 0002:00002D8C       SysInit.$unwind$_ZN7Sysinit14initializationEv
 0002:00002CAC       SysInit.$unwind$_ZN7Sysinit14__dbkDummyProcEv
 0002:00002CB0       SysInit.$unwind$_ZN7Sysinit14__dbkFCallArgsEPvS0_S0_S0_S0_S0_S0_S0_S0_S0_S0_S0_S0_S0_S0_S0_S0_S0_S0_S0_S0_S0_S0_S0_S0_S0_S0_S0_S0_S0_
 0002:00002CA4       SysInit.$unwind$_ZN7Sysinit16InitializeModuleEv
 0002:00002C48       SysInit.$unwind$_ZN7Sysinit17_DelayLoadHelper2ERPvS0_
 0002:00002CB8       SysInit.$unwind$_ZN7Sysinit19__dbk_fcall_wrapperEv
 0002:00002C9C       SysInit.$unwind$_ZN7Sysinit7_GetTlsEv
 0002:00002CF4       SysInit.$unwind$_ZN7Sysinit8_InitExeEPv
 0005:0000162C       SysInit..$pdata$$pdata$??0ULI@@QEAA@PEBUImgDelayDescr@@@Z
 0005:0000165C       SysInit..$pdata$$pdata$??1ULI@@QEAA@XZ
 0005:00001638       SysInit..$pdata$$pdata$??2ULI@@SAPEAX_K@Z
 0005:00001668       SysInit..$pdata$$pdata$??3ULI@@SAXPEAX@Z
 0005:00001650       SysInit..$pdata$$pdata$??_GULI@@QEAAPEAXI@Z
 0005:00001644       SysInit..$pdata$$pdata$?CountOfImports@@YAIPEBU_IMAGE_THUNK_DATA64@@@Z
 0005:000015D8       SysInit..$pdata$$pdata$?FLoadedAtPreferredAddress@@YA_NPEAU_IMAGE_NT_HEADERS64@@PEAUHINSTANCE__@@@Z
 0005:000015FC       SysInit..$pdata$$pdata$?OverlayIAT@@YAXPEAU_IMAGE_THUNK_DATA64@@PEBU1@@Z
 0005:00001674       SysInit..$pdata$$pdata$?Unlink@ULI@@QEAAXXZ
 0005:00001608       SysInit..$pdata$$pdata$?__memcpy@@YAPEAXPEAXPEBX_K@Z
 0005:000015F0       SysInit..$pdata$$pdata$?__strlen@@YA_KPEBD@Z
 0005:00001680       SysInit..$pdata$$pdata$HRESULT_FROM_WIN32
 0005:00001620       SysInit..$pdata$$pdata$ShutdownDelayHelp2
 0005:000015CC       SysInit..$pdata$$pdata$__delayLoadHelper2
 0005:000015E4       SysInit..$pdata$$pdata$__FUnloadDelayLoadedDLL2
 0005:00001614       SysInit..$pdata$$pdata$__HrLoadAllImportsForDll
 0002:00002D44       SysInit...$unwind$??0ULI@@QEAA@PEBUImgDelayDescr@@@Z
 0002:00002D64       SysInit...$unwind$??1ULI@@QEAA@XZ
 0002:00002D4C       SysInit...$unwind$??2ULI@@SAPEAX_K@Z
 0002:00002D6C       SysInit...$unwind$??3ULI@@SAXPEAX@Z
 0002:00002D5C       SysInit...$unwind$??_GULI@@QEAAPEAXI@Z
 0002:00002D54       SysInit...$unwind$?CountOfImports@@YAIPEBU_IMAGE_THUNK_DATA64@@@Z
 0002:00002D08       SysInit...$unwind$?FLoadedAtPreferredAddress@@YA_NPEAU_IMAGE_NT_HEADERS64@@PEAUHINSTANCE__@@@Z
 0002:00002D24       SysInit...$unwind$?OverlayIAT@@YAXPEAU_IMAGE_THUNK_DATA64@@PEBU1@@Z
 0002:00002D74       SysInit...$unwind$?Unlink@ULI@@QEAAXXZ
 0002:00002D2C       SysInit...$unwind$?__memcpy@@YAPEAXPEAXPEBX_K@Z
 0002:00002D1C       SysInit...$unwind$?__strlen@@YA_KPEBD@Z
 0002:00002D7C       SysInit...$unwind$HRESULT_FROM_WIN32
 0002:00002D3C       SysInit...$unwind$ShutdownDelayHelp2
 0002:00002CFC       SysInit...$unwind$__delayLoadHelper2
 0002:00002D10       SysInit...$unwind$__FUnloadDelayLoadedDLL2
 0002:00002D34       SysInit...$unwind$__HrLoadAllImportsForDll
 0001:000125B0       SysInit...??$PFromRva@PEAP6A_JXZ@@YAPEAP6A_JXZK@Z
 0001:00012510       SysInit...??$PFromRva@PEAPEAUHINSTANCE__@@@@YAPEAPEAUHINSTANCE__@@K@Z
 0001:00012570       SysInit...??$PFromRva@PEAU_IMAGE_IMPORT_BY_NAME@@@@YAPEAU_IMAGE_IMPORT_BY_NAME@@K@Z
 0001:00012530       SysInit...??$PFromRva@PEAU_IMAGE_THUNK_DATA64@@@@YAPEAU_IMAGE_THUNK_DATA64@@K@Z
 0001:000124F0       SysInit...??$PFromRva@PEBD@@YAPEBDK@Z
 0001:00012590       SysInit...??$PFromRva@PEBUImgDelayDescr@@@@YAPEBUImgDelayDescr@@K@Z
 0001:00012550       SysInit...??$PFromRva@PEBU_IMAGE_THUNK_DATA64@@@@YAPEBU_IMAGE_THUNK_DATA64@@K@Z
 0001:00012300       SysInit...??0ULI@@QEAA@PEBUImgDelayDescr@@@Z
 0001:00012410       SysInit...??1ULI@@QEAA@XZ
 0001:00012330       SysInit...??2ULI@@SAPEAX_K@Z
 0001:00012430       SysInit...??3ULI@@SAXPEAX@Z
 0001:000123D0       SysInit...??_GULI@@QEAAPEAXI@Z
 0001:00012380       SysInit...?CountOfImports@@YAIPEBU_IMAGE_THUNK_DATA64@@@Z
 0001:00011DF0       SysInit...?FLoadedAtPreferredAddress@@YA_NPEAU_IMAGE_NT_HEADERS64@@PEAUHINSTANCE__@@@Z
 0001:000122E0       SysInit...?IndexFromPImgThunkData@@YAIPEBU_IMAGE_THUNK_DATA64@@0@Z
 0001:00012350       SysInit...?Link@ULI@@QEAAXXZ
 0001:000120E0       SysInit...?OverlayIAT@@YAXPEAU_IMAGE_THUNK_DATA64@@PEBU1@@Z
 0001:00011DB0       SysInit...?PinhFromImageBase@@YAPEAU_IMAGE_NT_HEADERS64@@PEAUHINSTANCE__@@@Z
 0001:00011DD0       SysInit...?TimeStampOfImage@@YAKPEAU_IMAGE_NT_HEADERS64@@@Z
 0001:00012450       SysInit...?Unlink@ULI@@QEAAXXZ
 0001:00012060       SysInit...?__memcmp@@YAHPEBX0_K@Z
 0001:00012120       SysInit...?__memcpy@@YAPEAXPEAXPEBX_K@Z
 0001:00012010       SysInit...?__strlen@@YA_KPEBD@Z
 0001:000124B0       SysInit...HRESULT_FROM_WIN32
 0003:000062A8       SysInit...__puiHead
 0003:00006298       SysInit..1
 0001:00010F60       SysInit.@DelayLoadHelper2
 0001:00011000       SysInit.@GetTls
 0001:000117E0       SysInit.@InitExe
 0001:00011080       SysInit.@_dbkDummyProc
 0001:00011090       SysInit.@_dbkFCallArgs
 0001:00011490       SysInit.@_dbk_fcall_wrapper
 0001:00011860       SysInit.@_delayLoadHelper2
 0001:00011E30       SysInit.@_FUnloadDelayLoadedDLL2
 0001:00012190       SysInit.@_HrLoadAllImportsForDll
 0003:00006290       SysInit.@_pfnDliFailureHook2
 0003:00006288       SysInit.@_pfnDliNotifyHook2
 0001:00010F70       SysInit.AllocTlsBuffer
 0003:00006280       SysInit.dbkFCallWrapperAddr
 0002:00002C40       SysInit.DelayLoadHelper
 0001:000125D0       SysInit.Finalization
 0001:00010EC0       SysInit.FreeLibrary
 0001:00010F20       SysInit.GetLastError
 0001:00010ED0       SysInit.GetModuleHandle
 0001:00010F50       SysInit.GetProcAddress
 0001:00010F90       SysInit.GetTlsSize
 0003:00006270       SysInit.HInstance
 0001:00011060       SysInit.InitializeModule
 0001:00010FA0       SysInit.InitThreadTLS
 0001:00010F30       SysInit.LoadLibraryA
 0001:00010EE0       SysInit.LocalAlloc
 0001:00010EF0       SysInit.LocalFree
 0002:00002C58       SysInit.Module
 0003:00006269       SysInit.ModuleIsCpp
 0003:00006268       SysInit.ModuleIsLib
 0002:00002C38       SysInit.PtrToNil
 0001:00010F40       SysInit.RaiseException
 0001:000122D0       SysInit.ShutdownDelayHelp2
 0001:000125F0       SysInit.SysInit
 0003:000062A0       SysInit.tlsBuffer
 0001:00010F00       SysInit.TlsGetValue
 0002:00002C30       SysInit.TlsIndex
 0004:00000230       SysInit.TlsLast
 0001:00010F10       SysInit.TlsSetValue
 0003:FFFCF000       SysInit.__ImageBase
 0005:0000051C       System.$pdata$_ZN6System10EmitDigitsEeiPhRi
 0005:00000210       System.$pdata$_ZN6System10ExceptAddrEv
 0005:00000000       System.$pdata$_ZN6System10GetCmdShowEv
 0005:00000ED0       System.$pdata$_ZN6System10MoveRecordEPvS0_S0_
 0005:00000228       System.$pdata$_ZN6System10RunErrorAtEiPv
 0005:00001014       System.$pdata$_ZN6System10StringCopyEPwiS0_
 0005:000000C0       System.$pdata$_ZN6System10SysFreeMemEPv
 0005:000002DC       System.$pdata$_ZN6System10TDoubleRec11SpecialTypeEv
 0005:000002C4       System.$pdata$_ZN6System10TDoubleRec16InternalGetWordsEj
 0005:000002D0       System.$pdata$_ZN6System10TDoubleRec8ExponentEv
 0005:00000EDC       System.$pdata$_ZN6System10_CopyArrayEPvS0_S0_y
 0005:000011DC       System.$pdata$_ZN6System10_IntfClearERNS_15DelphiInterfaceINS_10IInterfaceEEE
 0005:00000CC0       System.$pdata$_ZN6System10_PWCharLenEPw
 0005:00000D2C       System.$pdata$_ZN6System10_SetLengthEPNS_11SmallStringILh255EEEh
 0005:00000E34       System.$pdata$_ZN6System10_UStrEqualENS_13UnicodeStringES0_
 0005:000004E0       System.$pdata$_ZN6System10_Write2ExtERNS_8TTextRecEeii
 0005:0000042C       System.$pdata$_ZN6System10_WriteBoolERNS_8TTextRecEbi
 0005:00000444       System.$pdata$_ZN6System10_WriteLongERNS_8TTextRecEii
 0005:0000033C       System.$pdata$_ZN6System11FileNOPProcEPv
 0005:000014C4       System.$pdata$_ZN6System11GetCPUCountEv
 0005:00000504       System.$pdata$_ZN6System11RoundDigitsEPhi
 0005:00000258       System.$pdata$_ZN6System11SetInOutResEi
 0005:000000E4       System.$pdata$_ZN6System11ShowMessageEPcS0_
 0005:000000D8       System.$pdata$_ZN6System11SysAllocMemEx
 0005:000012F0       System.$pdata$_ZN6System11TInstBucket10InitializeEv
 0005:000012CC       System.$pdata$_ZN6System11TInstBucket11AddInstItemEiPNS_9TInstItemE
 0005:000012D8       System.$pdata$_ZN6System11TInstBucket12FindInstItemEPvRi
 0005:00001308       System.$pdata$_ZN6System11TInstBucket14RemoveInstItemEPv
 0005:000012FC       System.$pdata$_ZN6System11TInstBucket4LockEv
 0005:00001314       System.$pdata$_ZN6System11TInstBucket6UnlockEv
 0005:000012E4       System.$pdata$_ZN6System11TInstBucket8FinalizeEv
 0005:00000780       System.$pdata$_ZN6System11UTF8CompareERKNS_11SmallStringILh255EEES3_
 0005:00000EC4       System.$pdata$_ZN6System11_CopyRecordEPvS0_S0_
 0005:00000A74       System.$pdata$_ZN6System11_DoneExceptEv
 0005:00001200       System.$pdata$_ZN6System11_IntfAddRefENS_15DelphiInterfaceINS_10IInterfaceEEE
 0005:00000A5C       System.$pdata$_ZN6System11_RaiseAgainEv
 0005:000001E0       System.$pdata$_ZN6System11_ReallocMemERPvx
 0005:00000324       System.$pdata$_ZN6System11_RewritTextERNS_8TTextRecE
 0005:00000BF4       System.$pdata$_ZN6System11_UStrAddRefEPv
 0005:00000438       System.$pdata$_ZN6System11_Write0BoolERNS_8TTextRecEb
 0005:00000420       System.$pdata$_ZN6System11_Write0CharERNS_8TTextRecEc
 0005:00000450       System.$pdata$_ZN6System11_Write0LongERNS_8TTextRecEi
 0005:000003E4       System.$pdata$_ZN6System11_WriteBytesERNS_8TTextRecEPKvi
 0005:00000F30       System.$pdata$_ZN6System11_WriteInt64ERNS_8TTextRecExi
 0005:00000204       System.$pdata$_ZN6System12ExceptObjectEv
 0005:00001518       System.$pdata$_ZN6System12FinalizationEv
 0005:00000288       System.$pdata$_ZN6System12FRaiseExceptEjb
 0005:000009D8       System.$pdata$_ZN6System12NotifyExceptEy
 0005:00000E64       System.$pdata$_ZN6System12StringOfCharEwi
 0005:0000135C       System.$pdata$_ZN6System12TInstHashMap10InitializeEv
 0005:00001338       System.$pdata$_ZN6System12TInstHashMap11NewInstItemEPv
 0005:00001344       System.$pdata$_ZN6System12TInstHashMap11PopInstItemEv
 0005:0000132C       System.$pdata$_ZN6System12TInstHashMap12FreeInstItemEPNS_9TInstItemE
 0005:000013EC       System.$pdata$_ZN6System12TInstHashMap12IsRegisteredEPv
 0005:0000138C       System.$pdata$_ZN6System12TInstHashMap15RegisterWeakRefEPvS1_
 0005:000013A4       System.$pdata$_ZN6System12TInstHashMap17UnregisterWeakRefEPvS1_
 0005:000013BC       System.$pdata$_ZN6System12TInstHashMap21RegisterWeakMethodRefEPvS1_
 0005:00001320       System.$pdata$_ZN6System12TInstHashMap22AddressAndTagToRawDataEPKvy
 0005:000013D4       System.$pdata$_ZN6System12TInstHashMap23UnregisterWeakMethodRefEPvS1_
 0005:00001374       System.$pdata$_ZN6System12TInstHashMap7DestroyEPv
 0005:00001350       System.$pdata$_ZN6System12TInstHashMap8FinalizeEv
 0005:00000CFC       System.$pdata$_ZN6System12UniqueStringERNS_13UnicodeStringE
 0005:00001494       System.$pdata$_ZN6System12UTF8ToStringERKNS_11SmallStringILh255EEE
 0005:000007D4       System.$pdata$_ZN6System12_ClassCreateEPva
 0005:00000FCC       System.$pdata$_ZN6System12_DynArrayAsgERPvS0_S0_
 0005:00000B10       System.$pdata$_ZN6System12_InitImportsEPv
 0005:00000708       System.$pdata$_ZN6System12_IntfAsClassENS_15DelphiInterfaceINS_10IInterfaceEEEPNS_10TMetaClassE
 0005:00000D50       System.$pdata$_ZN6System12_LStrToPCharENS_11AnsiStringTILt0EEE
 0005:00000A50       System.$pdata$_ZN6System12_RaiseExceptEPNS_7TObjectE
 0005:00000F3C       System.$pdata$_ZN6System12_Write0Int64ERNS_8TTextRecEx
 0005:000004C8       System.$pdata$_ZN6System12_Write0WCharERNS_8TTextRecEw
 0005:000003F0       System.$pdata$_ZN6System12_WriteSpacesERNS_8TTextRecEi
 0005:0000045C       System.$pdata$_ZN6System12_WriteStringERNS_8TTextRecERKNS_11SmallStringILh255EEEi
 0005:00000F48       System.$pdata$_ZN6System12_WriteUInt64ERNS_8TTextRecEyi
 0005:00000C0C       System.$pdata$_ZN6System13CharFromWCharEPciPKwi
 0005:00000C00       System.$pdata$_ZN6System13CharFromWCharEPciPKwii
 0005:00000F00       System.$pdata$_ZN6System13FinalizeArrayEPvS0_y
 0005:00000A80       System.$pdata$_ZN6System13FinalizeUnitsEv
 0005:000001B0       System.$pdata$_ZN6System13FreeAllMemoryEv
 0005:00000714       System.$pdata$_ZN6System13GetDynaMethodEPNS_10TMetaClassEs
 0005:00000354       System.$pdata$_ZN6System13InternalCloseEy
 0005:00000384       System.$pdata$_ZN6System13InternalFlushERNS_8TTextRecEPFiS1_E
 0005:000014A0       System.$pdata$_ZN6System13LoadResStringEPNS_13TResStringRecE
 0005:000009C0       System.$pdata$_ZN6System13NotifyReRaiseEPNS_7TObjectEPv
 0005:00000F78       System.$pdata$_ZN6System13SysHasWeakRefEPKv
 0005:000000CC       System.$pdata$_ZN6System13SysReallocMemEPvx
 0005:00001458       System.$pdata$_ZN6System13UnicodeToUtf8EPcjPwj
 0005:00001464       System.$pdata$_ZN6System13Utf8ToUnicodeEPwjPcj
 0005:00000C18       System.$pdata$_ZN6System13WCharFromCharEPwiPKcii
 0005:000007E0       System.$pdata$_ZN6System13_ClassDestroyEPNS_7TObjectE
 0005:00000FA8       System.$pdata$_ZN6System13_DynArrayCopyERPvS0_S0_
 0005:00001440       System.$pdata$_ZN6System13_IntfWeakCopyERNS_15DelphiInterfaceINS_10IInterfaceEEES2_
 0005:00000BDC       System.$pdata$_ZN6System13_LStrArrayClrEPvi
 0005:00000D68       System.$pdata$_ZN6System13_LStrFromUStrERNS_11AnsiStringTILt0EEENS_13UnicodeStringEt
 0005:00000BD0       System.$pdata$_ZN6System13_UStrArrayClrEPvi
 0005:00000DC8       System.$pdata$_ZN6System13_UStrFromLStrERNS_13UnicodeStringENS_11AnsiStringTILt0EEE
 0005:00000D8C       System.$pdata$_ZN6System13_UStrToPWCharENS_13UnicodeStringE
 0005:00000DE0       System.$pdata$_ZN6System13_UStrToStringEPNS_11SmallStringILh255EEENS_13UnicodeStringEi
 0005:00000F54       System.$pdata$_ZN6System13_Write0UInt64ERNS_8TTextRecEy
 0005:0000048C       System.$pdata$_ZN6System13_WriteLStringERNS_8TTextRecENS_11AnsiStringTILt0EEEi
 0005:000004B0       System.$pdata$_ZN6System13_WriteUStringERNS_8TTextRecENS_13UnicodeStringEi
 0005:00000BE8       System.$pdata$_ZN6System13_WStrArrayClrEPvi
 0005:00000DD4       System.$pdata$_ZN6System13_WStrFromUStrERNS_10WideStringENS_13UnicodeStringE
 0005:00000294       System.$pdata$_ZN6System14FGetExceptMaskEj
 0005:0000009C       System.$pdata$_ZN6System14FreeLargeBlockEPv
 0005:0000027C       System.$pdata$_ZN6System14FSetExceptFlagEjj
 0005:00000150       System.$pdata$_ZN6System14GetObjectClassEPv
 0005:0000108C       System.$pdata$_ZN6System14GetUILanguagesEt
 0005:00001530       System.$pdata$_ZN6System14initializationEv
 0005:00000ABC       System.$pdata$_ZN6System14LoadResStringAEPNS_13TResStringRecEt
 0005:00000AEC       System.$pdata$_ZN6System14LoadResStringUEPNS_13TResStringRecE
 0005:00000AD4       System.$pdata$_ZN6System14LoadResStringWEPNS_13TResStringRecE
 0005:000009E4       System.$pdata$_ZN6System14NotifyOnExceptEy
 0005:000011B8       System.$pdata$_ZN6System14RegisterModuleEPNS_10TLibModuleE
 0005:00000FC0       System.$pdata$_ZN6System14_DynArrayClearERPvS0_
 0005:00000EA0       System.$pdata$_ZN6System14_FinalizeArrayEPvS0_y
 0005:00001434       System.$pdata$_ZN6System14_IntfWeakClearERNS_15DelphiInterfaceINS_10IInterfaceEEE
 0005:00000D5C       System.$pdata$_ZN6System14_LStrSetLengthERNS_11AnsiStringTILt0EEEit
 0005:00000B94       System.$pdata$_ZN6System14_NewAnsiStringEit
 0005:00000A44       System.$pdata$_ZN6System14_RaiseAtExceptEPNS_7TObjectEPv
 0005:00000CF0       System.$pdata$_ZN6System14_UniqueStringAERNS_11AnsiStringTILt0EEE
 0005:00000CE4       System.$pdata$_ZN6System14_UniqueStringUERNS_13UnicodeStringE
 0005:00000DA4       System.$pdata$_ZN6System14_UStrFromPCharERNS_13UnicodeStringEPc
 0005:00000D98       System.$pdata$_ZN6System14_UStrFromWCharERNS_13UnicodeStringEw
 0005:00000DF8       System.$pdata$_ZN6System14_UStrSetLengthERNS_13UnicodeStringEi
 0005:00000D80       System.$pdata$_ZN6System14_WCharToStringEPNS_11SmallStringILh255EEEwi
 0005:00000474       System.$pdata$_ZN6System14_Write0LStringERNS_8TTextRecENS_11AnsiStringTILt0EEE
 0005:000004A4       System.$pdata$_ZN6System14_Write0UStringERNS_8TTextRecENS_13UnicodeStringE
 0005:00000564       System.$pdata$_ZN6System15InitializeCPUIDEv
 0005:00000084       System.$pdata$_ZN6System15LockLargeBlocksEv
 0005:000000F0       System.$pdata$_ZN6System15NextMediumBlockEPv
 0005:000009F0       System.$pdata$_ZN6System15NotifyAnyExceptEy
 0005:00000A08       System.$pdata$_ZN6System15NotifyTerminateEy
 0005:00000A14       System.$pdata$_ZN6System15NotifyUnhandledEPvS0_
 0005:00001410       System.$pdata$_ZN6System15RegisterWeakRefEPvPNS_7TObjectE
 0005:0000036C       System.$pdata$_ZN6System15TextOpenCleanupERNS_8TTextRecE
 0005:00000FD8       System.$pdata$_ZN6System15_DynArrayAddRefEPv
 0005:00000F60       System.$pdata$_ZN6System15_DynArrayLengthEPKv
 0005:00000E88       System.$pdata$_ZN6System15_FinalizeRecordEPvS0_
 0005:00000D38       System.$pdata$_ZN6System15_LStrFromPWCharERNS_11AnsiStringTILt0EEEPwt
 0005:00000D44       System.$pdata$_ZN6System15_LStrFromStringERNS_11AnsiStringTILt0EEERKNS_11SmallStringILh255EEEt
 0005:00000DB0       System.$pdata$_ZN6System15_UStrFromPWCharERNS_13UnicodeStringEPw
 0005:00000DEC       System.$pdata$_ZN6System15_UStrFromStringERNS_13UnicodeStringERKNS_11SmallStringILh255EEE
 0005:00000DBC       System.$pdata$_ZN6System15_UStrFromWArrayERNS_13UnicodeStringEPwi
 0005:00000D74       System.$pdata$_ZN6System16InternalUStrCatNERNS_13UnicodeStringEiPS0_
 0005:00000690       System.$pdata$_ZN6System16InvokeImplGetterEPNS_7TObjectEy
 0005:00000048       System.$pdata$_ZN6System16LockMediumBlocksEv
 0005:00000B28       System.$pdata$_ZN6System16MakeErrorMessageEv
 0005:000003D8       System.$pdata$_ZN6System16TryOpenForOutputERNS_8TTextRecE
 0005:000011C4       System.$pdata$_ZN6System16UnregisterModuleEPNS_10TLibModuleE
 0005:00001428       System.$pdata$_ZN6System16_CleanupInstanceEPv
 0005:00000B34       System.$pdata$_ZN6System16_ExitDllLongJumpERNS_17__TExitDllJumpBufEi
 0005:00000E7C       System.$pdata$_ZN6System16_InitializeArrayEPvS0_y
 0005:00000F18       System.$pdata$_ZN6System16_StrUInt64DigitsEyib
 0005:00000F84       System.$pdata$_ZN6System17DynArraySetLengthERPvS0_xPx
 0005:000010E0       System.$pdata$_ZN6System17GetLocaleOverrideENS_13UnicodeStringE
 0005:000001F8       System.$pdata$_ZN6System17ReleaseRaiseFrameEPNS_11TRaiseFrameE
 0005:000010F8       System.$pdata$_ZN6System17SetLocaleOverrideENS_13UnicodeStringE
 0005:0000141C       System.$pdata$_ZN6System17UnregisterWeakRefEPvPNS_7TObjectE
 0005:00000B4C       System.$pdata$_ZN6System17WriteErrorMessageEv
 0005:00000A68       System.$pdata$_ZN6System17_DestroyExceptionEP18TExceptionPointersy
 0005:00000E70       System.$pdata$_ZN6System17_InitializeRecordEPvS0_
 0005:00000C3C       System.$pdata$_ZN6System17_LStrFromPCharLenERNS_11AnsiStringTILt0EEEPcit
 0005:00000B88       System.$pdata$_ZN6System17_NewUnicodeStringEi
 0005:00000C54       System.$pdata$_ZN6System17_UStrFromPCharLenERNS_13UnicodeStringEPci
 0005:0000030C       System.$pdata$_ZN6System17__FlushMBCSBufferERNS_8TTextRecE
 0005:00000090       System.$pdata$_ZN6System18AllocateLargeBlockEy
 0005:000001EC       System.$pdata$_ZN6System18AllocateRaiseFrameEv
 0005:00001008       System.$pdata$_ZN6System18FinalizeLocaleDateEv
 0005:00000F6C       System.$pdata$_ZN6System18InternalHasWeakRefEPNS_9TTypeInfoE
 0005:00001164       System.$pdata$_ZN6System18LoadResourceModuleEPwb
 0005:00001404       System.$pdata$_ZN6System18MarkWeakReferencedEPNS_7TObjectE
 0005:00000114       System.$pdata$_ZN6System18NativeUIntToStrBufEyPc
 0005:000011A0       System.$pdata$_ZN6System18NotifyModuleUnloadEy
 0005:0000018C       System.$pdata$_ZN6System18ScanForMemoryLeaksEv
 0005:000007EC       System.$pdata$_ZN6System18_AfterConstructionEPNS_7TObjectE
 0005:00000804       System.$pdata$_ZN6System18_BeforeDestructionEPNS_7TObjectEa
 0005:00000F0C       System.$pdata$_ZN6System18_DispCallByIDErrorEPvNS_15DelphiInterfaceI9IDispatchEEPNS_9TDispDescES0_
 0005:00000FB4       System.$pdata$_ZN6System18_DynArrayCopyRangeERPvS0_S0_xx
 0005:00000F9C       System.$pdata$_ZN6System18_DynArraySetLengthERPvS0_x
 0005:00000C60       System.$pdata$_ZN6System18_LStrFromPWCharLenERNS_11AnsiStringTILt0EEEPwit
 0005:00000C24       System.$pdata$_ZN6System18_UStrFromPWCharLenERNS_13UnicodeStringEPwi
 0005:00000C30       System.$pdata$_ZN6System18_WStrFromPWCharLenERNS_10WideStringEPwi
 0005:00001188       System.$pdata$_ZN6System19AddModuleUnloadProcEPFvyE
 0005:0000120C       System.$pdata$_ZN6System19ArrayOfPointerClearEPPv
 0005:0000117C       System.$pdata$_ZN6System19EnumResourceModulesEPFbyPvES0_
 0005:000009FC       System.$pdata$_ZN6System19NotifyExceptFinallyEy
 0005:0000147C       System.$pdata$_ZN6System19UTF8ToUnicodeStringERKNS_11SmallStringILh255EEE
 0005:00000B7C       System.$pdata$_ZN6System19_UnhandledExceptionEv
 0005:00000120       System.$pdata$_ZN6System20AppendStringToBufferEPKcS1_j
 0005:00000FFC       System.$pdata$_ZN6System20InitializeLocaleDataEv
 0005:000000A8       System.$pdata$_ZN6System20ReallocateLargeBlockEPvy
 0005:000014D0       System.$pdata$_ZN6System20SetUTF8CompareLocaleEv
 0005:000001BC       System.$pdata$_ZN6System21FinalizeMemoryManagerEv
 0005:00000FF0       System.$pdata$_ZN6System21FindResourceHInstanceEy
 0005:0000114C       System.$pdata$_ZN6System21GetResourceModuleNameENS_13UnicodeStringES0_
 0005:00000CD8       System.$pdata$_ZN6System21InternalUniqueStringAERNS_11AnsiStringTILt0EEE
 0005:00000CCC       System.$pdata$_ZN6System21InternalUniqueStringUERNS_13UnicodeStringE
 0005:00000054       System.$pdata$_ZN6System21RemoveMediumFreeBlockEPNS_16TMediumFreeBlockE
 0005:000002AC       System.$pdata$_ZN6System21SetMXCSRExceptionFlagEj
 0005:00000AF8       System.$pdata$_ZN6System21_InitResStringImportsEPv
 0005:0000021C       System.$pdata$_ZN6System22AcquireExceptionObjectEv
 0005:000014AC       System.$pdata$_ZN6System22LocaleCharsFromUnicodeEjjPwiPciS1_Pi
 0005:00001194       System.$pdata$_ZN6System22RemoveModuleUnloadProcEPFvyE
 0005:000014B8       System.$pdata$_ZN6System22UnicodeFromLocaleCharsEjjPciPwi
 0005:00000570       System.$pdata$_ZN6System22_InitializeControlWordEv
 0005:0000012C       System.$pdata$_ZN6System23AppendClassNameToBufferEPNS_10TMetaClassEPc
 0005:00001218       System.$pdata$_ZN6System23ArrayOfPointerSetLengthEPPvx
 0005:00000FE4       System.$pdata$_ZN6System23DelayLoadResourceModuleEPNS_10TLibModuleE
 0005:000001A4       System.$pdata$_ZN6System23InitializeMemoryManagerEv
 0005:00001470       System.$pdata$_ZN6System23UTF8EncodeToShortStringENS_13UnicodeStringE
 0005:00000798       System.$pdata$_ZN6System23UTF8ShortStringToStringERKNS_11SmallStringILh255EEE
 0005:00000A2C       System.$pdata$_ZN6System23_DelphiExceptionHandlerEPNS_16TExceptionRecordEyPvS2_
 0005:00000A20       System.$pdata$_ZN6System24FindOnExceptionDescEntryEPNS_18TDispatcherContextEPvPNS_8TExcDescE
 0005:00000060       System.$pdata$_ZN6System24InsertMediumBlockIntoBinEPNS_16TMediumFreeBlockEj
 0005:00000C48       System.$pdata$_ZN6System24InternalUStrFromPCharLenERNS_13UnicodeStringEPcii
 0005:000009CC       System.$pdata$_ZN6System24NotifyNonDelphiExceptionEPvPNS_8TContextE
 0005:00000198       System.$pdata$_ZN6System25BuildBlockTypeLookupTableEv
 0005:000000FC       System.$pdata$_ZN6System25GetFirstMediumBlockInPoolEPNS_22TMediumBlockPoolHeaderE
 0005:000010BC       System.$pdata$_ZN6System25InternalGetLocaleOverrideENS_13UnicodeStringE
 0005:00000B1C       System.$pdata$_ZN6System25_FinalizeResStringImportsEPv
 0005:0000015C       System.$pdata$_ZN6System27LockExpectedMemoryLeaksListEv
 0005:00000168       System.$pdata$_ZN6System29SysRegisterExpectedMemoryLeakEPv
 0005:00000108       System.$pdata$_ZN6System31GetFirstAndLastSmallBlockInPoolEPNS_21TSmallBlockPoolHeaderERPvS3_
 0005:00000174       System.$pdata$_ZN6System31SysUnregisterExpectedMemoryLeakEPv
 0005:00000078       System.$pdata$_ZN6System32AllocNewSequentialFeedMediumPoolEj
 0005:0000006C       System.$pdata$_ZN6System32BinMediumSequentialFeedRemainderEv
 0005:00000E58       System.$pdata$_ZN6System3PosENS_13UnicodeStringES0_i
 0005:00000E4C       System.$pdata$_ZN6System3PosERKNS_11SmallStringILh255EEES3_i
 0005:00000270       System.$pdata$_ZN6System4MoveEPKvPvx
 0005:00000300       System.$pdata$_ZN6System4_AbsEe
 0005:00000240       System.$pdata$_ZN6System5ErrorENS_13TRuntimeErrorE
 0005:00000390       System.$pdata$_ZN6System5FlushERNS_8TextfileE
 0005:0000000C       System.$pdata$_ZN6System5Move8EPKvPvx
 0005:000014DC       System.$pdata$_ZN6System5TGUID12_op_EqualityERK5_GUIDS3_
 0005:000014E8       System.$pdata$_ZN6System5TGUID14_op_InequalityERK5_GUIDS3_
 0005:0000150C       System.$pdata$_ZN6System5TGUID5EmptyEv
 0005:00001500       System.$pdata$_ZN6System5TGUID6CreateEPKhijb
 0005:000014F4       System.$pdata$_ZN6System5TGUID6CreateEPKvb
 0005:00000D20       System.$pdata$_ZN6System5_CopyERKNS_11SmallStringILh255EEEii
 0005:00000B64       System.$pdata$_ZN6System5_HaltEi
 0005:00000018       System.$pdata$_ZN6System6Move24EPKvPvx
 0005:00000024       System.$pdata$_ZN6System6Move40EPKvPvx
 0005:00000030       System.$pdata$_ZN6System6Move56EPKvPvx
 0005:00000330       System.$pdata$_ZN6System6TextInERNS_8TTextRecE
 0005:000003A8       System.$pdata$_ZN6System6_CloseERNS_8TTextRecE
 0005:0000039C       System.$pdata$_ZN6System6_FlushERNS_8TTextRecE
 0005:00000B58       System.$pdata$_ZN6System6_Halt0Ev
 0005:000002E8       System.$pdata$_ZN6System6_RoundEe
 0005:000002F4       System.$pdata$_ZN6System6_TruncEe
 0005:00000234       System.$pdata$_ZN6System7ErrorAtEhPv
 0005:00000B40       System.$pdata$_ZN6System7ExitDllEPNS_12TInitContextE
 0005:00000540       System.$pdata$_ZN6System7Power10Eei
 0005:00000348       System.$pdata$_ZN6System7TextOutERNS_8TTextRecE
 0005:000007B0       System.$pdata$_ZN6System7TObject10MethodNameEPv
 0005:000005C4       System.$pdata$_ZN6System7TObject11ClassNameIsENS_13UnicodeStringE
 0005:000005DC       System.$pdata$_ZN6System7TObject11ClassParentEv
 0005:000006A8       System.$pdata$_ZN6System7TObject11GetHashCodeEv
 0005:000005F4       System.$pdata$_ZN6System7TObject11NewInstanceEv
 0005:000007C8       System.$pdata$_ZN6System7TObject12FieldAddressENS_13UnicodeStringE
 0005:000007BC       System.$pdata$_ZN6System7TObject12FieldAddressERKNS_11SmallStringILh255EEE
 0005:00000600       System.$pdata$_ZN6System7TObject12FreeInstanceEv
 0005:000006B4       System.$pdata$_ZN6System7TObject12GetInterfaceERK5_GUIDPv
 0005:00000720       System.$pdata$_ZN6System7TObject12InheritsFromEPNS_10TMetaClassE
 0005:00000678       System.$pdata$_ZN6System7TObject12InitInstanceEPv
 0005:000005E8       System.$pdata$_ZN6System7TObject12InstanceSizeEv
 0005:000007A4       System.$pdata$_ZN6System7TObject13MethodAddressENS_13UnicodeStringE
 0005:0000078C       System.$pdata$_ZN6System7TObject13MethodAddressERKNS_11SmallStringILh255EEE
 0005:00000750       System.$pdata$_ZN6System7TObject14DefaultHandlerEPv
 0005:00000684       System.$pdata$_ZN6System7TObject15CleanupInstanceEv
 0005:0000075C       System.$pdata$_ZN6System7TObject17AfterConstructionEv
 0005:00000768       System.$pdata$_ZN6System7TObject17BeforeDestructionEv
 0005:000006CC       System.$pdata$_ZN6System7TObject17GetInterfaceEntryERK5_GUID
 0005:0000066C       System.$pdata$_ZN6System7TObject17GetInterfaceTableEv
 0005:00000738       System.$pdata$_ZN6System7TObject17SafeCallExceptionEPS0_Pv
 0005:000005AC       System.$pdata$_ZN6System7TObject18QualifiedClassNameEv
 0005:00000654       System.$pdata$_ZN6System7TObject4FreeEv
 0005:0000069C       System.$pdata$_ZN6System7TObject6EqualsEPS0_
 0005:00000774       System.$pdata$_ZN6System7TObject8DispatchEPv
 0005:00000744       System.$pdata$_ZN6System7TObject8ToStringEv
 0005:000006D8       System.$pdata$_ZN6System7TObject8UnitNameEv
 0005:0000072C       System.$pdata$_ZN6System7TObject9ClassInfoEv
 0005:000005A0       System.$pdata$_ZN6System7TObject9ClassNameEv
 0005:00000594       System.$pdata$_ZN6System7TObject9ClassTypeEv
 0005:0000060C       System.$pdata$_ZN6System7TObject9CPP_ABI_1Ev
 0005:00000618       System.$pdata$_ZN6System7TObject9CPP_ABI_2Ev
 0005:00000624       System.$pdata$_ZN6System7TObject9CPP_ABI_3Ev
 0005:00000660       System.$pdata$_ZN6System7TObject9DisposeOfEv
 0005:000006E4       System.$pdata$_ZN6System7TObject9UnitScopeEv
 0005:00000630       System.$pdata$_ZN6System7TObjectC3Ev
 0005:00000648       System.$pdata$_ZN6System7TObjectD0Ev
 0005:000001C8       System.$pdata$_ZN6System7_GetMemEx
 0005:00000E94       System.$pdata$_ZN6System7_VarClrER8TVarData
 0005:00000558       System.$pdata$_ZN6System8GetCPUIDEjj
 0005:000002B8       System.$pdata$_ZN6System8GetMXCSREv
 0005:00000264       System.$pdata$_ZN6System8IOResultEv
 0005:00000318       System.$pdata$_ZN6System8OpenTextERNS_8TTextRecEt
 0005:000004F8       System.$pdata$_ZN6System8ScaleExtERe
 0005:00000378       System.$pdata$_ZN6System8TextOpenERNS_8TTextRecE
 0005:00000900       System.$pdata$_ZN6System8TMonitor10GetMonitorEPNS_7TObjectE
 0005:0000093C       System.$pdata$_ZN6System8TMonitor11QueueWaiterERNS0_14TWaitingThreadE
 0005:00000954       System.$pdata$_ZN6System8TMonitor12RemoveWaiterERNS0_14TWaitingThreadE
 0005:0000096C       System.$pdata$_ZN6System8TMonitor12SetSpinCountEPNS_7TObjectEi
 0005:000008AC       System.$pdata$_ZN6System8TMonitor13DequeueWaiterEv
 0005:000008F4       System.$pdata$_ZN6System8TMonitor15GetFieldAddressEPNS_7TObjectE
 0005:00000840       System.$pdata$_ZN6System8TMonitor16GetCacheLineSizeEv
 0005:00000864       System.$pdata$_ZN6System8TMonitor17CheckOwningThreadEv
 0005:00000858       System.$pdata$_ZN6System8TMonitor19CheckMonitorSupportEv
 0005:000008DC       System.$pdata$_ZN6System8TMonitor4ExitEPNS_7TObjectE
 0005:000008D0       System.$pdata$_ZN6System8TMonitor4ExitEv
 0005:00000834       System.$pdata$_ZN6System8TMonitor4SpinEi
 0005:000009A8       System.$pdata$_ZN6System8TMonitor4WaitEPNS_7TObjectEj
 0005:000009B4       System.$pdata$_ZN6System8TMonitor4WaitEPNS_7TObjectES2_j
 0005:00000990       System.$pdata$_ZN6System8TMonitor4WaitEPS0_j
 0005:000008C4       System.$pdata$_ZN6System8TMonitor5EnterEj
 0005:00000894       System.$pdata$_ZN6System8TMonitor5EnterEPNS_7TObjectE
 0005:000008A0       System.$pdata$_ZN6System8TMonitor5EnterEPNS_7TObjectEj
 0005:00000918       System.$pdata$_ZN6System8TMonitor5PulseEPNS_7TObjectE
 0005:0000090C       System.$pdata$_ZN6System8TMonitor5PulseEv
 0005:00000870       System.$pdata$_ZN6System8TMonitor6CreateEv
 0005:0000087C       System.$pdata$_ZN6System8TMonitor7DestroyEPNS_7TObjectE
 0005:00000888       System.$pdata$_ZN6System8TMonitor7DestroyEv
 0005:000008E8       System.$pdata$_ZN6System8TMonitor8GetEventEv
 0005:00000930       System.$pdata$_ZN6System8TMonitor8PulseAllEPNS_7TObjectE
 0005:00000924       System.$pdata$_ZN6System8TMonitor8PulseAllEv
 0005:00000978       System.$pdata$_ZN6System8TMonitor8TryEnterEPNS_7TObjectE
 0005:00000984       System.$pdata$_ZN6System8TMonitor8TryEnterEv
 0005:00000828       System.$pdata$_ZN6System8TMonitor9TSpinLock4ExitEv
 0005:0000081C       System.$pdata$_ZN6System8TMonitor9TSpinLock5EnterEv
 0005:00000810       System.$pdata$_ZN6System8TMonitor9TSpinWait9SpinCycleEv
 0005:000006FC       System.$pdata$_ZN6System8_AsClassEPNS_7TObjectEPNS_10TMetaClassE
 0005:00000D08       System.$pdata$_ZN6System8_AStrCmpEPKcS1_x
 0005:00000EF4       System.$pdata$_ZN6System8_DisposeEPvS0_
 0005:0000057C       System.$pdata$_ZN6System8_FpuInitEv
 0005:000001D4       System.$pdata$_ZN6System8_FreeMemEPv
 0005:00000588       System.$pdata$_ZN6System8_IntOverEv
 0005:000006F0       System.$pdata$_ZN6System8_IsClassEPNS_7TObjectEPNS_10TMetaClassE
 0005:00000C90       System.$pdata$_ZN6System8_LStrAsgERNS_11AnsiStringTILt0EEES1_
 0005:00000BB8       System.$pdata$_ZN6System8_LStrClrEPv
 0005:00000CA8       System.$pdata$_ZN6System8_LStrLenENS_11AnsiStringTILt65535EEE
 0005:00000528       System.$pdata$_ZN6System8_Str2ExtEeii
 0005:000003C0       System.$pdata$_ZN6System8_StrLongEii
 0005:00000C6C       System.$pdata$_ZN6System8_UStrAsgERNS_13UnicodeStringES0_
 0005:00000E04       System.$pdata$_ZN6System8_UStrCatERNS_13UnicodeStringES0_
 0005:00000BAC       System.$pdata$_ZN6System8_UStrClrEPv
 0005:00000E28       System.$pdata$_ZN6System8_UStrCmpENS_13UnicodeStringES0_
 0005:00000C9C       System.$pdata$_ZN6System8_UStrLenENS_13UnicodeStringE
 0005:000003CC       System.$pdata$_ZN6System8_ValLongENS_13UnicodeStringERi
 0005:00000EB8       System.$pdata$_ZN6System8_VarCopyER8TVarDataRKS0_
 0005:000004EC       System.$pdata$_ZN6System8_WriteLnERNS_8TTextRecE
 0005:00000C84       System.$pdata$_ZN6System8_WStrAsgERNS_10WideStringES0_
 0005:00000BC4       System.$pdata$_ZN6System8_WStrClrEPv
 0005:0000024C       System.$pdata$_ZN6System8__IOTestEv
 0005:000002A0       System.$pdata$_ZN6System9Get8087CWEv
 0005:00000A98       System.$pdata$_ZN6System9InitUnitsEv
 0005:00000EE8       System.$pdata$_ZN6System9MoveArrayEPvS0_S0_x
 0005:0000003C       System.$pdata$_ZN6System9MoveX16LPEPKvPvx
 0005:000000B4       System.$pdata$_ZN6System9SysGetMemEx
 0005:00000360       System.$pdata$_ZN6System9TextCloseERNS_8TTextRecE
 0005:0000126C       System.$pdata$_ZN6System9TInstItem11RegisterRefERNS_11StaticArrayINS_12DynamicArrayIPPvEELi31EEES3_
 0005:00001230       System.$pdata$_ZN6System9TInstItem13ClearWeakRefsEv
 0005:00001284       System.$pdata$_ZN6System9TInstItem13UnregisterRefERNS_11StaticArrayINS_12DynamicArrayIPPvEELi31EEES3_
 0005:0000129C       System.$pdata$_ZN6System9TInstItem15RegisterWeakRefEPv
 0005:000012A8       System.$pdata$_ZN6System9TInstItem17UnregisterWeakRefEPv
 0005:000012B4       System.$pdata$_ZN6System9TInstItem21RegisterWeakMethodRefEPv
 0005:000012C0       System.$pdata$_ZN6System9TInstItem23UnregisterWeakMethodRefEPv
 0005:00001260       System.$pdata$_ZN6System9TInstItem4FreeEv
 0005:0000123C       System.$pdata$_ZN6System9TInstItem4LockEv
 0005:00001224       System.$pdata$_ZN6System9TInstItem6CreateEv
 0005:00001248       System.$pdata$_ZN6System9TInstItem6UnlockEv
 0005:00001254       System.$pdata$_ZN6System9TInstItem7DestroyEv
 0005:00000BA0       System.$pdata$_ZN6System9WStrErrorEv
 0005:000003B4       System.$pdata$_ZN6System9_FillCharEPvxc
 0005:00000EAC       System.$pdata$_ZN6System9_FinalizeEPvS0_
 0005:0000054C       System.$pdata$_ZN6System9_GetCPUIDEjj
 0005:000011F4       System.$pdata$_ZN6System9_IntfCastERNS_15DelphiInterfaceINS_10IInterfaceEEES2_RK5_GUID
 0005:000011E8       System.$pdata$_ZN6System9_IntfCopyERNS_15DelphiInterfaceINS_10IInterfaceEEES2_
 0005:00000CB4       System.$pdata$_ZN6System9_PCharLenEPc
 0005:00000D14       System.$pdata$_ZN6System9_PStrNCpyEPNS_11SmallStringILh255EEES2_h
 0005:00000B70       System.$pdata$_ZN6System9_RunErrorEh
 0005:00000AB0       System.$pdata$_ZN6System9_StartExeEPNS_16PackageInfoTableEPNS_10TLibModuleE
 0005:00000F24       System.$pdata$_ZN6System9_StrInt64Exi
 0005:00000E10       System.$pdata$_ZN6System9_UStrCat3ERNS_13UnicodeStringES0_S0_
 0005:00000E1C       System.$pdata$_ZN6System9_UStrCatNERNS_13UnicodeStringEi
 0005:00000E40       System.$pdata$_ZN6System9_UStrCopyENS_13UnicodeStringEii
 0005:00000C78       System.$pdata$_ZN6System9_UStrLAsgERNS_13UnicodeStringES0_
 0005:00000510       System.$pdata$_ZZN6System10EmitDigitsEeiPhRiE11GetBcdBytesPve
 0005:00000408       System.$pdata$_ZZN6System11_Write0CharERNS_8TTextRecEcE26WriteUnicodeFromMBCSBufferPv
 0005:00000138       System.$pdata$_ZZN6System14GetObjectClassEPvE17IsValidVMTAddressS0_S0_
 0005:00000144       System.$pdata$_ZZN6System14GetObjectClassEPvE20InternalIsValidClassS0_S0_i
 0005:00001020       System.$pdata$_ZZN6System14GetUILanguagesEtE13LastHyphenPosPvNS_13UnicodeStringE
 0005:00001074       System.$pdata$_ZZN6System14GetUILanguagesEtE17ThreadUILanguagesPvRi
 0005:00001038       System.$pdata$_ZZN6System14GetUILanguagesEtE23ConvertResToUILanguagesPvPc
 0005:00001080       System.$pdata$_ZZN6System14GetUILanguagesEtE24GetPreferredLangForNewOSPvt
 0005:00001050       System.$pdata$_ZZN6System14GetUILanguagesEtE24GetPreferredLangForOldOSPvt
 0005:00001068       System.$pdata$_ZZN6System14GetUILanguagesEtE26CheckDifferentLanguageListPvPwS1_i
 0005:00000180       System.$pdata$_ZZN6System18ScanForMemoryLeaksEvE27CheckSmallBlockPoolForLeaksPvPNS_21TSmallBlockPoolHeaderE
 0005:0000111C       System.$pdata$_ZZN6System21GetResourceModuleNameENS_13UnicodeStringES0_E16LoadLanguageListPvS0_S0_
 0005:00001104       System.$pdata$_ZZN6System21GetResourceModuleNameENS_13UnicodeStringES0_E16ResouceDLLExistsPvS0_
 0005:00001134       System.$pdata$_ZZN6System21GetResourceModuleNameENS_13UnicodeStringES0_E18Load3LettersModulePvS0_
 0005:000010B0       System.$pdata$_ZZN6System25InternalGetLocaleOverrideENS_13UnicodeStringEE10ToLongPathPvPwi
 0005:000010A4       System.$pdata$_ZZN6System25InternalGetLocaleOverrideENS_13UnicodeStringEE6FindBSPvPw
 0001:000024F0       System.$thunk_GetLogicalProcessorInformation
 0001:000023C0       System.$thunk_MessageBoxA
 0002:000014CC       System.$unwind$_ZN6System10EmitDigitsEeiPhRi
 0002:00000E60       System.$unwind$_ZN6System10ExceptAddrEv
 0002:000000B0       System.$unwind$_ZN6System10GetCmdShowEv
 0002:00001F58       System.$unwind$_ZN6System10MoveRecordEPvS0_S0_
 0002:00000E70       System.$unwind$_ZN6System10RunErrorAtEiPv
 0002:000024D0       System.$unwind$_ZN6System10StringCopyEPwiS0_
 0002:00000D00       System.$unwind$_ZN6System10SysFreeMemEPv
 0002:00000EEC       System.$unwind$_ZN6System10TDoubleRec11SpecialTypeEv
 0002:00000EE0       System.$unwind$_ZN6System10TDoubleRec16InternalGetWordsEj
 0002:00000EE4       System.$unwind$_ZN6System10TDoubleRec8ExponentEv
 0002:00001F68       System.$unwind$_ZN6System10_CopyArrayEPvS0_S0_y
 0002:000027E4       System.$unwind$_ZN6System10_IntfClearERNS_15DelphiInterfaceINS_10IInterfaceEEE
 0002:00001D70       System.$unwind$_ZN6System10_PWCharLenEPw
 0002:00001DB4       System.$unwind$_ZN6System10_SetLengthEPNS_11SmallStringILh255EEEh
 0002:00001EC4       System.$unwind$_ZN6System10_UStrEqualENS_13UnicodeStringES0_
 0002:0000148C       System.$unwind$_ZN6System10_Write2ExtERNS_8TTextRecEeii
 0002:0000136C       System.$unwind$_ZN6System10_WriteBoolERNS_8TTextRecEbi
 0002:0000137C       System.$unwind$_ZN6System10_WriteLongERNS_8TTextRecEii
 0002:00000F24       System.$unwind$_ZN6System11FileNOPProcEPv
 0002:00002BA4       System.$unwind$_ZN6System11GetCPUCountEv
 0002:000014B8       System.$unwind$_ZN6System11RoundDigitsEPhi
 0002:00000E9C       System.$unwind$_ZN6System11SetInOutResEi
 0002:00000D30       System.$unwind$_ZN6System11ShowMessageEPcS0_
 0002:00000D24       System.$unwind$_ZN6System11SysAllocMemEx
 0002:0000291C       System.$unwind$_ZN6System11TInstBucket10InitializeEv
 0002:000028EC       System.$unwind$_ZN6System11TInstBucket11AddInstItemEiPNS_9TInstItemE
 0002:00002900       System.$unwind$_ZN6System11TInstBucket12FindInstItemEPvRi
 0002:0000292C       System.$unwind$_ZN6System11TInstBucket14RemoveInstItemEPv
 0002:00002924       System.$unwind$_ZN6System11TInstBucket4LockEv
 0002:0000293C       System.$unwind$_ZN6System11TInstBucket6UnlockEv
 0002:00002910       System.$unwind$_ZN6System11TInstBucket8FinalizeEv
 0002:00001724       System.$unwind$_ZN6System11UTF8CompareERKNS_11SmallStringILh255EEES3_
 0002:00001F48       System.$unwind$_ZN6System11_CopyRecordEPvS0_S0_
 0002:00001A84       System.$unwind$_ZN6System11_DoneExceptEv
 0002:00002810       System.$unwind$_ZN6System11_IntfAddRefENS_15DelphiInterfaceINS_10IInterfaceEEE
 0002:00001A68       System.$unwind$_ZN6System11_RaiseAgainEv
 0002:00000E10       System.$unwind$_ZN6System11_ReallocMemERPvx
 0002:00000F14       System.$unwind$_ZN6System11_RewritTextERNS_8TTextRecE
 0002:00001CB0       System.$unwind$_ZN6System11_UStrAddRefEPv
 0002:00001374       System.$unwind$_ZN6System11_Write0BoolERNS_8TTextRecEb
 0002:00001360       System.$unwind$_ZN6System11_Write0CharERNS_8TTextRecEc
 0002:0000138C       System.$unwind$_ZN6System11_Write0LongERNS_8TTextRecEi
 0002:000012F0       System.$unwind$_ZN6System11_WriteBytesERNS_8TTextRecEPKvi
 0002:00001FBC       System.$unwind$_ZN6System11_WriteInt64ERNS_8TTextRecExi
 0002:00000E58       System.$unwind$_ZN6System12ExceptObjectEv
 0002:00002BD8       System.$unwind$_ZN6System12FinalizationEv
 0002:00000EBC       System.$unwind$_ZN6System12FRaiseExceptEjb
 0002:000019D4       System.$unwind$_ZN6System12NotifyExceptEy
 0002:00001EE8       System.$unwind$_ZN6System12StringOfCharEwi
 0002:00002974       System.$unwind$_ZN6System12TInstHashMap10InitializeEv
 0002:00002954       System.$unwind$_ZN6System12TInstHashMap11NewInstItemEPv
 0002:0000295C       System.$unwind$_ZN6System12TInstHashMap11PopInstItemEv
 0002:00002948       System.$unwind$_ZN6System12TInstHashMap12FreeInstItemEPNS_9TInstItemE
 0002:00002A94       System.$unwind$_ZN6System12TInstHashMap12IsRegisteredEPv
 0002:000029D4       System.$unwind$_ZN6System12TInstHashMap15RegisterWeakRefEPvS1_
 0002:00002A04       System.$unwind$_ZN6System12TInstHashMap17UnregisterWeakRefEPvS1_
 0002:00002A34       System.$unwind$_ZN6System12TInstHashMap21RegisterWeakMethodRefEPvS1_
 0002:00002944       System.$unwind$_ZN6System12TInstHashMap22AddressAndTagToRawDataEPKvy
 0002:00002A64       System.$unwind$_ZN6System12TInstHashMap23UnregisterWeakMethodRefEPvS1_
 0002:000029A4       System.$unwind$_ZN6System12TInstHashMap7DestroyEPv
 0002:00002968       System.$unwind$_ZN6System12TInstHashMap8FinalizeEv
 0002:00001D9C       System.$unwind$_ZN6System12UniqueStringERNS_13UnicodeStringE
 0002:00002B7C       System.$unwind$_ZN6System12UTF8ToStringERKNS_11SmallStringILh255EEE
 0002:00001788       System.$unwind$_ZN6System12_ClassCreateEPva
 0002:0000207C       System.$unwind$_ZN6System12_DynArrayAsgERPvS0_S0_
 0002:00001BE0       System.$unwind$_ZN6System12_InitImportsEPv
 0002:000016E4       System.$unwind$_ZN6System12_IntfAsClassENS_15DelphiInterfaceINS_10IInterfaceEEEPNS_10TMetaClassE
 0002:00001DD8       System.$unwind$_ZN6System12_LStrToPCharENS_11AnsiStringTILt0EEE
 0002:00001A5C       System.$unwind$_ZN6System12_RaiseExceptEPNS_7TObjectE
 0002:00001FCC       System.$unwind$_ZN6System12_Write0Int64ERNS_8TTextRecEx
 0002:0000145C       System.$unwind$_ZN6System12_Write0WCharERNS_8TTextRecEw
 0002:00001300       System.$unwind$_ZN6System12_WriteSpacesERNS_8TTextRecEi
 0002:00001394       System.$unwind$_ZN6System12_WriteStringERNS_8TTextRecERKNS_11SmallStringILh255EEEi
 0002:00001FD4       System.$unwind$_ZN6System12_WriteUInt64ERNS_8TTextRecEyi
 0002:00001CBC       System.$unwind$_ZN6System13CharFromWCharEPciPKwi
 0002:00001CB4       System.$unwind$_ZN6System13CharFromWCharEPciPKwii
 0002:00001F90       System.$unwind$_ZN6System13FinalizeArrayEPvS0_y
 0002:00001A9C       System.$unwind$_ZN6System13FinalizeUnitsEv
 0002:00000DF0       System.$unwind$_ZN6System13FreeAllMemoryEv
 0002:000016F0       System.$unwind$_ZN6System13GetDynaMethodEPNS_10TMetaClassEs
 0002:00000F34       System.$unwind$_ZN6System13InternalCloseEy
 0002:00000F5C       System.$unwind$_ZN6System13InternalFlushERNS_8TTextRecEPFiS1_E
 0002:00002B84       System.$unwind$_ZN6System13LoadResStringEPNS_13TResStringRecE
 0002:000019C0       System.$unwind$_ZN6System13NotifyReRaiseEPNS_7TObjectEPv
 0002:00002000       System.$unwind$_ZN6System13SysHasWeakRefEPKv
 0002:00000D10       System.$unwind$_ZN6System13SysReallocMemEPvx
 0002:00002B28       System.$unwind$_ZN6System13UnicodeToUtf8EPcjPwj
 0002:00002B34       System.$unwind$_ZN6System13Utf8ToUnicodeEPwjPcj
 0002:00001CC4       System.$unwind$_ZN6System13WCharFromCharEPwiPKcii
 0002:00001790       System.$unwind$_ZN6System13_ClassDestroyEPNS_7TObjectE
 0002:00002058       System.$unwind$_ZN6System13_DynArrayCopyERPvS0_S0_
 0002:00002AF8       System.$unwind$_ZN6System13_IntfWeakCopyERNS_15DelphiInterfaceINS_10IInterfaceEEES2_
 0002:00001C94       System.$unwind$_ZN6System13_LStrArrayClrEPvi
 0002:00001DF4       System.$unwind$_ZN6System13_LStrFromUStrERNS_11AnsiStringTILt0EEENS_13UnicodeStringEt
 0002:00001C88       System.$unwind$_ZN6System13_UStrArrayClrEPvi
 0002:00001E4C       System.$unwind$_ZN6System13_UStrFromLStrERNS_13UnicodeStringENS_11AnsiStringTILt0EEE
 0002:00001E1C       System.$unwind$_ZN6System13_UStrToPWCharENS_13UnicodeStringE
 0002:00001E5C       System.$unwind$_ZN6System13_UStrToStringEPNS_11SmallStringILh255EEENS_13UnicodeStringEi
 0002:00001FE4       System.$unwind$_ZN6System13_Write0UInt64ERNS_8TTextRecEy
 0002:000013F4       System.$unwind$_ZN6System13_WriteLStringERNS_8TTextRecENS_11AnsiStringTILt0EEEi
 0002:0000142C       System.$unwind$_ZN6System13_WriteUStringERNS_8TTextRecENS_13UnicodeStringEi
 0002:00001CA0       System.$unwind$_ZN6System13_WStrArrayClrEPvi
 0002:00001E54       System.$unwind$_ZN6System13_WStrFromUStrERNS_10WideStringENS_13UnicodeStringE
 0002:00000EC4       System.$unwind$_ZN6System14FGetExceptMaskEj
 0002:00000CC8       System.$unwind$_ZN6System14FreeLargeBlockEPv
 0002:00000EB0       System.$unwind$_ZN6System14FSetExceptFlagEjj
 0002:00000D90       System.$unwind$_ZN6System14GetObjectClassEPv
 0002:00002590       System.$unwind$_ZN6System14GetUILanguagesEt
 0002:00002C04       System.$unwind$_ZN6System14initializationEv
 0002:00001B1C       System.$unwind$_ZN6System14LoadResStringAEPNS_13TResStringRecEt
 0002:00001B7C       System.$unwind$_ZN6System14LoadResStringUEPNS_13TResStringRecE
 0002:00001B4C       System.$unwind$_ZN6System14LoadResStringWEPNS_13TResStringRecE
 0002:000019DC       System.$unwind$_ZN6System14NotifyOnExceptEy
 0002:000027B4       System.$unwind$_ZN6System14RegisterModuleEPNS_10TLibModuleE
 0002:00002070       System.$unwind$_ZN6System14_DynArrayClearERPvS0_
 0002:00001F28       System.$unwind$_ZN6System14_FinalizeArrayEPvS0_y
 0002:00002AEC       System.$unwind$_ZN6System14_IntfWeakClearERNS_15DelphiInterfaceINS_10IInterfaceEEE
 0002:00001DE0       System.$unwind$_ZN6System14_LStrSetLengthERNS_11AnsiStringTILt0EEEit
 0002:00001C54       System.$unwind$_ZN6System14_NewAnsiStringEit
 0002:00001A4C       System.$unwind$_ZN6System14_RaiseAtExceptEPNS_7TObjectEPv
 0002:00001D94       System.$unwind$_ZN6System14_UniqueStringAERNS_11AnsiStringTILt0EEE
 0002:00001D8C       System.$unwind$_ZN6System14_UniqueStringUERNS_13UnicodeStringE
 0002:00001E2C       System.$unwind$_ZN6System14_UStrFromPCharERNS_13UnicodeStringEPc
 0002:00001E24       System.$unwind$_ZN6System14_UStrFromWCharERNS_13UnicodeStringEw
 0002:00001E74       System.$unwind$_ZN6System14_UStrSetLengthERNS_13UnicodeStringEi
 0002:00001E0C       System.$unwind$_ZN6System14_WCharToStringEPNS_11SmallStringILh255EEEwi
 0002:000013C4       System.$unwind$_ZN6System14_Write0LStringERNS_8TTextRecENS_11AnsiStringTILt0EEE
 0002:00001424       System.$unwind$_ZN6System14_Write0UStringERNS_8TTextRecENS_13UnicodeStringE
 0002:0000152C       System.$unwind$_ZN6System15InitializeCPUIDEv
 0002:00000CB0       System.$unwind$_ZN6System15LockLargeBlocksEv
 0002:00000D40       System.$unwind$_ZN6System15NextMediumBlockEPv
 0002:000019E4       System.$unwind$_ZN6System15NotifyAnyExceptEy
 0002:000019F4       System.$unwind$_ZN6System15NotifyTerminateEy
 0002:000019FC       System.$unwind$_ZN6System15NotifyUnhandledEPvS0_
 0002:00002AD0       System.$unwind$_ZN6System15RegisterWeakRefEPvPNS_7TObjectE
 0002:00000F44       System.$unwind$_ZN6System15TextOpenCleanupERNS_8TTextRecE
 0002:00002088       System.$unwind$_ZN6System15_DynArrayAddRefEPv
 0002:00001FEC       System.$unwind$_ZN6System15_DynArrayLengthEPKv
 0002:00001F10       System.$unwind$_ZN6System15_FinalizeRecordEPvS0_
 0002:00001DB8       System.$unwind$_ZN6System15_LStrFromPWCharERNS_11AnsiStringTILt0EEEPwt
 0002:00001DC0       System.$unwind$_ZN6System15_LStrFromStringERNS_11AnsiStringTILt0EEERKNS_11SmallStringILh255EEEt
 0002:00001E38       System.$unwind$_ZN6System15_UStrFromPWCharERNS_13UnicodeStringEPw
 0002:00001E6C       System.$unwind$_ZN6System15_UStrFromStringERNS_13UnicodeStringERKNS_11SmallStringILh255EEE
 0002:00001E44       System.$unwind$_ZN6System15_UStrFromWArrayERNS_13UnicodeStringEPwi
 0002:00001DFC       System.$unwind$_ZN6System16InternalUStrCatNERNS_13UnicodeStringEiPS0_
 0002:0000165C       System.$unwind$_ZN6System16InvokeImplGetterEPNS_7TObjectEy
 0002:00000C8C       System.$unwind$_ZN6System16LockMediumBlocksEv
 0002:00001C00       System.$unwind$_ZN6System16MakeErrorMessageEv
 0002:000012E8       System.$unwind$_ZN6System16TryOpenForOutputERNS_8TTextRecE
 0002:000027B8       System.$unwind$_ZN6System16UnregisterModuleEPNS_10TLibModuleE
 0002:00002AE4       System.$unwind$_ZN6System16_CleanupInstanceEPv
 0002:00001C04       System.$unwind$_ZN6System16_ExitDllLongJumpERNS_17__TExitDllJumpBufEi
 0002:00001F00       System.$unwind$_ZN6System16_InitializeArrayEPvS0_y
 0002:00001FA4       System.$unwind$_ZN6System16_StrUInt64DigitsEyib
 0002:0000200C       System.$unwind$_ZN6System17DynArraySetLengthERPvS0_xPx
 0002:0000262C       System.$unwind$_ZN6System17GetLocaleOverrideENS_13UnicodeStringE
 0002:00000E4C       System.$unwind$_ZN6System17ReleaseRaiseFrameEPNS_11TRaiseFrameE
 0002:0000265C       System.$unwind$_ZN6System17SetLocaleOverrideENS_13UnicodeStringE
 0002:00002ADC       System.$unwind$_ZN6System17UnregisterWeakRefEPvPNS_7TObjectE
 0002:00001C18       System.$unwind$_ZN6System17WriteErrorMessageEv
 0002:00001A74       System.$unwind$_ZN6System17_DestroyExceptionEP18TExceptionPointersy
 0002:00001EF4       System.$unwind$_ZN6System17_InitializeRecordEPvS0_
 0002:00001CE8       System.$unwind$_ZN6System17_LStrFromPCharLenERNS_11AnsiStringTILt0EEEPcit
 0002:00001C4C       System.$unwind$_ZN6System17_NewUnicodeStringEi
 0002:00001D0C       System.$unwind$_ZN6System17_UStrFromPCharLenERNS_13UnicodeStringEPci
 0002:00000F04       System.$unwind$_ZN6System17__FlushMBCSBufferERNS_8TTextRecE
 0002:00000CB8       System.$unwind$_ZN6System18AllocateLargeBlockEy
 0002:00000E3C       System.$unwind$_ZN6System18AllocateRaiseFrameEv
 0002:000024C8       System.$unwind$_ZN6System18FinalizeLocaleDateEv
 0002:00001FF0       System.$unwind$_ZN6System18InternalHasWeakRefEPNS_9TTypeInfoE
 0002:0000272C       System.$unwind$_ZN6System18LoadResourceModuleEPwb
 0002:00002AC4       System.$unwind$_ZN6System18MarkWeakReferencedEPNS_7TObjectE
 0002:00000D4C       System.$unwind$_ZN6System18NativeUIntToStrBufEyPc
 0002:00002778       System.$unwind$_ZN6System18NotifyModuleUnloadEy
 0002:00000DCC       System.$unwind$_ZN6System18ScanForMemoryLeaksEv
 0002:00001798       System.$unwind$_ZN6System18_AfterConstructionEPNS_7TObjectE
 0002:000017D4       System.$unwind$_ZN6System18_BeforeDestructionEPNS_7TObjectEa
 0002:00001F98       System.$unwind$_ZN6System18_DispCallByIDErrorEPvNS_15DelphiInterfaceI9IDispatchEEPNS_9TDispDescES0_
 0002:00002060       System.$unwind$_ZN6System18_DynArrayCopyRangeERPvS0_S0_xx
 0002:0000204C       System.$unwind$_ZN6System18_DynArraySetLengthERPvS0_x
 0002:00001D14       System.$unwind$_ZN6System18_LStrFromPWCharLenERNS_11AnsiStringTILt0EEEPwit
 0002:00001CCC       System.$unwind$_ZN6System18_UStrFromPWCharLenERNS_13UnicodeStringEPwi
 0002:00001CDC       System.$unwind$_ZN6System18_WStrFromPWCharLenERNS_10WideStringEPwi
 0002:00002768       System.$unwind$_ZN6System19AddModuleUnloadProcEPFvyE
 0002:00002818       System.$unwind$_ZN6System19ArrayOfPointerClearEPPv
 0002:0000275C       System.$unwind$_ZN6System19EnumResourceModulesEPFbyPvES0_
 0002:000019EC       System.$unwind$_ZN6System19NotifyExceptFinallyEy
 0002:00002B4C       System.$unwind$_ZN6System19UTF8ToUnicodeStringERKNS_11SmallStringILh255EEE
 0002:00001C40       System.$unwind$_ZN6System19_UnhandledExceptionEv
 0002:00000D5C       System.$unwind$_ZN6System20AppendStringToBufferEPKcS1_j
 0002:000024C0       System.$unwind$_ZN6System20InitializeLocaleDataEv
 0002:00000CDC       System.$unwind$_ZN6System20ReallocateLargeBlockEPvy
 0002:00002BAC       System.$unwind$_ZN6System20SetUTF8CompareLocaleEv
 0002:00000DF8       System.$unwind$_ZN6System21FinalizeMemoryManagerEv
 0002:0000209C       System.$unwind$_ZN6System21FindResourceHInstanceEy
 0002:000026FC       System.$unwind$_ZN6System21GetResourceModuleNameENS_13UnicodeStringES0_
 0002:00001D80       System.$unwind$_ZN6System21InternalUniqueStringAERNS_11AnsiStringTILt0EEE
 0002:00001D74       System.$unwind$_ZN6System21InternalUniqueStringUERNS_13UnicodeStringE
 0002:00000C94       System.$unwind$_ZN6System21RemoveMediumFreeBlockEPNS_16TMediumFreeBlockE
 0002:00000ED0       System.$unwind$_ZN6System21SetMXCSRExceptionFlagEj
 0002:00001BAC       System.$unwind$_ZN6System21_InitResStringImportsEPv
 0002:00000E68       System.$unwind$_ZN6System22AcquireExceptionObjectEv
 0002:00002B94       System.$unwind$_ZN6System22LocaleCharsFromUnicodeEjjPwiPciS1_Pi
 0002:00002770       System.$unwind$_ZN6System22RemoveModuleUnloadProcEPFvyE
 0002:00002B9C       System.$unwind$_ZN6System22UnicodeFromLocaleCharsEjjPciPwi
 0002:0000153C       System.$unwind$_ZN6System22_InitializeControlWordEv
 0002:00000D68       System.$unwind$_ZN6System23AppendClassNameToBufferEPNS_10TMetaClassEPc
 0002:00002820       System.$unwind$_ZN6System23ArrayOfPointerSetLengthEPPvx
 0002:0000208C       System.$unwind$_ZN6System23DelayLoadResourceModuleEPNS_10TLibModuleE
 0002:00000DE8       System.$unwind$_ZN6System23InitializeMemoryManagerEv
 0002:00002B40       System.$unwind$_ZN6System23UTF8EncodeToShortStringENS_13UnicodeStringE
 0002:00001744       System.$unwind$_ZN6System23UTF8ShortStringToStringERKNS_11SmallStringILh255EEE
 0002:00001A18       System.$unwind$_ZN6System23_DelphiExceptionHandlerEPNS_16TExceptionRecordEyPvS2_
 0002:00001A08       System.$unwind$_ZN6System24FindOnExceptionDescEntryEPNS_18TDispatcherContextEPvPNS_8TExcDescE
 0002:00000C98       System.$unwind$_ZN6System24InsertMediumBlockIntoBinEPNS_16TMediumFreeBlockEj
 0002:00001CF8       System.$unwind$_ZN6System24InternalUStrFromPCharLenERNS_13UnicodeStringEPcii
 0002:000019C8       System.$unwind$_ZN6System24NotifyNonDelphiExceptionEPvPNS_8TContextE
 0002:00000DE4       System.$unwind$_ZN6System25BuildBlockTypeLookupTableEv
 0002:00000D44       System.$unwind$_ZN6System25GetFirstMediumBlockInPoolEPNS_22TMediumBlockPoolHeaderE
 0002:000025E0       System.$unwind$_ZN6System25InternalGetLocaleOverrideENS_13UnicodeStringE
 0002:00001BE4       System.$unwind$_ZN6System25_FinalizeResStringImportsEPv
 0002:00000D9C       System.$unwind$_ZN6System27LockExpectedMemoryLeaksListEv
 0002:00000DA4       System.$unwind$_ZN6System29SysRegisterExpectedMemoryLeakEPv
 0002:00000D48       System.$unwind$_ZN6System31GetFirstAndLastSmallBlockInPoolEPNS_21TSmallBlockPoolHeaderERPvS3_
 0002:00000DAC       System.$unwind$_ZN6System31SysUnregisterExpectedMemoryLeakEPv
 0002:00000CA8       System.$unwind$_ZN6System32AllocNewSequentialFeedMediumPoolEj
 0002:00000C9C       System.$unwind$_ZN6System32BinMediumSequentialFeedRemainderEv
 0002:00001EDC       System.$unwind$_ZN6System3PosENS_13UnicodeStringES0_i
 0002:00001ED4       System.$unwind$_ZN6System3PosERKNS_11SmallStringILh255EEES3_i
 0002:00000EAC       System.$unwind$_ZN6System4MoveEPKvPvx
 0002:00000F00       System.$unwind$_ZN6System4_AbsEe
 0002:00000E84       System.$unwind$_ZN6System5ErrorENS_13TRuntimeErrorE
 0002:00000F64       System.$unwind$_ZN6System5FlushERNS_8TextfileE
 0002:00000C78       System.$unwind$_ZN6System5Move8EPKvPvx
 0002:00002BB4       System.$unwind$_ZN6System5TGUID12_op_EqualityERK5_GUIDS3_
 0002:00002BB8       System.$unwind$_ZN6System5TGUID14_op_InequalityERK5_GUIDS3_
 0002:00002BD0       System.$unwind$_ZN6System5TGUID5EmptyEv
 0002:00002BC8       System.$unwind$_ZN6System5TGUID6CreateEPKhijb
 0002:00002BC0       System.$unwind$_ZN6System5TGUID6CreateEPKvb
 0002:00001DB0       System.$unwind$_ZN6System5_CopyERKNS_11SmallStringILh255EEEii
 0002:00001C2C       System.$unwind$_ZN6System5_HaltEi
 0002:00000C7C       System.$unwind$_ZN6System6Move24EPKvPvx
 0002:00000C80       System.$unwind$_ZN6System6Move40EPKvPvx
 0002:00000C84       System.$unwind$_ZN6System6Move56EPKvPvx
 0002:00000F1C       System.$unwind$_ZN6System6TextInERNS_8TTextRecE
 0002:000012B8       System.$unwind$_ZN6System6_CloseERNS_8TTextRecE
 0002:00000F6C       System.$unwind$_ZN6System6_FlushERNS_8TTextRecE
 0002:00001C20       System.$unwind$_ZN6System6_Halt0Ev
 0002:00000EF8       System.$unwind$_ZN6System6_RoundEe
 0002:00000EFC       System.$unwind$_ZN6System6_TruncEe
 0002:00000E78       System.$unwind$_ZN6System7ErrorAtEhPv
 0002:00001C08       System.$unwind$_ZN6System7ExitDllEPNS_12TInitContextE
 0002:00001518       System.$unwind$_ZN6System7Power10Eei
 0002:00000F28       System.$unwind$_ZN6System7TextOutERNS_8TTextRecE
 0002:0000175C       System.$unwind$_ZN6System7TObject10MethodNameEPv
 0002:00001590       System.$unwind$_ZN6System7TObject11ClassNameIsENS_13UnicodeStringE
 0002:000015C4       System.$unwind$_ZN6System7TObject11ClassParentEv
 0002:0000166C       System.$unwind$_ZN6System7TObject11GetHashCodeEv
 0002:000015CC       System.$unwind$_ZN6System7TObject11NewInstanceEv
 0002:00001778       System.$unwind$_ZN6System7TObject12FieldAddressENS_13UnicodeStringE
 0002:00001768       System.$unwind$_ZN6System7TObject12FieldAddressERKNS_11SmallStringILh255EEE
 0002:000015D4       System.$unwind$_ZN6System7TObject12FreeInstanceEv
 0002:00001670       System.$unwind$_ZN6System7TObject12GetInterfaceERK5_GUIDPv
 0002:000016F4       System.$unwind$_ZN6System7TObject12InheritsFromEPNS_10TMetaClassE
 0002:00001644       System.$unwind$_ZN6System7TObject12InitInstanceEPv
 0002:000015C8       System.$unwind$_ZN6System7TObject12InstanceSizeEv
 0002:0000174C       System.$unwind$_ZN6System7TObject13MethodAddressENS_13UnicodeStringE
 0002:00001734       System.$unwind$_ZN6System7TObject13MethodAddressERKNS_11SmallStringILh255EEE
 0002:00001708       System.$unwind$_ZN6System7TObject14DefaultHandlerEPv
 0002:00001650       System.$unwind$_ZN6System7TObject15CleanupInstanceEv
 0002:0000170C       System.$unwind$_ZN6System7TObject17AfterConstructionEv
 0002:00001710       System.$unwind$_ZN6System7TObject17BeforeDestructionEv
 0002:000016A0       System.$unwind$_ZN6System7TObject17GetInterfaceEntryERK5_GUID
 0002:00001640       System.$unwind$_ZN6System7TObject17GetInterfaceTableEv
 0002:000016FC       System.$unwind$_ZN6System7TObject17SafeCallExceptionEPS0_Pv
 0002:00001560       System.$unwind$_ZN6System7TObject18QualifiedClassNameEv
 0002:00001630       System.$unwind$_ZN6System7TObject4FreeEv
 0002:00001668       System.$unwind$_ZN6System7TObject6EqualsEPS0_
 0002:00001714       System.$unwind$_ZN6System7TObject8DispatchEPv
 0002:00001700       System.$unwind$_ZN6System7TObject8ToStringEv
 0002:000016B0       System.$unwind$_ZN6System7TObject8UnitNameEv
 0002:000016F8       System.$unwind$_ZN6System7TObject9ClassInfoEv
 0002:00001558       System.$unwind$_ZN6System7TObject9ClassNameEv
 0002:00001554       System.$unwind$_ZN6System7TObject9ClassTypeEv
 0002:000015DC       System.$unwind$_ZN6System7TObject9CPP_ABI_1Ev
 0002:000015E0       System.$unwind$_ZN6System7TObject9CPP_ABI_2Ev
 0002:000015E4       System.$unwind$_ZN6System7TObject9CPP_ABI_3Ev
 0002:00001638       System.$unwind$_ZN6System7TObject9DisposeOfEv
 0002:000016C0       System.$unwind$_ZN6System7TObject9UnitScopeEv
 0002:000015E8       System.$unwind$_ZN6System7TObjectC3Ev
 0002:00001624       System.$unwind$_ZN6System7TObjectD0Ev
 0002:00000E00       System.$unwind$_ZN6System7_GetMemEx
 0002:00001F20       System.$unwind$_ZN6System7_VarClrER8TVarData
 0002:00001524       System.$unwind$_ZN6System8GetCPUIDEjj
 0002:00000EDC       System.$unwind$_ZN6System8GetMXCSREv
 0002:00000EA4       System.$unwind$_ZN6System8IOResultEv
 0002:00000F08       System.$unwind$_ZN6System8OpenTextERNS_8TTextRecEt
 0002:000014A8       System.$unwind$_ZN6System8ScaleExtERe
 0002:00000F4C       System.$unwind$_ZN6System8TextOpenERNS_8TTextRecE
 0002:000018D0       System.$unwind$_ZN6System8TMonitor10GetMonitorEPNS_7TObjectE
 0002:00001900       System.$unwind$_ZN6System8TMonitor11QueueWaiterERNS0_14TWaitingThreadE
 0002:00001930       System.$unwind$_ZN6System8TMonitor12RemoveWaiterERNS0_14TWaitingThreadE
 0002:00001960       System.$unwind$_ZN6System8TMonitor12SetSpinCountEPNS_7TObjectEi
 0002:00001868       System.$unwind$_ZN6System8TMonitor13DequeueWaiterEv
 0002:000018CC       System.$unwind$_ZN6System8TMonitor15GetFieldAddressEPNS_7TObjectE
 0002:000017F8       System.$unwind$_ZN6System8TMonitor16GetCacheLineSizeEv
 0002:00001830       System.$unwind$_ZN6System8TMonitor17CheckOwningThreadEv
 0002:00001828       System.$unwind$_ZN6System8TMonitor19CheckMonitorSupportEv
 0002:000018B4       System.$unwind$_ZN6System8TMonitor4ExitEPNS_7TObjectE
 0002:000018AC       System.$unwind$_ZN6System8TMonitor4ExitEv
 0002:000017F4       System.$unwind$_ZN6System8TMonitor4SpinEi
 0002:000019A8       System.$unwind$_ZN6System8TMonitor4WaitEPNS_7TObjectEj
 0002:000019B4       System.$unwind$_ZN6System8TMonitor4WaitEPNS_7TObjectES2_j
 0002:00001978       System.$unwind$_ZN6System8TMonitor4WaitEPS0_j
 0002:00001898       System.$unwind$_ZN6System8TMonitor5EnterEj
 0002:00001854       System.$unwind$_ZN6System8TMonitor5EnterEPNS_7TObjectE
 0002:0000185C       System.$unwind$_ZN6System8TMonitor5EnterEPNS_7TObjectEj
 0002:000018E8       System.$unwind$_ZN6System8TMonitor5PulseEPNS_7TObjectE
 0002:000018E0       System.$unwind$_ZN6System8TMonitor5PulseEv
 0002:00001838       System.$unwind$_ZN6System8TMonitor6CreateEv
 0002:00001840       System.$unwind$_ZN6System8TMonitor7DestroyEPNS_7TObjectE
 0002:00001848       System.$unwind$_ZN6System8TMonitor7DestroyEv
 0002:000018BC       System.$unwind$_ZN6System8TMonitor8GetEventEv
 0002:000018F8       System.$unwind$_ZN6System8TMonitor8PulseAllEPNS_7TObjectE
 0002:000018F0       System.$unwind$_ZN6System8TMonitor8PulseAllEv
 0002:00001968       System.$unwind$_ZN6System8TMonitor8TryEnterEPNS_7TObjectE
 0002:00001970       System.$unwind$_ZN6System8TMonitor8TryEnterEv
 0002:000017F0       System.$unwind$_ZN6System8TMonitor9TSpinLock4ExitEv
 0002:000017E4       System.$unwind$_ZN6System8TMonitor9TSpinLock5EnterEv
 0002:000017DC       System.$unwind$_ZN6System8TMonitor9TSpinWait9SpinCycleEv
 0002:000016D8       System.$unwind$_ZN6System8_AsClassEPNS_7TObjectEPNS_10TMetaClassE
 0002:00001DA4       System.$unwind$_ZN6System8_AStrCmpEPKcS1_x
 0002:00001F88       System.$unwind$_ZN6System8_DisposeEPvS0_
 0002:00001544       System.$unwind$_ZN6System8_FpuInitEv
 0002:00000E08       System.$unwind$_ZN6System8_FreeMemEPv
 0002:00001548       System.$unwind$_ZN6System8_IntOverEv
 0002:000016D0       System.$unwind$_ZN6System8_IsClassEPNS_7TObjectEPNS_10TMetaClassE
 0002:00001D50       System.$unwind$_ZN6System8_LStrAsgERNS_11AnsiStringTILt0EEES1_
 0002:00001C74       System.$unwind$_ZN6System8_LStrClrEPv
 0002:00001D68       System.$unwind$_ZN6System8_LStrLenENS_11AnsiStringTILt65535EEE
 0002:000014E0       System.$unwind$_ZN6System8_Str2ExtEeii
 0002:000012C8       System.$unwind$_ZN6System8_StrLongEii
 0002:00001D24       System.$unwind$_ZN6System8_UStrAsgERNS_13UnicodeStringES0_
 0002:00001E88       System.$unwind$_ZN6System8_UStrCatERNS_13UnicodeStringES0_
 0002:00001C6C       System.$unwind$_ZN6System8_UStrClrEPv
 0002:00001EB4       System.$unwind$_ZN6System8_UStrCmpENS_13UnicodeStringES0_
 0002:00001D64       System.$unwind$_ZN6System8_UStrLenENS_13UnicodeStringE
 0002:000012D8       System.$unwind$_ZN6System8_ValLongENS_13UnicodeStringERi
 0002:00001F40       System.$unwind$_ZN6System8_VarCopyER8TVarDataRKS0_
 0002:0000149C       System.$unwind$_ZN6System8_WriteLnERNS_8TTextRecE
 0002:00001D48       System.$unwind$_ZN6System8_WStrAsgERNS_10WideStringES0_
 0002:00001C7C       System.$unwind$_ZN6System8_WStrClrEPv
 0002:00000E90       System.$unwind$_ZN6System8__IOTestEv
 0002:00000ECC       System.$unwind$_ZN6System9Get8087CWEv
 0002:00001AD8       System.$unwind$_ZN6System9InitUnitsEv
 0002:00001F78       System.$unwind$_ZN6System9MoveArrayEPvS0_S0_x
 0002:00000C88       System.$unwind$_ZN6System9MoveX16LPEPKvPvx
 0002:00000CF0       System.$unwind$_ZN6System9SysGetMemEx
 0002:00000F3C       System.$unwind$_ZN6System9TextCloseERNS_8TTextRecE
 0002:0000286C       System.$unwind$_ZN6System9TInstItem11RegisterRefERNS_11StaticArrayINS_12DynamicArrayIPPvEELi31EEES3_
 0002:00002838       System.$unwind$_ZN6System9TInstItem13ClearWeakRefsEv
 0002:0000289C       System.$unwind$_ZN6System9TInstItem13UnregisterRefERNS_11StaticArrayINS_12DynamicArrayIPPvEELi31EEES3_
 0002:000028CC       System.$unwind$_ZN6System9TInstItem15RegisterWeakRefEPv
 0002:000028D4       System.$unwind$_ZN6System9TInstItem17UnregisterWeakRefEPv
 0002:000028DC       System.$unwind$_ZN6System9TInstItem21RegisterWeakMethodRefEPv
 0002:000028E4       System.$unwind$_ZN6System9TInstItem23UnregisterWeakMethodRefEPv
 0002:0000285C       System.$unwind$_ZN6System9TInstItem4FreeEv
 0002:00002844       System.$unwind$_ZN6System9TInstItem4LockEv
 0002:00002830       System.$unwind$_ZN6System9TInstItem6CreateEv
 0002:0000284C       System.$unwind$_ZN6System9TInstItem6UnlockEv
 0002:00002854       System.$unwind$_ZN6System9TInstItem7DestroyEv
 0002:00001C60       System.$unwind$_ZN6System9WStrErrorEv
 0002:000012C4       System.$unwind$_ZN6System9_FillCharEPvxc
 0002:00001F38       System.$unwind$_ZN6System9_FinalizeEPvS0_
 0002:00001520       System.$unwind$_ZN6System9_GetCPUIDEjj
 0002:00002800       System.$unwind$_ZN6System9_IntfCastERNS_15DelphiInterfaceINS_10IInterfaceEEES2_RK5_GUID
 0002:000027F0       System.$unwind$_ZN6System9_IntfCopyERNS_15DelphiInterfaceINS_10IInterfaceEEES2_
 0002:00001D6C       System.$unwind$_ZN6System9_PCharLenEPc
 0002:00001DA8       System.$unwind$_ZN6System9_PStrNCpyEPNS_11SmallStringILh255EEES2_h
 0002:00001C34       System.$unwind$_ZN6System9_RunErrorEh
 0002:00001B14       System.$unwind$_ZN6System9_StartExeEPNS_16PackageInfoTableEPNS_10TLibModuleE
 0002:00001FB4       System.$unwind$_ZN6System9_StrInt64Exi
 0002:00001E98       System.$unwind$_ZN6System9_UStrCat3ERNS_13UnicodeStringES0_S0_
 0002:00001EA8       System.$unwind$_ZN6System9_UStrCatNERNS_13UnicodeStringEi
 0002:00001ECC       System.$unwind$_ZN6System9_UStrCopyENS_13UnicodeStringEii
 0002:00001D38       System.$unwind$_ZN6System9_UStrLAsgERNS_13UnicodeStringES0_
 0002:000014BC       System.$unwind$_ZZN6System10EmitDigitsEeiPhRiE11GetBcdBytesPve
 0002:00001330       System.$unwind$_ZZN6System11_Write0CharERNS_8TTextRecEcE26WriteUnicodeFromMBCSBufferPv
 0002:00000D70       System.$unwind$_ZZN6System14GetObjectClassEPvE17IsValidVMTAddressS0_S0_
 0002:00000D7C       System.$unwind$_ZZN6System14GetObjectClassEPvE20InternalIsValidClassS0_S0_i
 0002:000024D4       System.$unwind$_ZZN6System14GetUILanguagesEtE13LastHyphenPosPvNS_13UnicodeStringE
 0002:0000256C       System.$unwind$_ZZN6System14GetUILanguagesEtE17ThreadUILanguagesPvRi
 0002:00002504       System.$unwind$_ZZN6System14GetUILanguagesEtE23ConvertResToUILanguagesPvPc
 0002:0000257C       System.$unwind$_ZZN6System14GetUILanguagesEtE24GetPreferredLangForNewOSPvt
 0002:00002534       System.$unwind$_ZZN6System14GetUILanguagesEtE24GetPreferredLangForOldOSPvt
 0002:00002568       System.$unwind$_ZZN6System14GetUILanguagesEtE26CheckDifferentLanguageListPvPwS1_i
 0002:00000DB8       System.$unwind$_ZZN6System18ScanForMemoryLeaksEvE27CheckSmallBlockPoolForLeaksPvPNS_21TSmallBlockPoolHeaderE
 0002:00002698       System.$unwind$_ZZN6System21GetResourceModuleNameENS_13UnicodeStringES0_E16LoadLanguageListPvS0_S0_
 0002:00002668       System.$unwind$_ZZN6System21GetResourceModuleNameENS_13UnicodeStringES0_E16ResouceDLLExistsPvS0_
 0002:000026CC       System.$unwind$_ZZN6System21GetResourceModuleNameENS_13UnicodeStringES0_E18Load3LettersModulePvS0_
 0002:000025C8       System.$unwind$_ZZN6System25InternalGetLocaleOverrideENS_13UnicodeStringEE10ToLongPathPvPwi
 0002:000025C0       System.$unwind$_ZZN6System25InternalGetLocaleOverrideENS_13UnicodeStringEE6FindBSPvPw
 0003:00000A28       System..71
 0001:00001248       System..TCustomAttribute
 0001:000005F0       System..TObject
 0001:00001368       System..VolatileAttribute
 0001:00004ED0       System.@Abs
 0001:00007B70       System.@AfterConstruction
 0001:00007660       System.@AsClass
 0001:0000A9B0       System.@AStrCmp
 0001:00007BD0       System.@BeforeDestruction
 0001:00007B30       System.@ClassCreate
 0001:00007B50       System.@ClassDestroy
 0001:00010660       System.@CleanupInstance
 0001:00005470       System.@Close
 0001:0000AA90       System.@Copy
 0001:0000C040       System.@CopyArray
 0001:0000BB10       System.@CopyRecord
 0001:00008AD0       System.@DelphiExceptionHandler
 0001:00009660       System.@DestroyException
 0001:0000C390       System.@DispCallByIDError
 0001:0000C360       System.@Dispose
 0001:00009730       System.@DoneExcept
 0001:0000CDA0       System.@DynArrayAddRef
 0001:0000CD50       System.@DynArrayAsg
 0001:0000CCD0       System.@DynArrayClear
 0001:0000CB40       System.@DynArrayCopy
 0001:0000CB70       System.@DynArrayCopyRange
 0001:0000C570       System.@DynArrayLength
 0001:0000CB00       System.@DynArraySetLength
 0001:00009CF0       System.@ExitDllLongJump
 0001:000054E0       System.@FillChar
 0001:0000BAC0       System.@Finalize
 0001:0000B950       System.@FinalizeArray
 0001:0000B850       System.@FinalizeRecord
 0001:00009BE0       System.@FinalizeResStringImports
 0001:00005450       System.@Flush
 0001:00006E00       System.@FpuInit
 0001:000046A0       System.@FreeMem
 0001:00006D40       System.@GetCPUID
 0001:00004670       System.@GetMem
 0001:0000A040       System.@Halt
 0001:00009EB0       System.@Halt0
 0001:0000B730       System.@InitializeArray
 0001:00006DD0       System.@InitializeControlWord
 0001:0000B6C0       System.@InitializeRecord
 0001:00009B90       System.@InitImports
 0001:00009A40       System.@InitResStringImports
 0001:0000EAB0       System.@IntfAddRef
 0001:00007690       System.@IntfAsClass
 0001:0000EA30       System.@IntfCast
 0001:0000E9A0       System.@IntfClear
 0001:0000E9E0       System.@IntfCopy
 0001:00010690       System.@IntfWeakClear
 0001:000106D0       System.@IntfWeakCopy
 0001:00006E10       System.@IntOver
 0001:00007640       System.@IsClass
 0001:0000A2F0       System.@LStrArrayClr
 0001:0000A7E0       System.@LStrAsg
 0001:0000A230       System.@LStrClr
 0001:0000A4E0       System.@LStrFromPCharLen
 0001:0000AB30       System.@LStrFromPWChar
 0001:0000A620       System.@LStrFromPWCharLen
 0001:0000AB80       System.@LStrFromString
 0001:0000ACE0       System.@LStrFromUStr
 0001:0000A870       System.@LStrLen
 0001:0000AC20       System.@LStrSetLength
 0001:0000ABF0       System.@LStrToPChar
 0001:0000A140       System.@NewAnsiString
 0001:0000A0E0       System.@NewUnicodeString
 0001:0000A880       System.@PCharLen
 0001:0000AA50       System.@PStrNCpy
 0001:0000A8A0       System.@PWCharLen
 0001:00009620       System.@RaiseAgain
 0001:000094E0       System.@RaiseAtExcept
 0001:00009600       System.@RaiseExcept
 0001:000046D0       System.@ReallocMem
 0001:00004F70       System.@RewritText
 0001:00004EB0       System.@Round
 0001:0000A060       System.@RunError
 0001:0000AB20       System.@SetLength
 0001:000098D0       System.@StartExe
 0001:00006680       System.@Str2Ext
 0001:0000C480       System.@StrInt64
 0001:00002480       System.@strlen
 0001:00005630       System.@StrLong
 0001:0000C3B0       System.@StrUInt64Digits
 0001:00004EC0       System.@Trunc
 0001:0000A090       System.@UnhandledException
 0001:0000A990       System.@UniqueStringA
 0001:0000A980       System.@UniqueStringU
 0001:0000A370       System.@UStrAddRef
[...]
 0005:000017DC       System.Character.$pdata$_ZN6System9Character12FinalizationEv
 0005:000017E8       System.Character.$pdata$_ZN6System9Character14initializationEv
 0005:000017F4       System.Internal.ExcUtils.$pdata$_ZN6System8Internal8Excutils12FinalizationEv
 0005:0000180C       System.Internal.ExcUtils.$pdata$_ZN6System8Internal8Excutils14initializationEv
 0005:00001818       System.SysUtils.$pdata$_ZN6System8Sysutils10TLanguagesv04cctrEv
 0005:00001824       System.SysUtils.$pdata$_ZN6System8Sysutils10TOSVersionv04cdtrEv
 0005:00001830       System.SysUtils.$pdata$_ZN6System8Sysutils12ConvertErrorEPNS_13TResStringRecE
 0005:0000183C       System.SysUtils.$pdata$_ZN6System8Sysutils15ConvertErrorFmtEPNS_13TResStringRecEPKNS_7TVarRecEi
 0005:00001848       System.SysUtils.$pdata$_ZN6System8Sysutils10CompareStrENS_13UnicodeStringES1_
 0005:00001854       System.SysUtils.$pdata$_ZN6System8Sysutils11CompareTextENS_13UnicodeStringES1_
 0005:00001860       System.SysUtils.$pdata$_ZN6System8Sysutils13AnsiUpperCaseENS_13UnicodeStringE
 0005:0000186C       System.SysUtils.$pdata$_ZN6System8Sysutils13AnsiLowerCaseENS_13UnicodeStringE
 0005:00001878       System.SysUtils.$pdata$_ZN6System8Sysutils11_IntToStr32Ejb
 0005:00001884       System.SysUtils.$pdata$_ZN6System8Sysutils11_IntToStr64Eyb
 0005:00001890       System.SysUtils.$pdata$_ZN6System8Sysutils8IntToStrEi
 0005:0000189C       System.SysUtils.$pdata$_ZN6System8Sysutils8IntToStrEx
 0005:000018A8       System.SysUtils.$pdata$_ZN6System8Sysutils9UIntToStrEj
 0005:000018B4       System.SysUtils.$pdata$_ZN6System8Sysutils9UIntToStrEy
 0005:000018C0       System.SysUtils.$pdata$_ZN6System8Sysutils18_UInt32ToHexStringEjiiw
 0005:000018D8       System.SysUtils.$pdata$_ZN6System8Sysutils18_UInt64ToHexStringEyiiw
 0005:000018F0       System.SysUtils.$pdata$_ZN6System8Sysutils12_UIntToHex32Eji
 0005:000018FC       System.SysUtils.$pdata$_ZN6System8Sysutils12_UIntToHex64Eyi
 0005:00001908       System.SysUtils.$pdata$_ZN6System8Sysutils8IntToHexEii
 0005:00001914       System.SysUtils.$pdata$_ZN6System8Sysutils8IntToHexExi
 0005:00001920       System.SysUtils.$pdata$_ZN6System8Sysutils8StrToIntENS_13UnicodeStringE
 0005:0000192C       System.SysUtils.$pdata$_ZN6System8Sysutils11StrToIntDefENS_13UnicodeStringEi
 0005:00001938       System.SysUtils.$pdata$_ZN6System8Sysutils11TryStrToIntENS_13UnicodeStringERi
 0005:00001944       System.SysUtils.$pdata$_ZN6System8Sysutils17EnumStringModulesEyPv
 0005:00001950       System.SysUtils.$pdata$_ZN6System8Sysutils18FindStringResourceEy
 0005:00001968       System.SysUtils.$pdata$_ZN6System8Sysutils7LoadStrEy
 0005:00001974       System.SysUtils.$pdata$_ZN6System8Sysutils15ExtractFileNameENS_13UnicodeStringE
 0005:00001980       System.SysUtils.$pdata$_ZN6System8Sysutils26BackfillGetDiskFreeSpaceExEPwRxS2_Px
 0005:0000198C       System.SysUtils.$pdata$_ZN6System8Sysutils6StrEndEPKw
 0005:00001998       System.SysUtils.$pdata$_ZN6System8Sysutils7StrMoveEPwPKwj
 0005:000019A4       System.SysUtils.$pdata$_ZN6System8Sysutils8StrLCopyEPwPKwj
 0005:000019B0       System.SysUtils.$pdata$_ZN6System8Sysutils8StrRScanEPKww
 0005:000019BC       System.SysUtils.$pdata$_ZN6System8Sysutils6StrPosEPKwS2_
 0005:000019C8       System.SysUtils.$pdata$_ZN6System8Sysutils11FormatErrorEiPwj
 0005:000019D4       System.SysUtils.$pdata$_ZN6System8Sysutils9FormatBufEPwjPKvjPKNS_7TVarRecEiRKNS0_15TFormatSettingsE
 0005:000019E0       System.SysUtils.$pdata$_ZN6System8Sysutils7StrLFmtEPwjS1_PKNS_7TVarRecEi
 0005:000019EC       System.SysUtils.$pdata$_ZN6System8Sysutils7StrLFmtEPwjS1_PKNS_7TVarRecEiRKNS0_15TFormatSettingsE
 0005:000019F8       System.SysUtils.$pdata$_ZN6System8Sysutils6FormatENS_13UnicodeStringEPKNS_7TVarRecEi
 0005:00001A04       System.SysUtils.$pdata$_ZN6System8Sysutils6FormatENS_13UnicodeStringEPKNS_7TVarRecEiRKNS0_15TFormatSettingsE
 0005:00001A10       System.SysUtils.$pdata$_ZN6System8Sysutils6FmtStrERNS_13UnicodeStringES1_PKNS_7TVarRecEiRKNS0_15TFormatSettingsE
 0005:00001A1C       System.SysUtils.$pdata$_ZZN6System8Sysutils13WideFormatBufEPvjPKvjPKNS_7TVarRecEiRKNS0_15TFormatSettingsEE10ApplyWidthS1_ii
 0005:00001A28       System.SysUtils.$pdata$_ZZN6System8Sysutils13WideFormatBufEPvjPKvjPKNS_7TVarRecEiRKNS0_15TFormatSettingsEE6AddBufS1_PKwii
 0005:00001A34       System.SysUtils.$pdata$_ZZN6System8Sysutils13WideFormatBufEPvjPKvjPKNS_7TVarRecEiRKNS0_15TFormatSettingsEE22VariantToUnicodeStringS1_RK8TVarData
 0005:00001A40       System.SysUtils.$pdata$_ZN6System8Sysutils13WideFormatBufEPvjPKvjPKNS_7TVarRecEiRKNS0_15TFormatSettingsE
 0005:00001A58       System.SysUtils.$pdata$_ZZN6System8Sysutils19InternalFloatToTextEPhbPKvNS0_11TFloatValueENS0_12TFloatFormatEiiRKNS0_15TFormatSettingsEE10AppendCharPvw
 0005:00001A64       System.SysUtils.$pdata$_ZZN6System8Sysutils19InternalFloatToTextEPhbPKvNS0_11TFloatValueENS0_12TFloatFormatEiiRKNS0_15TFormatSettingsEE12AppendStringPvNS_13UnicodeStringE
 0005:00001A70       System.SysUtils.$pdata$_ZZN6System8Sysutils19InternalFloatToTextEPhbPKvNS0_11TFloatValueENS0_12TFloatFormatEiiRKNS0_15TFormatSettingsEE8GetDigitPv
 0005:00001A7C       System.SysUtils.$pdata$_ZZN6System8Sysutils19InternalFloatToTextEPhbPKvNS0_11TFloatValueENS0_12TFloatFormatEiiRKNS0_15TFormatSettingsEE12FormatNumberPv
 0005:00001A88       System.SysUtils.$pdata$_ZZN6System8Sysutils19InternalFloatToTextEPhbPKvNS0_11TFloatValueENS0_12TFloatFormatEiiRKNS0_15TFormatSettingsEE14FormatExponentPv
 0005:00001AA0       System.SysUtils.$pdata$_ZN6System8Sysutils19InternalFloatToTextEPhbPKvNS0_11TFloatValueENS0_12TFloatFormatEiiRKNS0_15TFormatSettingsE
 0005:00001AB8       System.SysUtils.$pdata$_ZN6System8Sysutils11FloatToTextEPwPKvNS0_11TFloatValueENS0_12TFloatFormatEiiRKNS0_15TFormatSettingsE
 0005:00001AC4       System.SysUtils.$pdata$_ZZN6System8Sysutils14FloatToDecimalERNS0_9TFloatRecEPKvNS0_11TFloatValueEiiE11GetBcdBytesPve
 0005:00001AD0       System.SysUtils.$pdata$_ZZN6System8Sysutils14FloatToDecimalERNS0_9TFloatRecEPKvNS0_11TFloatValueEiiE12ExtToDecimalPve
 0005:00001ADC       System.SysUtils.$pdata$_ZZN6System8Sysutils14FloatToDecimalERNS0_9TFloatRecEPKvNS0_11TFloatValueEiiE13CurrToDecimalPvNS_8CurrencyE
 0005:00001AF4       System.SysUtils.$pdata$_ZN6System8Sysutils14FloatToDecimalERNS0_9TFloatRecEPKvNS0_11TFloatValueEii
 0005:00001B00       System.SysUtils.$pdata$_ZN6System8Sysutils17ValidateTimeStampENS0_10TTimeStampE
 0005:00001B0C       System.SysUtils.$pdata$_ZN6System8Sysutils19TimeStampToDateTimeENS0_10TTimeStampE
 0005:00001B18       System.SysUtils.$pdata$_ZN6System8Sysutils13TryEncodeTimeEttttRNS_9TDateTimeE
 0005:00001B24       System.SysUtils.$pdata$_ZN6System8Sysutils10EncodeTimeEtttt
 0005:00001B30       System.SysUtils.$pdata$_ZN6System8Sysutils10IsLeapYearEt
 0005:00001B3C       System.SysUtils.$pdata$_ZN6System8Sysutils13TryEncodeDateEtttRNS_9TDateTimeE
 0005:00001B48       System.SysUtils.$pdata$_ZN6System8Sysutils10EncodeDateEttt
 0005:00001B54       System.SysUtils.$pdata$_ZN6System8Sysutils3NowEv
 0005:00001B60       System.SysUtils.$pdata$_ZN6System8Sysutils12GetLocaleStrEiiNS_13UnicodeStringE
 0005:00001B6C       System.SysUtils.$pdata$_ZN6System8Sysutils13GetLocaleCharEiiw
 0005:00001B78       System.SysUtils.$pdata$_ZN6System8Sysutils15TFormatSettings6CreateEj
 0005:00001B90       System.SysUtils.$pdata$_ZN6System8Sysutils15TFormatSettings6CreateENS_13UnicodeStringE
 0005:00001BA8       System.SysUtils.$pdata$_ZN6System8Sysutils15TFormatSettings6CreateEv
 0005:00001BB4       System.SysUtils.$pdata$_ZN6System8Sysutils15TFormatSettings9InvariantEv
 0005:00001BC0       System.SysUtils.$pdata$_ZN6System8Sysutils15TFormatSettings16AdjustLocaleNameENS_13UnicodeStringES2_
 0005:00001BCC       System.SysUtils.$pdata$_ZN6System8Sysutils15TFormatSettings11GetDayNamesEjRS1_
 0005:00001BE4       System.SysUtils.$pdata$_ZN6System8Sysutils15TFormatSettings13GetMonthNamesEjRS1_
 0005:00001BFC       System.SysUtils.$pdata$_ZN6System8Sysutils14FSEnumEraNamesEPw
 0005:00001C14       System.SysUtils.$pdata$_ZN6System8Sysutils20FSEnumEraYearOffsetsEPw
 0005:00001C2C       System.SysUtils.$pdata$_ZN6System8Sysutils15TFormatSettings17GetEraInformationEjRS1_
 0005:00001C50       System.SysUtils.$pdata$_ZN6System8Sysutils15TFormatSettings9GetStringEjiiPKPvi
 0005:00001C5C       System.SysUtils.$pdata$_ZZN6System8Sysutils15TFormatSettings19TranslateDateFormatEjiNS_13UnicodeStringEwE16FixDateSeparatorPvRS2_
 0005:00001C68       System.SysUtils.$pdata$_ZN6System8Sysutils15TFormatSettings19TranslateDateFormatEjiNS_13UnicodeStringEw
 0005:00001C80       System.SysUtils.$pdata$_ZN6System8Sysutils15TFormatSettings16GetEraYearOffsetENS_13UnicodeStringE
 0005:00001C8C       System.SysUtils.$pdata$_ZZN6System8Sysutils21ExceptionErrorMessageEPNS_7TObjectEPvPwiE11ConvertAddrS3_S3_
 0005:00001C98       System.SysUtils.$pdata$_ZN6System8Sysutils21ExceptionErrorMessageEPNS_7TObjectEPvPwi
 0005:00001CB0       System.SysUtils.$pdata$_ZN6System8Sysutils13ShowExceptionEPNS_7TObjectEPv
 0005:00001CC8       System.SysUtils.$pdata$_ZN6System8Sysutils9ExceptionC3ENS_13UnicodeStringE
 0005:00001CE0       System.SysUtils.$pdata$_ZN6System8Sysutils9ExceptionC3ENS_13UnicodeStringEPKNS_7TVarRecEi
 0005:00001D04       System.SysUtils.$pdata$_ZN6System8Sysutils9ExceptionC3Ey
 0005:00001D28       System.SysUtils.$pdata$_ZN6System8Sysutils9ExceptionC3EPNS_13TResStringRecE
 0005:00001D40       System.SysUtils.$pdata$_ZN6System8Sysutils9ExceptionC3EyPKNS_7TVarRecEi
 0005:00001D64       System.SysUtils.$pdata$_ZN6System8Sysutils9ExceptionC3EPNS_13TResStringRecEPKNS_7TVarRecEi
 0005:00001D88       System.SysUtils.$pdata$_ZN6System8Sysutils9ExceptionC3ENS_13UnicodeStringEi
 0005:00001DA0       System.SysUtils.$pdata$_ZN6System8Sysutils9ExceptionC3ENS_13UnicodeStringEPKNS_7TVarRecEii
 0005:00001DC4       System.SysUtils.$pdata$_ZN6System8Sysutils9ExceptionC3Eyi
 0005:00001DE8       System.SysUtils.$pdata$_ZN6System8Sysutils9ExceptionC3EPNS_13TResStringRecEi
 0005:00001E00       System.SysUtils.$pdata$_ZN6System8Sysutils9ExceptionC3EyPKNS_7TVarRecEii
 0005:00001E24       System.SysUtils.$pdata$_ZN6System8Sysutils9ExceptionC3EPNS_13TResStringRecEPKNS_7TVarRecEii
 0005:00001E48       System.SysUtils.$pdata$_ZN6System8Sysutils9ExceptionD0Ev
 0005:00001E54       System.SysUtils.$pdata$_ZN6System8Sysutils9Exception16GetBaseExceptionEv
 0005:00001E60       System.SysUtils.$pdata$_ZN6System8Sysutils9Exception13GetStackTraceEv
 0005:00001E6C       System.SysUtils.$pdata$_ZN6System8Sysutils9Exception19RaiseOuterExceptionEPS1_
 0005:00001E78       System.SysUtils.$pdata$_ZN6System8Sysutils9Exception19ThrowOuterExceptionEPS1_
 0005:00001E84       System.SysUtils.$pdata$_ZN6System8Sysutils9Exception16RaisingExceptionEPNS_16TExceptionRecordE
 0005:00001E90       System.SysUtils.$pdata$_ZN6System8Sysutils9Exception17SetInnerExceptionEv
 0005:00001E9C       System.SysUtils.$pdata$_ZN6System8Sysutils9Exception12SetStackInfoEPv
 0005:00001EA8       System.SysUtils.$pdata$_ZN6System8Sysutils9Exception8ToStringEv
 0005:00001EB4       System.SysUtils.$pdata$_ZN6System8Sysutils14EHeapException12FreeInstanceEv
 0005:00001EC0       System.SysUtils.$pdata$_ZN6System8Sysutils14EHeapException16RaisingExceptionEPNS_16TExceptionRecordE
 0005:00001ECC       System.SysUtils.$pdata$_ZN6System8Sysutils16CreateInOutErrorEv
 0005:00001ED8       System.SysUtils.$pdata$_ZN6System8Sysutils12ErrorHandlerEhPv
 0005:00001EE4       System.SysUtils.$pdata$_ZN6System8Sysutils18AssertErrorHandlerENS_13UnicodeStringES1_iPv
 0005:00001EFC       System.SysUtils.$pdata$_ZN6System8Sysutils20AbstractErrorHandlerEv
 0005:00001F08       System.SysUtils.$pdata$_ZN6System8Sysutils12MapExceptionEPNS_16TExceptionRecordE
 0005:00001F14       System.SysUtils.$pdata$_ZN6System8Sysutils17GetExceptionClassEPNS_16TExceptionRecordE
 0005:00001F20       System.SysUtils.$pdata$_ZZN6System8Sysutils18GetExceptionObjectEPNS_16TExceptionRecordEE14CreateAVObjectPv
 0005:00001F38       System.SysUtils.$pdata$_ZN6System8Sysutils18GetExceptionObjectEPNS_16TExceptionRecordE
 0005:00001F50       System.SysUtils.$pdata$_ZN6System8Sysutils17RaiseExceptObjectEPNS_16TExceptionRecordE
 0005:00001F5C       System.SysUtils.$pdata$_ZN6System8Sysutils13ExceptHandlerEPNS_7TObjectEPv
 0005:00001F68       System.SysUtils.$pdata$_ZN6System8Sysutils14InitExceptionsEv
 0005:00001F74       System.SysUtils.$pdata$_ZN6System8Sysutils14DoneExceptionsEv
 0005:00001F80       System.SysUtils.$pdata$_ZN6System8Sysutils9Exceptionv04cctrEv
 0005:00001F8C       System.SysUtils.$pdata$_ZN6System8Sysutils9Exceptionv04cdtrEv
 0005:00001F98       System.SysUtils.$pdata$_ZN6System8Sysutils18WaitForSyncWaitObjEPvj
 0005:00001FA4       System.SysUtils.$pdata$_ZN6System8Sysutils4PushERPNS0_16TEventItemHolderES2_
 0005:00001FB0       System.SysUtils.$pdata$_ZN6System8Sysutils3PopERPNS0_16TEventItemHolderE
 0005:00001FBC       System.SysUtils.$pdata$_ZN6System8Sysutils10NewSyncObjEv
 0005:00001FC8       System.SysUtils.$pdata$_ZN6System8Sysutils11FreeSyncObjEPv
 0005:00001FD4       System.SysUtils.$pdata$_ZN6System8Sysutils10NewWaitObjEv
 0005:00001FE0       System.SysUtils.$pdata$_ZN6System8Sysutils11FreeWaitObjEPv
 0005:00001FEC       System.SysUtils.$pdata$_ZN6System8Sysutils15WaitOrSignalObjEPvS1_j
 0005:00001FF8       System.SysUtils.$pdata$_ZN6System8Sysutils18InitMonitorSupportEv
 0005:00002004       System.SysUtils.$pdata$_ZZN6System8Sysutils18DoneMonitorSupportEvE10CleanStackPvPNS0_16TEventItemHolderE
 0005:00002010       System.SysUtils.$pdata$_ZZN6System8Sysutils18DoneMonitorSupportEvE14CleanEventListPvPNS0_14TSyncEventItemEi
 0005:0000201C       System.SysUtils.$pdata$_ZN6System8Sysutils18DoneMonitorSupportEv
 0005:00002028       System.SysUtils.$pdata$_ZN6System8Sysutils21GetNetWkstaMajorMinorERjS1_
 0005:00002034       System.SysUtils.$pdata$_ZN6System8Sysutils14InitPlatformIdEv
 0005:00002040       System.SysUtils.$pdata$_ZN6System8Sysutils17GetProductVersionENS_13UnicodeStringERjS2_S2_
 0005:00002064       System.SysUtils.$pdata$_ZN6System8Sysutils11StrByteTypeEPwj
 0005:00002070       System.SysUtils.$pdata$_ZN6System8Sysutils13StrCharLengthEPKw
 0005:0000207C       System.SysUtils.$pdata$_ZN6System8Sysutils10CharLengthENS_13UnicodeStringEi
 0005:00002088       System.SysUtils.$pdata$_ZN6System8Sysutils10AnsiStrPosEPwS1_
 0005:00002094       System.SysUtils.$pdata$_ZN6System8Sysutils12AnsiStrRScanEPww
 0005:000020A0       System.SysUtils.$pdata$_ZZN6System8Sysutils13InitSysLocaleEvE13InitLeadBytesPv
 0005:000020AC       System.SysUtils.$pdata$_ZN6System8Sysutils13InitSysLocaleEv
 0005:000020B8       System.SysUtils.$pdata$_ZN6System8Sysutils17GetFormatSettingsEv
 0005:000020D0       System.SysUtils.$pdata$_ZN6System8Sysutils19ClearFormatSettingsEv
 0005:000020DC       System.SysUtils.$pdata$_ZN6System8Sysutils13StringReplaceENS_13UnicodeStringES1_S1_NS_3SetINS0_19System_Sysutils__85ELS3_0ELS3_1EEE
 0005:000020F4       System.SysUtils.$pdata$_ZN6System8Sysutils12HashNameMBCSEPc
 0005:00002100       System.SysUtils.$pdata$_ZN6System8Sysutils8HashNameEPc
 0005:0000210C       System.SysUtils.$pdata$_ZN6System8Sysutils15ClearHashTablesEv
 0005:00002118       System.SysUtils.$pdata$_ZN6System8Sysutils14ModuleUnloadedEy
 0005:00002124       System.SysUtils.$pdata$_ZN6System8Sysutils18FreeTerminateProcsEv
 0005:00002130       System.SysUtils.$pdata$_ZN6System8Sysutils17InitDriveSpacePtrEv
 0005:0000213C       System.SysUtils.$pdata$_ZN6System8Sysutils10FreeAndNilEPv
 0005:00002148       System.SysUtils.$pdata$_ZN6System8Sysutils19EnumLocalesCallbackEPw
 0005:00002154       System.SysUtils.$pdata$_ZN6System8Sysutils14GetLocaleDataWEjj
 0005:00002160       System.SysUtils.$pdata$_ZN6System8Sysutils10TLanguages15LocalesCallbackEPw
 0005:00002178       System.SysUtils.$pdata$_ZN6System8Sysutils10TLanguagesC3Ev
 0005:00002190       System.SysUtils.$pdata$_ZN6System8Sysutils10TLanguagesD0Ev
 0005:0000219C       System.SysUtils.$pdata$_ZN6System8Sysutils10TLanguages8GetCountEv
 0005:000021A8       System.SysUtils.$pdata$_ZN6System8Sysutils10TLanguages6GetExtEi
 0005:000021B4       System.SysUtils.$pdata$_ZN6System8Sysutils10TLanguages5GetIDEi
 0005:000021CC       System.SysUtils.$pdata$_ZN6System8Sysutils10TLanguages11GetLocaleIDEi
 0005:000021D8       System.SysUtils.$pdata$_ZN6System8Sysutils10TLanguages13GetLocaleNameEi
 0005:000021E4       System.SysUtils.$pdata$_ZN6System8Sysutils10TLanguages7GetNameEi
 0005:000021F0       System.SysUtils.$pdata$_ZN6System8Sysutils10TLanguages19GetNameFromLocaleIDEj
 0005:000021FC       System.SysUtils.$pdata$_ZN6System8Sysutils10TLanguages25GetLocaleIDFromLocaleNameENS_13UnicodeStringE
 0005:00002214       System.SysUtils.$pdata$_ZN6System8Sysutils10TLanguages15GetNameFromLCIDENS_13UnicodeStringE
 0005:00002220       System.SysUtils.$pdata$_ZN6System8Sysutils10TLanguages19GetLocaleIDFromNameENS_13UnicodeStringE
 0005:00002238       System.SysUtils.$pdata$_ZN6System8Sysutils10TLanguages7IndexOfEj
 0005:00002244       System.SysUtils.$pdata$_ZN6System8Sysutils10TLanguages7IndexOfENS_13UnicodeStringE
 0005:00002250       System.SysUtils.$pdata$_ZN6System8Sysutils10TLanguagesv04cdtrEv
 0005:0000225C       System.SysUtils.$pdata$_ZN6System8Sysutils9LanguagesEv
 0005:00002268       System.SysUtils.$pdata$_ZN6System8Sysutils13TStringHelper9GetLengthEv
 0005:00002274       System.SysUtils.$pdata$_ZN6System8Sysutils13TStringHelper7CompareENS_13UnicodeStringEiS2_iib
 0005:00002280       System.SysUtils.$pdata$_ZN6System8Sysutils13TStringHelper15InternalCompareENS_13UnicodeStringEiS2_iiibj
 0005:0000228C       System.SysUtils.$pdata$_ZN6System8Sysutils13TStringHelper25InternalMapOptionsToFlagsENS_3SetINS0_14TCompareOptionELS3_0ELS3_9EEE
 0005:00002298       System.SysUtils.$pdata$_ZN6System8Sysutils13TStringHelper15InternalCompareENS_13UnicodeStringEiS2_iiiNS_3SetINS0_14TCompareOptionELS4_0ELS4_9EEEj
 0005:000022A4       System.SysUtils.$pdata$_ZN6System8Sysutils13TStringHelper7CompareENS_13UnicodeStringEiS2_iibj
 0005:000022B0       System.SysUtils.$pdata$_ZN6System8Sysutils13TStringHelper6CreateEPKwi
 0005:000022BC       System.SysUtils.$pdata$_ZN6System8Sysutils13TStringHelper13LastDelimiterENS_13UnicodeStringE
 0005:000022C8       System.SysUtils.$pdata$_ZN6System8Sysutils13TStringHelper7ReplaceEww
 0005:000022E0       System.SysUtils.$pdata$_ZN6System8Sysutils13TStringHelper9SubstringEi
 0005:000022EC       System.SysUtils.$pdata$_ZN6System8Sysutils13TStringHelper9SubstringEii
 0005:000022F8       System.SysUtils.$pdata$_ZN6System8Sysutils13TStringHelper11ToCharArrayEv
 0005:00002304       System.SysUtils.$pdata$_ZN6System8Sysutils13TStringHelper11ToCharArrayEii
 0005:00002310       System.SysUtils.$pdata$_ZZN6System8Sysutils10TOSVersionv04cctrEvE15IsWindowsServerPv
 0005:0000231C       System.SysUtils.$pdata$_ZN6System8Sysutils10TOSVersionv04cctrEv
 0005:00002328       System.SysUtils.$pdata$_ZN6System8Sysutils10TOSVersion5CheckEii
 0005:00002334       System.SysUtils.$pdata$_ZN6System8Sysutils12FinalizationEv
 0005:0000234C       System.SysUtils.$pdata$_ZN6System8Sysutils14initializationEv
 0005:00002364       primitives.$pdata$_ZN10Primitives12FinalizationEv
 0005:00002370       primitives.$pdata$_ZN10Primitives14initializationEv


Line numbers for primitives(primitives.dpr) segment .text

    31 0001:00026710    32 0001:0002672F    33 0001:00026739    34 0001:00026743
    35 0001:0002674D    36 0001:00026754    37 0001:0002675D    38 0001:00026764
    39 0001:0002676D    40 0001:00026778    41 0001:00026783    42 0001:0002678D
    43 0001:0002679E    44 0001:000267A5    45 0001:000267AE    50 0001:0002695E

Bound resource files

C:\Users\VLADYS~1.CHE\AppData\Local\Temp\dtf5FC.tmp


Program entry point at 0001:00026710
