
 Start         Length     Name                   Class
 0001:00401000 00029CBCH .text                   CODE
 0002:0042B000 00004BC0H .data                   DATA
 0003:00430000 0000A868H .bss                    BSS
 0004:00000000 00000230H .tls                    TLS
 0005:00443000 000022B0H .pdata                  PDATA


Detailed map of segments

 0001:00000000 0000FD5C C=CODE     S=.text    G=(none)   M=System   ALIGN=4
 0001:0000FD5C 00001744 C=CODE     S=.text    G=(none)   M=SysInit  ALIGN=4
 0001:000114A0 00000020 C=CODE     S=.text    G=(none)   M=System.Types ALIGN=4
 0001:000114C0 00000040 C=CODE     S=.text    G=(none)   M=System.UITypes ALIGN=4
 0001:00011500 0000045C C=CODE     S=.text    G=(none)   M=Winapi.Windows ALIGN=4
 0001:0001195C 000005B4 C=CODE     S=.text    G=(none)   M=System.SysConst ALIGN=4
 0001:00011F10 00000020 C=CODE     S=.text    G=(none)   M=Winapi.ImageHlp ALIGN=4
 0001:00011F30 00000020 C=CODE     S=.text    G=(none)   M=Winapi.SHFolder ALIGN=4
 0001:00011F50 00000050 C=CODE     S=.text    G=(none)   M=Winapi.PsAPI ALIGN=4
 0001:00011FA0 00000170 C=CODE     S=.text    G=(none)   M=System.RTLConsts ALIGN=4
 0001:00012110 00005000 C=CODE     S=.text    G=(none)   M=System.Character ALIGN=4
 0001:00017110 000004F4 C=CODE     S=.text    G=(none)   M=System.Internal.ExcUtils ALIGN=4
 0001:00017604 0000E02C C=CODE     S=.text    G=(none)   M=System.SysUtils ALIGN=4
 0001:00025630 0000468C C=CODE     S=.text    G=(none)   M=records  ALIGN=4
 0002:00000000 00002850 C=DATA     S=.data    G=DGROUP   M=System   ALIGN=4
 0002:00002850 00000160 C=DATA     S=.data    G=DGROUP   M=SysInit  ALIGN=4
 0002:000029B0 00000008 C=DATA     S=.data    G=DGROUP   M=System.Types ALIGN=4
 0002:000029B8 0000000C C=DATA     S=.data    G=DGROUP   M=System.UITypes ALIGN=4
 0002:000029C4 00000070 C=DATA     S=.data    G=DGROUP   M=Winapi.Windows ALIGN=4
 0002:00002A34 00000008 C=DATA     S=.data    G=DGROUP   M=System.SysConst ALIGN=4
 0002:00002A3C 00000008 C=DATA     S=.data    G=DGROUP   M=Winapi.ImageHlp ALIGN=4
 0002:00002A44 00000008 C=DATA     S=.data    G=DGROUP   M=Winapi.SHFolder ALIGN=4
 0002:00002A4C 0000000C C=DATA     S=.data    G=DGROUP   M=Winapi.PsAPI ALIGN=4
 0002:00002A58 00000008 C=DATA     S=.data    G=DGROUP   M=System.RTLConsts ALIGN=4
 0002:00002A60 00000030 C=DATA     S=.data    G=DGROUP   M=System.Character ALIGN=4
 0002:00002A90 0000027C C=DATA     S=.data    G=DGROUP   M=System.Internal.ExcUtils ALIGN=4
 0002:00002D0C 00001928 C=DATA     S=.data    G=DGROUP   M=System.SysUtils ALIGN=4
 0002:00004634 000001A0 C=DATA     S=.data    G=DGROUP   M=records  ALIGN=4
 0003:00000000 00006268 C=BSS      S=.bss     G=DGROUP   M=System   ALIGN=4
 0003:00006268 00000048 C=BSS      S=.bss     G=DGROUP   M=SysInit  ALIGN=4
 0003:000062B0 00000004 C=BSS      S=.bss     G=DGROUP   M=System.Types ALIGN=4
 0003:000062B4 00000010 C=BSS      S=.bss     G=DGROUP   M=System.UITypes ALIGN=4
 0003:000062C4 0000000C C=BSS      S=.bss     G=DGROUP   M=Winapi.Windows ALIGN=4
 0003:000062D0 00000004 C=BSS      S=.bss     G=DGROUP   M=System.SysConst ALIGN=4
 0003:000062D4 00000004 C=BSS      S=.bss     G=DGROUP   M=Winapi.ImageHlp ALIGN=4
 0003:000062D8 00000004 C=BSS      S=.bss     G=DGROUP   M=Winapi.SHFolder ALIGN=4
 0003:000062DC 0000000C C=BSS      S=.bss     G=DGROUP   M=Winapi.PsAPI ALIGN=4
 0003:000062E8 00000004 C=BSS      S=.bss     G=DGROUP   M=System.RTLConsts ALIGN=4
 0003:000062EC 00000044 C=BSS      S=.bss     G=DGROUP   M=System.Character ALIGN=4
 0003:00006330 00000004 C=BSS      S=.bss     G=DGROUP   M=System.Internal.ExcUtils ALIGN=4
 0003:00006334 0000441C C=BSS      S=.bss     G=DGROUP   M=System.SysUtils ALIGN=4
 0003:0000A750 00000118 C=BSS      S=.bss     G=DGROUP   M=records  ALIGN=4
 0004:00000000 00000224 C=TLS      S=.tls     G=(none)   M=System   ALIGN=4
 0004:00000224 0000000C C=TLS      S=.tls     G=(none)   M=System.SysUtils ALIGN=4
 0005:00000000 000013BC C=PDATA    S=.pdata   G=(none)   M=System   ALIGN=4
 0005:000013BC 0000015C C=PDATA    S=.pdata   G=(none)   M=SysInit  ALIGN=4
 0005:00001518 00000018 C=PDATA    S=.pdata   G=(none)   M=System.Types ALIGN=4
 0005:00001530 00000024 C=PDATA    S=.pdata   G=(none)   M=System.UITypes ALIGN=4
 0005:00001554 00000048 C=PDATA    S=.pdata   G=(none)   M=Winapi.Windows ALIGN=4
 0005:0000159C 00000018 C=PDATA    S=.pdata   G=(none)   M=System.SysConst ALIGN=4
 0005:000015B4 00000018 C=PDATA    S=.pdata   G=(none)   M=Winapi.ImageHlp ALIGN=4
 0005:000015CC 00000018 C=PDATA    S=.pdata   G=(none)   M=Winapi.SHFolder ALIGN=4
 0005:000015E4 00000018 C=PDATA    S=.pdata   G=(none)   M=Winapi.PsAPI ALIGN=4
 0005:000015FC 00000018 C=PDATA    S=.pdata   G=(none)   M=System.RTLConsts ALIGN=4
 0005:00001614 00000054 C=PDATA    S=.pdata   G=(none)   M=System.Character ALIGN=4
 0005:00001668 00000024 C=PDATA    S=.pdata   G=(none)   M=System.Internal.ExcUtils ALIGN=4
 0005:0000168C 00000B64 C=PDATA    S=.pdata   G=(none)   M=System.SysUtils ALIGN=4
 0005:000021F0 000000C0 C=PDATA    S=.pdata   G=(none)   M=records  ALIGN=4


  Address             Publics by Name

 0005:00002268       records.$pdata$_ZN7Records12FinalizationEv
 0005:00002244       records.$pdata$_ZN7Records12SetBreakHereEv
 0005:00002280       records.$pdata$_ZN7Records14initializationEv
 0005:00002208       records.$pdata$_ZN7Records6TShape8DescribeEv
 0005:000021F0       records.$pdata$_ZN7Records6TShapeC3EN6System13UnicodeStringEd
 0005:0000222C       records.$pdata$_ZN7Records7TCircle8DescribeEv
 0005:00002214       records.$pdata$_ZN7Records7TCircleC3Edd
 0005:00002250       records.$pdata$_ZN7Records8ProbeAllEv
 0002:00004728       records.$unwind$_ZN7Records12FinalizationEv
 0002:000046E8       records.$unwind$_ZN7Records12SetBreakHereEv
 0002:00004754       records.$unwind$_ZN7Records14initializationEv
 0002:00004670       records.$unwind$_ZN7Records6TShape8DescribeEv
 0002:00004634       records.$unwind$_ZN7Records6TShapeC3EN6System13UnicodeStringEd
 0002:000046B8       records.$unwind$_ZN7Records7TCircle8DescribeEv
 0002:0000467C       records.$unwind$_ZN7Records7TCircleC3Edd
 0002:000046F4       records.$unwind$_ZN7Records8ProbeAllEv
 0001:00025BC0       records..TBag
 0001:000259D0       records..TCircle
 0001:000257B8       records..TShape
 0003:0000A860       records.E
 0001:00026400       records.Finalization
 0003:0000A7B8       records.GBag
 0003:0000A7C0       records.GBig
 0003:0000A780       records.GBox
 0003:0000A7B0       records.GCircle
 0003:0000A7A0       records.GColor
 0003:0000A7A1       records.GColors
 0003:0000A798       records.GPacked
 0003:0000A758       records.GPerson
 0003:0000A750       records.GPoint
 0003:0000A7A8       records.GShape
 0001:00025FC0       records.ProbeAll
 0001:00026450       records.records
 0001:00025FA0       records.SetBreakHere
 0001:00025E20       records.TCircle.Create
 0001:00025F00       records.TCircle.Describe
 0001:00025D10       records.TShape.Create
 0001:00025DD0       records.TShape.Describe
 0005:000013D4       SysInit.$pdata$_ZN7Sysinit10GetTlsSizeEv
 0005:00001500       SysInit.$pdata$_ZN7Sysinit12FinalizationEv
 0005:000013E0       SysInit.$pdata$_ZN7Sysinit13InitThreadTLSEv
 0005:000013C8       SysInit.$pdata$_ZN7Sysinit14AllocTlsBufferEi
 0005:0000150C       SysInit.$pdata$_ZN7Sysinit14initializationEv
 0005:00001404       SysInit.$pdata$_ZN7Sysinit14__dbkDummyProcEv
 0005:00001410       SysInit.$pdata$_ZN7Sysinit14__dbkFCallArgsEPvS0_S0_S0_S0_S0_S0_S0_S0_S0_S0_S0_S0_S0_S0_S0_S0_S0_S0_S0_S0_S0_S0_S0_S0_S0_S0_S0_S0_S0_
 0005:000013F8       SysInit.$pdata$_ZN7Sysinit16InitializeModuleEv
 0005:000013BC       SysInit.$pdata$_ZN7Sysinit17_DelayLoadHelper2ERPvS0_
 0005:0000141C       SysInit.$pdata$_ZN7Sysinit19__dbk_fcall_wrapperEv
 0005:000013EC       SysInit.$pdata$_ZN7Sysinit7_GetTlsEv
 0005:00001434       SysInit.$pdata$_ZN7Sysinit8_InitExeEPv
 0002:000028B0       SysInit.$unwind$_ZN7Sysinit10GetTlsSizeEv
 0002:000029A4       SysInit.$unwind$_ZN7Sysinit12FinalizationEv
 0002:000028B4       SysInit.$unwind$_ZN7Sysinit13InitThreadTLSEv
 0002:00002870       SysInit.$unwind$_ZN7Sysinit14AllocTlsBufferEi
 0002:000029AC       SysInit.$unwind$_ZN7Sysinit14initializationEv
 0002:000028CC       SysInit.$unwind$_ZN7Sysinit14__dbkDummyProcEv
 0002:000028D0       SysInit.$unwind$_ZN7Sysinit14__dbkFCallArgsEPvS0_S0_S0_S0_S0_S0_S0_S0_S0_S0_S0_S0_S0_S0_S0_S0_S0_S0_S0_S0_S0_S0_S0_S0_S0_S0_S0_S0_S0_
 0002:000028C4       SysInit.$unwind$_ZN7Sysinit16InitializeModuleEv
 0002:00002868       SysInit.$unwind$_ZN7Sysinit17_DelayLoadHelper2ERPvS0_
 0002:000028D8       SysInit.$unwind$_ZN7Sysinit19__dbk_fcall_wrapperEv
 0002:000028BC       SysInit.$unwind$_ZN7Sysinit7_GetTlsEv
 0002:00002914       SysInit.$unwind$_ZN7Sysinit8_InitExeEPv
 0005:000014A0       SysInit..$pdata$$pdata$??0ULI@@QEAA@PEBUImgDelayDescr@@@Z
 0005:000014D0       SysInit..$pdata$$pdata$??1ULI@@QEAA@XZ
 0005:000014AC       SysInit..$pdata$$pdata$??2ULI@@SAPEAX_K@Z
 0005:000014DC       SysInit..$pdata$$pdata$??3ULI@@SAXPEAX@Z
 0005:000014C4       SysInit..$pdata$$pdata$??_GULI@@QEAAPEAXI@Z
 0005:000014B8       SysInit..$pdata$$pdata$?CountOfImports@@YAIPEBU_IMAGE_THUNK_DATA64@@@Z
 0005:0000144C       SysInit..$pdata$$pdata$?FLoadedAtPreferredAddress@@YA_NPEAU_IMAGE_NT_HEADERS64@@PEAUHINSTANCE__@@@Z
 0005:00001470       SysInit..$pdata$$pdata$?OverlayIAT@@YAXPEAU_IMAGE_THUNK_DATA64@@PEBU1@@Z
 0005:000014E8       SysInit..$pdata$$pdata$?Unlink@ULI@@QEAAXXZ
 0005:0000147C       SysInit..$pdata$$pdata$?__memcpy@@YAPEAXPEAXPEBX_K@Z
 0005:00001464       SysInit..$pdata$$pdata$?__strlen@@YA_KPEBD@Z
 0005:000014F4       SysInit..$pdata$$pdata$HRESULT_FROM_WIN32
 0005:00001494       SysInit..$pdata$$pdata$ShutdownDelayHelp2
 0005:00001440       SysInit..$pdata$$pdata$__delayLoadHelper2
 0005:00001458       SysInit..$pdata$$pdata$__FUnloadDelayLoadedDLL2
 0005:00001488       SysInit..$pdata$$pdata$__HrLoadAllImportsForDll
 0002:00002964       SysInit...$unwind$??0ULI@@QEAA@PEBUImgDelayDescr@@@Z
 0002:00002984       SysInit...$unwind$??1ULI@@QEAA@XZ
 0002:0000296C       SysInit...$unwind$??2ULI@@SAPEAX_K@Z
 0002:0000298C       SysInit...$unwind$??3ULI@@SAXPEAX@Z
 0002:0000297C       SysInit...$unwind$??_GULI@@QEAAPEAXI@Z
 0002:00002974       SysInit...$unwind$?CountOfImports@@YAIPEBU_IMAGE_THUNK_DATA64@@@Z
 0002:00002928       SysInit...$unwind$?FLoadedAtPreferredAddress@@YA_NPEAU_IMAGE_NT_HEADERS64@@PEAUHINSTANCE__@@@Z
 0002:00002944       SysInit...$unwind$?OverlayIAT@@YAXPEAU_IMAGE_THUNK_DATA64@@PEBU1@@Z
 0002:00002994       SysInit...$unwind$?Unlink@ULI@@QEAAXXZ
 0002:0000294C       SysInit...$unwind$?__memcpy@@YAPEAXPEAXPEBX_K@Z
 0002:0000293C       SysInit...$unwind$?__strlen@@YA_KPEBD@Z
 0002:0000299C       SysInit...$unwind$HRESULT_FROM_WIN32
 0002:0000295C       SysInit...$unwind$ShutdownDelayHelp2
 0002:0000291C       SysInit...$unwind$__delayLoadHelper2
 0002:00002930       SysInit...$unwind$__FUnloadDelayLoadedDLL2
 0002:00002954       SysInit...$unwind$__HrLoadAllImportsForDll
 0001:00011450       SysInit...??$PFromRva@PEAP6A_JXZ@@YAPEAP6A_JXZK@Z
 0001:000113B0       SysInit...??$PFromRva@PEAPEAUHINSTANCE__@@@@YAPEAPEAUHINSTANCE__@@K@Z
 0001:00011410       SysInit...??$PFromRva@PEAU_IMAGE_IMPORT_BY_NAME@@@@YAPEAU_IMAGE_IMPORT_BY_NAME@@K@Z
 0001:000113D0       SysInit...??$PFromRva@PEAU_IMAGE_THUNK_DATA64@@@@YAPEAU_IMAGE_THUNK_DATA64@@K@Z
 0001:00011390       SysInit...??$PFromRva@PEBD@@YAPEBDK@Z
 0001:00011430       SysInit...??$PFromRva@PEBUImgDelayDescr@@@@YAPEBUImgDelayDescr@@K@Z
 0001:000113F0       SysInit...??$PFromRva@PEBU_IMAGE_THUNK_DATA64@@@@YAPEBU_IMAGE_THUNK_DATA64@@K@Z
 0001:000111A0       SysInit...??0ULI@@QEAA@PEBUImgDelayDescr@@@Z
 0001:000112B0       SysInit...??1ULI@@QEAA@XZ
 0001:000111D0       SysInit...??2ULI@@SAPEAX_K@Z
 0001:000112D0       SysInit...??3ULI@@SAXPEAX@Z
 0001:00011270       SysInit...??_GULI@@QEAAPEAXI@Z
 0001:00011220       SysInit...?CountOfImports@@YAIPEBU_IMAGE_THUNK_DATA64@@@Z
 0001:00010C90       SysInit...?FLoadedAtPreferredAddress@@YA_NPEAU_IMAGE_NT_HEADERS64@@PEAUHINSTANCE__@@@Z
 0001:00011180       SysInit...?IndexFromPImgThunkData@@YAIPEBU_IMAGE_THUNK_DATA64@@0@Z
 0001:000111F0       SysInit...?Link@ULI@@QEAAXXZ
 0001:00010F80       SysInit...?OverlayIAT@@YAXPEAU_IMAGE_THUNK_DATA64@@PEBU1@@Z
 0001:00010C50       SysInit...?PinhFromImageBase@@YAPEAU_IMAGE_NT_HEADERS64@@PEAUHINSTANCE__@@@Z
 0001:00010C70       SysInit...?TimeStampOfImage@@YAKPEAU_IMAGE_NT_HEADERS64@@@Z
 0001:000112F0       SysInit...?Unlink@ULI@@QEAAXXZ
 0001:00010F00       SysInit...?__memcmp@@YAHPEBX0_K@Z
 0001:00010FC0       SysInit...?__memcpy@@YAPEAXPEAXPEBX_K@Z
 0001:00010EB0       SysInit...?__strlen@@YA_KPEBD@Z
 0001:00011350       SysInit...HRESULT_FROM_WIN32
 0003:000062A8       SysInit...__puiHead
 0003:00006298       SysInit..1
 0001:0000FE00       SysInit.@DelayLoadHelper2
 0001:0000FEA0       SysInit.@GetTls
 0001:00010680       SysInit.@InitExe
 0001:0000FF20       SysInit.@_dbkDummyProc
 0001:0000FF30       SysInit.@_dbkFCallArgs
 0001:00010330       SysInit.@_dbk_fcall_wrapper
 0001:00010700       SysInit.@_delayLoadHelper2
 0001:00010CD0       SysInit.@_FUnloadDelayLoadedDLL2
 0001:00011030       SysInit.@_HrLoadAllImportsForDll
 0003:00006290       SysInit.@_pfnDliFailureHook2
 0003:00006288       SysInit.@_pfnDliNotifyHook2
 0001:0000FE10       SysInit.AllocTlsBuffer
 0003:00006280       SysInit.dbkFCallWrapperAddr
 0002:00002860       SysInit.DelayLoadHelper
 0001:00011470       SysInit.Finalization
 0001:0000FD60       SysInit.FreeLibrary
 0001:0000FDC0       SysInit.GetLastError
 0001:0000FD70       SysInit.GetModuleHandle
 0001:0000FDF0       SysInit.GetProcAddress
 0001:0000FE30       SysInit.GetTlsSize
 0003:00006270       SysInit.HInstance
 0001:0000FF00       SysInit.InitializeModule
 0001:0000FE40       SysInit.InitThreadTLS
 0001:0000FDD0       SysInit.LoadLibraryA
 0001:0000FD80       SysInit.LocalAlloc
 0001:0000FD90       SysInit.LocalFree
 0002:00002878       SysInit.Module
 0003:00006269       SysInit.ModuleIsCpp
 0003:00006268       SysInit.ModuleIsLib
 0002:00002858       SysInit.PtrToNil
 0001:0000FDE0       SysInit.RaiseException
 0001:00011170       SysInit.ShutdownDelayHelp2
 0001:00011490       SysInit.SysInit
 0003:000062A0       SysInit.tlsBuffer
 0001:0000FDA0       SysInit.TlsGetValue
 0002:00002850       SysInit.TlsIndex
 0004:00000230       SysInit.TlsLast
 0001:0000FDB0       SysInit.TlsSetValue
 0003:FFFD0000       SysInit.__ImageBase
 0005:00000210       System.$pdata$_ZN6System10ExceptAddrEv
 0005:00000000       System.$pdata$_ZN6System10GetCmdShowEv
 0005:00000D8C       System.$pdata$_ZN6System10MoveRecordEPvS0_S0_
 0005:00000228       System.$pdata$_ZN6System10RunErrorAtEiPv
 0005:00000E88       System.$pdata$_ZN6System10StringCopyEPwiS0_
 0005:000000C0       System.$pdata$_ZN6System10SysFreeMemEPv
 0005:00000D98       System.$pdata$_ZN6System10_CopyArrayEPvS0_S0_y
 0005:00001050       System.$pdata$_ZN6System10_IntfClearERNS_15DelphiInterfaceINS_10IInterfaceEEE
 0005:00000BB8       System.$pdata$_ZN6System10_PWCharLenEPw
 0005:00000CFC       System.$pdata$_ZN6System10_UStrEqualENS_13UnicodeStringES0_
 0005:00000318       System.$pdata$_ZN6System11FileNOPProcEPv
 0005:00001338       System.$pdata$_ZN6System11GetCPUCountEv
 0005:00000258       System.$pdata$_ZN6System11SetInOutResEi
 0005:000000E4       System.$pdata$_ZN6System11ShowMessageEPcS0_
 0005:000000D8       System.$pdata$_ZN6System11SysAllocMemEx
 0005:00001164       System.$pdata$_ZN6System11TInstBucket10InitializeEv
 0005:00001140       System.$pdata$_ZN6System11TInstBucket11AddInstItemEiPNS_9TInstItemE
 0005:0000114C       System.$pdata$_ZN6System11TInstBucket12FindInstItemEPvRi
 0005:0000117C       System.$pdata$_ZN6System11TInstBucket14RemoveInstItemEPv
 0005:00001170       System.$pdata$_ZN6System11TInstBucket4LockEv
 0005:00001188       System.$pdata$_ZN6System11TInstBucket6UnlockEv
 0005:00001158       System.$pdata$_ZN6System11TInstBucket8FinalizeEv
 0005:00000684       System.$pdata$_ZN6System11UTF8CompareERKNS_11SmallStringILh255EEES3_
 0005:00000D80       System.$pdata$_ZN6System11_CopyRecordEPvS0_S0_
 0005:00000978       System.$pdata$_ZN6System11_DoneExceptEv
 0005:00001074       System.$pdata$_ZN6System11_IntfAddRefENS_15DelphiInterfaceINS_10IInterfaceEEE
 0005:00000960       System.$pdata$_ZN6System11_RaiseAgainEv
 0005:000001E0       System.$pdata$_ZN6System11_ReallocMemERPvx
 0005:00000300       System.$pdata$_ZN6System11_RewritTextERNS_8TTextRecE
 0005:00000AF8       System.$pdata$_ZN6System11_UStrAddRefEPv
 0005:000003F0       System.$pdata$_ZN6System11_Write0CharERNS_8TTextRecEc
 0005:000003B4       System.$pdata$_ZN6System11_WriteBytesERNS_8TTextRecEPKvi
 0005:00000204       System.$pdata$_ZN6System12ExceptObjectEv
 0005:0000138C       System.$pdata$_ZN6System12FinalizationEv
 0005:00000288       System.$pdata$_ZN6System12FRaiseExceptEjb
 0005:000008DC       System.$pdata$_ZN6System12NotifyExceptEy
 0005:000011D0       System.$pdata$_ZN6System12TInstHashMap10InitializeEv
 0005:000011AC       System.$pdata$_ZN6System12TInstHashMap11NewInstItemEPv
 0005:000011B8       System.$pdata$_ZN6System12TInstHashMap11PopInstItemEv
 0005:000011A0       System.$pdata$_ZN6System12TInstHashMap12FreeInstItemEPNS_9TInstItemE
 0005:00001260       System.$pdata$_ZN6System12TInstHashMap12IsRegisteredEPv
 0005:00001200       System.$pdata$_ZN6System12TInstHashMap15RegisterWeakRefEPvS1_
 0005:00001218       System.$pdata$_ZN6System12TInstHashMap17UnregisterWeakRefEPvS1_
 0005:00001230       System.$pdata$_ZN6System12TInstHashMap21RegisterWeakMethodRefEPvS1_
 0005:00001194       System.$pdata$_ZN6System12TInstHashMap22AddressAndTagToRawDataEPKvy
 0005:00001248       System.$pdata$_ZN6System12TInstHashMap23UnregisterWeakMethodRefEPvS1_
 0005:000011E8       System.$pdata$_ZN6System12TInstHashMap7DestroyEPv
 0005:000011C4       System.$pdata$_ZN6System12TInstHashMap8FinalizeEv
 0005:00000BF4       System.$pdata$_ZN6System12UniqueStringERNS_13UnicodeStringE
 0005:00001308       System.$pdata$_ZN6System12UTF8ToStringERKNS_11SmallStringILh255EEE
 0005:000006D8       System.$pdata$_ZN6System12_ClassCreateEPva
 0005:00000E40       System.$pdata$_ZN6System12_DynArrayAsgERPvS0_S0_
 0005:00000A14       System.$pdata$_ZN6System12_InitImportsEPv
 0005:0000060C       System.$pdata$_ZN6System12_IntfAsClassENS_15DelphiInterfaceINS_10IInterfaceEEEPNS_10TMetaClassE
 0005:00000C24       System.$pdata$_ZN6System12_LStrToPCharENS_11AnsiStringTILt0EEE
 0005:00000954       System.$pdata$_ZN6System12_RaiseExceptEPNS_7TObjectE
 0005:000003C0       System.$pdata$_ZN6System12_WriteSpacesERNS_8TTextRecEi
 0005:00000B10       System.$pdata$_ZN6System13CharFromWCharEPciPKwi
 0005:00000B04       System.$pdata$_ZN6System13CharFromWCharEPciPKwii
 0005:00000DBC       System.$pdata$_ZN6System13FinalizeArrayEPvS0_y
 0005:00000984       System.$pdata$_ZN6System13FinalizeUnitsEv
 0005:000001B0       System.$pdata$_ZN6System13FreeAllMemoryEv
 0005:00000618       System.$pdata$_ZN6System13GetDynaMethodEPNS_10TMetaClassEs
 0005:00000330       System.$pdata$_ZN6System13InternalCloseEy
 0005:00000360       System.$pdata$_ZN6System13InternalFlushERNS_8TTextRecEPFiS1_E
 0005:00001314       System.$pdata$_ZN6System13LoadResStringEPNS_13TResStringRecE
 0005:000008C4       System.$pdata$_ZN6System13NotifyReRaiseEPNS_7TObjectEPv
 0005:00000DEC       System.$pdata$_ZN6System13SysHasWeakRefEPKv
 0005:000000CC       System.$pdata$_ZN6System13SysReallocMemEPvx
 0005:000012CC       System.$pdata$_ZN6System13UnicodeToUtf8EPcjPwj
 0005:000012D8       System.$pdata$_ZN6System13Utf8ToUnicodeEPwjPcj
 0005:00000B1C       System.$pdata$_ZN6System13WCharFromCharEPwiPKcii
 0005:000006E4       System.$pdata$_ZN6System13_ClassDestroyEPNS_7TObjectE
 0005:00000E1C       System.$pdata$_ZN6System13_DynArrayCopyERPvS0_S0_
 0005:000012B4       System.$pdata$_ZN6System13_IntfWeakCopyERNS_15DelphiInterfaceINS_10IInterfaceEEES2_
 0005:00000AE0       System.$pdata$_ZN6System13_LStrArrayClrEPvi
 0005:00000C3C       System.$pdata$_ZN6System13_LStrFromUStrERNS_11AnsiStringTILt0EEENS_13UnicodeStringEt
 0005:00000AD4       System.$pdata$_ZN6System13_UStrArrayClrEPvi
 0005:00000C9C       System.$pdata$_ZN6System13_UStrFromLStrERNS_13UnicodeStringENS_11AnsiStringTILt0EEE
 0005:00000C60       System.$pdata$_ZN6System13_UStrToPWCharENS_13UnicodeStringE
 0005:00000420       System.$pdata$_ZN6System13_WriteUStringERNS_8TTextRecENS_13UnicodeStringEi
 0005:00000AEC       System.$pdata$_ZN6System13_WStrArrayClrEPvi
 0005:00000CA8       System.$pdata$_ZN6System13_WStrFromUStrERNS_10WideStringENS_13UnicodeStringE
 0005:00000294       System.$pdata$_ZN6System14FGetExceptMaskEj
 0005:0000009C       System.$pdata$_ZN6System14FreeLargeBlockEPv
 0005:0000027C       System.$pdata$_ZN6System14FSetExceptFlagEjj
 0005:00000150       System.$pdata$_ZN6System14GetObjectClassEPv
 0005:00000F00       System.$pdata$_ZN6System14GetUILanguagesEt
 0005:000013A4       System.$pdata$_ZN6System14initializationEv
 0005:000009C0       System.$pdata$_ZN6System14LoadResStringAEPNS_13TResStringRecEt
 0005:000009F0       System.$pdata$_ZN6System14LoadResStringUEPNS_13TResStringRecE
 0005:000009D8       System.$pdata$_ZN6System14LoadResStringWEPNS_13TResStringRecE
 0005:000008E8       System.$pdata$_ZN6System14NotifyOnExceptEy
 0005:0000102C       System.$pdata$_ZN6System14RegisterModuleEPNS_10TLibModuleE
 0005:00000E34       System.$pdata$_ZN6System14_DynArrayClearERPvS0_
 0005:00000D5C       System.$pdata$_ZN6System14_FinalizeArrayEPvS0_y
 0005:000012A8       System.$pdata$_ZN6System14_IntfWeakClearERNS_15DelphiInterfaceINS_10IInterfaceEEE
 0005:00000C30       System.$pdata$_ZN6System14_LStrSetLengthERNS_11AnsiStringTILt0EEEit
 0005:00000A98       System.$pdata$_ZN6System14_NewAnsiStringEit
 0005:00000948       System.$pdata$_ZN6System14_RaiseAtExceptEPNS_7TObjectEPv
 0005:00000BE8       System.$pdata$_ZN6System14_UniqueStringAERNS_11AnsiStringTILt0EEE
 0005:00000BDC       System.$pdata$_ZN6System14_UniqueStringUERNS_13UnicodeStringE
 0005:00000C78       System.$pdata$_ZN6System14_UStrFromPCharERNS_13UnicodeStringEPc
 0005:00000C6C       System.$pdata$_ZN6System14_UStrFromWCharERNS_13UnicodeStringEw
 0005:00000CC0       System.$pdata$_ZN6System14_UStrSetLengthERNS_13UnicodeStringEi
 0005:00000C54       System.$pdata$_ZN6System14_WCharToStringEPNS_11SmallStringILh255EEEwi
 0005:000003FC       System.$pdata$_ZN6System14_Write0LStringERNS_8TTextRecENS_11AnsiStringTILt0EEE
 0005:00000414       System.$pdata$_ZN6System14_Write0UStringERNS_8TTextRecENS_13UnicodeStringE
 0005:00000468       System.$pdata$_ZN6System15InitializeCPUIDEv
 0005:00000084       System.$pdata$_ZN6System15LockLargeBlocksEv
 0005:000000F0       System.$pdata$_ZN6System15NextMediumBlockEPv
 0005:000008F4       System.$pdata$_ZN6System15NotifyAnyExceptEy
 0005:0000090C       System.$pdata$_ZN6System15NotifyTerminateEy
 0005:00000918       System.$pdata$_ZN6System15NotifyUnhandledEPvS0_
 0005:00001284       System.$pdata$_ZN6System15RegisterWeakRefEPvPNS_7TObjectE
 0005:00000348       System.$pdata$_ZN6System15TextOpenCleanupERNS_8TTextRecE
 0005:00000E4C       System.$pdata$_ZN6System15_DynArrayAddRefEPv
 0005:00000DD4       System.$pdata$_ZN6System15_DynArrayLengthEPKv
 0005:00000D44       System.$pdata$_ZN6System15_FinalizeRecordEPvS0_
 0005:00000C18       System.$pdata$_ZN6System15_LStrFromPWCharERNS_11AnsiStringTILt0EEEPwt
 0005:00000C84       System.$pdata$_ZN6System15_UStrFromPWCharERNS_13UnicodeStringEPw
 0005:00000CB4       System.$pdata$_ZN6System15_UStrFromStringERNS_13UnicodeStringERKNS_11SmallStringILh255EEE
 0005:00000C90       System.$pdata$_ZN6System15_UStrFromWArrayERNS_13UnicodeStringEPwi
 0005:00000C48       System.$pdata$_ZN6System16InternalUStrCatNERNS_13UnicodeStringEiPS0_
 0005:00000594       System.$pdata$_ZN6System16InvokeImplGetterEPNS_7TObjectEy
 0005:00000048       System.$pdata$_ZN6System16LockMediumBlocksEv
 0005:00000A2C       System.$pdata$_ZN6System16MakeErrorMessageEv
 0005:000003A8       System.$pdata$_ZN6System16TryOpenForOutputERNS_8TTextRecE
 0005:00001038       System.$pdata$_ZN6System16UnregisterModuleEPNS_10TLibModuleE
 0005:0000129C       System.$pdata$_ZN6System16_CleanupInstanceEPv
 0005:00000A38       System.$pdata$_ZN6System16_ExitDllLongJumpERNS_17__TExitDllJumpBufEi
 0005:00000D38       System.$pdata$_ZN6System16_InitializeArrayEPvS0_y
 0005:00000DF8       System.$pdata$_ZN6System17DynArraySetLengthERPvS0_xPx
 0005:00000F54       System.$pdata$_ZN6System17GetLocaleOverrideENS_13UnicodeStringE
 0005:000001F8       System.$pdata$_ZN6System17ReleaseRaiseFrameEPNS_11TRaiseFrameE
 0005:00000F6C       System.$pdata$_ZN6System17SetLocaleOverrideENS_13UnicodeStringE
 0005:00001290       System.$pdata$_ZN6System17UnregisterWeakRefEPvPNS_7TObjectE
 0005:00000A50       System.$pdata$_ZN6System17WriteErrorMessageEv
 0005:0000096C       System.$pdata$_ZN6System17_DestroyExceptionEP18TExceptionPointersy
 0005:00000D2C       System.$pdata$_ZN6System17_InitializeRecordEPvS0_
 0005:00000A8C       System.$pdata$_ZN6System17_NewUnicodeStringEi
 0005:00000B4C       System.$pdata$_ZN6System17_UStrFromPCharLenERNS_13UnicodeStringEPci
 0005:000002E8       System.$pdata$_ZN6System17__FlushMBCSBufferERNS_8TTextRecE
 0005:00000090       System.$pdata$_ZN6System18AllocateLargeBlockEy
 0005:000001EC       System.$pdata$_ZN6System18AllocateRaiseFrameEv
 0005:00000E7C       System.$pdata$_ZN6System18FinalizeLocaleDateEv
 0005:00000DE0       System.$pdata$_ZN6System18InternalHasWeakRefEPNS_9TTypeInfoE
 0005:00000FD8       System.$pdata$_ZN6System18LoadResourceModuleEPwb
 0005:00001278       System.$pdata$_ZN6System18MarkWeakReferencedEPNS_7TObjectE
 0005:00000114       System.$pdata$_ZN6System18NativeUIntToStrBufEyPc
 0005:00001014       System.$pdata$_ZN6System18NotifyModuleUnloadEy
 0005:0000018C       System.$pdata$_ZN6System18ScanForMemoryLeaksEv
 0005:000006F0       System.$pdata$_ZN6System18_AfterConstructionEPNS_7TObjectE
 0005:00000708       System.$pdata$_ZN6System18_BeforeDestructionEPNS_7TObjectEa
 0005:00000DC8       System.$pdata$_ZN6System18_DispCallByIDErrorEPvNS_15DelphiInterfaceI9IDispatchEEPNS_9TDispDescES0_
 0005:00000E28       System.$pdata$_ZN6System18_DynArrayCopyRangeERPvS0_S0_xx
 0005:00000E10       System.$pdata$_ZN6System18_DynArraySetLengthERPvS0_x
 0005:00000B58       System.$pdata$_ZN6System18_LStrFromPWCharLenERNS_11AnsiStringTILt0EEEPwit
 0005:00000B28       System.$pdata$_ZN6System18_UStrFromPWCharLenERNS_13UnicodeStringEPwi
 0005:00000B34       System.$pdata$_ZN6System18_WStrFromPWCharLenERNS_10WideStringEPwi
 0005:00000FFC       System.$pdata$_ZN6System19AddModuleUnloadProcEPFvyE
 0005:00001080       System.$pdata$_ZN6System19ArrayOfPointerClearEPPv
 0005:00000FF0       System.$pdata$_ZN6System19EnumResourceModulesEPFbyPvES0_
 0005:00000900       System.$pdata$_ZN6System19NotifyExceptFinallyEy
 0005:000012F0       System.$pdata$_ZN6System19UTF8ToUnicodeStringERKNS_11SmallStringILh255EEE
 0005:00000A80       System.$pdata$_ZN6System19_UnhandledExceptionEv
 0005:00000120       System.$pdata$_ZN6System20AppendStringToBufferEPKcS1_j
 0005:00000E70       System.$pdata$_ZN6System20InitializeLocaleDataEv
 0005:000000A8       System.$pdata$_ZN6System20ReallocateLargeBlockEPvy
 0005:00001344       System.$pdata$_ZN6System20SetUTF8CompareLocaleEv
 0005:000001BC       System.$pdata$_ZN6System21FinalizeMemoryManagerEv
 0005:00000E64       System.$pdata$_ZN6System21FindResourceHInstanceEy
 0005:00000FC0       System.$pdata$_ZN6System21GetResourceModuleNameENS_13UnicodeStringES0_
 0005:00000BD0       System.$pdata$_ZN6System21InternalUniqueStringAERNS_11AnsiStringTILt0EEE
 0005:00000BC4       System.$pdata$_ZN6System21InternalUniqueStringUERNS_13UnicodeStringE
 0005:00000054       System.$pdata$_ZN6System21RemoveMediumFreeBlockEPNS_16TMediumFreeBlockE
 0005:000002AC       System.$pdata$_ZN6System21SetMXCSRExceptionFlagEj
 0005:000009FC       System.$pdata$_ZN6System21_InitResStringImportsEPv
 0005:0000021C       System.$pdata$_ZN6System22AcquireExceptionObjectEv
 0005:00001320       System.$pdata$_ZN6System22LocaleCharsFromUnicodeEjjPwiPciS1_Pi
 0005:00001008       System.$pdata$_ZN6System22RemoveModuleUnloadProcEPFvyE
 0005:0000132C       System.$pdata$_ZN6System22UnicodeFromLocaleCharsEjjPciPwi
 0005:00000474       System.$pdata$_ZN6System22_InitializeControlWordEv
 0005:0000012C       System.$pdata$_ZN6System23AppendClassNameToBufferEPNS_10TMetaClassEPc
 0005:0000108C       System.$pdata$_ZN6System23ArrayOfPointerSetLengthEPPvx
 0005:00000E58       System.$pdata$_ZN6System23DelayLoadResourceModuleEPNS_10TLibModuleE
 0005:000001A4       System.$pdata$_ZN6System23InitializeMemoryManagerEv
 0005:000012E4       System.$pdata$_ZN6System23UTF8EncodeToShortStringENS_13UnicodeStringE
 0005:0000069C       System.$pdata$_ZN6System23UTF8ShortStringToStringERKNS_11SmallStringILh255EEE
 0005:00000930       System.$pdata$_ZN6System23_DelphiExceptionHandlerEPNS_16TExceptionRecordEyPvS2_
 0005:00000924       System.$pdata$_ZN6System24FindOnExceptionDescEntryEPNS_18TDispatcherContextEPvPNS_8TExcDescE
 0005:00000060       System.$pdata$_ZN6System24InsertMediumBlockIntoBinEPNS_16TMediumFreeBlockEj
 0005:00000B40       System.$pdata$_ZN6System24InternalUStrFromPCharLenERNS_13UnicodeStringEPcii
 0005:000008D0       System.$pdata$_ZN6System24NotifyNonDelphiExceptionEPvPNS_8TContextE
 0005:00000198       System.$pdata$_ZN6System25BuildBlockTypeLookupTableEv
 0005:000000FC       System.$pdata$_ZN6System25GetFirstMediumBlockInPoolEPNS_22TMediumBlockPoolHeaderE
 0005:00000F30       System.$pdata$_ZN6System25InternalGetLocaleOverrideENS_13UnicodeStringE
 0005:00000A20       System.$pdata$_ZN6System25_FinalizeResStringImportsEPv
 0005:0000015C       System.$pdata$_ZN6System27LockExpectedMemoryLeaksListEv
 0005:00000168       System.$pdata$_ZN6System29SysRegisterExpectedMemoryLeakEPv
 0005:00000108       System.$pdata$_ZN6System31GetFirstAndLastSmallBlockInPoolEPNS_21TSmallBlockPoolHeaderERPvS3_
 0005:00000174       System.$pdata$_ZN6System31SysUnregisterExpectedMemoryLeakEPv
 0005:00000078       System.$pdata$_ZN6System32AllocNewSequentialFeedMediumPoolEj
 0005:0000006C       System.$pdata$_ZN6System32BinMediumSequentialFeedRemainderEv
 0005:00000D20       System.$pdata$_ZN6System3PosENS_13UnicodeStringES0_i
 0005:00000D14       System.$pdata$_ZN6System3PosERKNS_11SmallStringILh255EEES3_i
 0005:00000270       System.$pdata$_ZN6System4MoveEPKvPvx
 0005:000002DC       System.$pdata$_ZN6System4_AbsEe
 0005:00000240       System.$pdata$_ZN6System5ErrorENS_13TRuntimeErrorE
 0005:0000036C       System.$pdata$_ZN6System5FlushERNS_8TextfileE
 0005:0000000C       System.$pdata$_ZN6System5Move8EPKvPvx
 0005:00001350       System.$pdata$_ZN6System5TGUID12_op_EqualityERK5_GUIDS3_
 0005:0000135C       System.$pdata$_ZN6System5TGUID14_op_InequalityERK5_GUIDS3_
 0005:00001380       System.$pdata$_ZN6System5TGUID5EmptyEv
 0005:00001374       System.$pdata$_ZN6System5TGUID6CreateEPKhijb
 0005:00001368       System.$pdata$_ZN6System5TGUID6CreateEPKvb
 0005:00000C0C       System.$pdata$_ZN6System5_CopyERKNS_11SmallStringILh255EEEii
 0005:00000A68       System.$pdata$_ZN6System5_HaltEi
 0005:00000018       System.$pdata$_ZN6System6Move24EPKvPvx
 0005:00000024       System.$pdata$_ZN6System6Move40EPKvPvx
 0005:00000030       System.$pdata$_ZN6System6Move56EPKvPvx
 0005:0000030C       System.$pdata$_ZN6System6TextInERNS_8TTextRecE
 0005:00000384       System.$pdata$_ZN6System6_CloseERNS_8TTextRecE
 0005:00000378       System.$pdata$_ZN6System6_FlushERNS_8TTextRecE
 0005:00000A5C       System.$pdata$_ZN6System6_Halt0Ev
 0005:000002C4       System.$pdata$_ZN6System6_RoundEe
 0005:000002D0       System.$pdata$_ZN6System6_TruncEe
 0005:00000234       System.$pdata$_ZN6System7ErrorAtEhPv
 0005:00000A44       System.$pdata$_ZN6System7ExitDllEPNS_12TInitContextE
 0005:00000444       System.$pdata$_ZN6System7Power10Eei
 0005:00000324       System.$pdata$_ZN6System7TextOutERNS_8TTextRecE
 0005:000006B4       System.$pdata$_ZN6System7TObject10MethodNameEPv
 0005:000004C8       System.$pdata$_ZN6System7TObject11ClassNameIsENS_13UnicodeStringE
 0005:000004E0       System.$pdata$_ZN6System7TObject11ClassParentEv
 0005:000005AC       System.$pdata$_ZN6System7TObject11GetHashCodeEv
 0005:000004F8       System.$pdata$_ZN6System7TObject11NewInstanceEv
 0005:000006CC       System.$pdata$_ZN6System7TObject12FieldAddressENS_13UnicodeStringE
 0005:000006C0       System.$pdata$_ZN6System7TObject12FieldAddressERKNS_11SmallStringILh255EEE
 0005:00000504       System.$pdata$_ZN6System7TObject12FreeInstanceEv
 0005:000005B8       System.$pdata$_ZN6System7TObject12GetInterfaceERK5_GUIDPv
 0005:00000624       System.$pdata$_ZN6System7TObject12InheritsFromEPNS_10TMetaClassE
 0005:0000057C       System.$pdata$_ZN6System7TObject12InitInstanceEPv
 0005:000004EC       System.$pdata$_ZN6System7TObject12InstanceSizeEv
 0005:000006A8       System.$pdata$_ZN6System7TObject13MethodAddressENS_13UnicodeStringE
 0005:00000690       System.$pdata$_ZN6System7TObject13MethodAddressERKNS_11SmallStringILh255EEE
 0005:00000654       System.$pdata$_ZN6System7TObject14DefaultHandlerEPv
 0005:00000588       System.$pdata$_ZN6System7TObject15CleanupInstanceEv
 0005:00000660       System.$pdata$_ZN6System7TObject17AfterConstructionEv
 0005:0000066C       System.$pdata$_ZN6System7TObject17BeforeDestructionEv
 0005:000005D0       System.$pdata$_ZN6System7TObject17GetInterfaceEntryERK5_GUID
 0005:00000570       System.$pdata$_ZN6System7TObject17GetInterfaceTableEv
 0005:0000063C       System.$pdata$_ZN6System7TObject17SafeCallExceptionEPS0_Pv
 0005:000004B0       System.$pdata$_ZN6System7TObject18QualifiedClassNameEv
 0005:00000558       System.$pdata$_ZN6System7TObject4FreeEv
 0005:000005A0       System.$pdata$_ZN6System7TObject6EqualsEPS0_
 0005:00000678       System.$pdata$_ZN6System7TObject8DispatchEPv
 0005:00000648       System.$pdata$_ZN6System7TObject8ToStringEv
 0005:000005DC       System.$pdata$_ZN6System7TObject8UnitNameEv
 0005:00000630       System.$pdata$_ZN6System7TObject9ClassInfoEv
 0005:000004A4       System.$pdata$_ZN6System7TObject9ClassNameEv
 0005:00000498       System.$pdata$_ZN6System7TObject9ClassTypeEv
 0005:00000510       System.$pdata$_ZN6System7TObject9CPP_ABI_1Ev
 0005:0000051C       System.$pdata$_ZN6System7TObject9CPP_ABI_2Ev
 0005:00000528       System.$pdata$_ZN6System7TObject9CPP_ABI_3Ev
 0005:00000564       System.$pdata$_ZN6System7TObject9DisposeOfEv
 0005:000005E8       System.$pdata$_ZN6System7TObject9UnitScopeEv
 0005:00000534       System.$pdata$_ZN6System7TObjectC3Ev
 0005:0000054C       System.$pdata$_ZN6System7TObjectD0Ev
 0005:000001C8       System.$pdata$_ZN6System7_GetMemEx
 0005:00000D50       System.$pdata$_ZN6System7_VarClrER8TVarData
 0005:0000045C       System.$pdata$_ZN6System8GetCPUIDEjj
 0005:000002B8       System.$pdata$_ZN6System8GetMXCSREv
 0005:00000264       System.$pdata$_ZN6System8IOResultEv
 0005:000002F4       System.$pdata$_ZN6System8OpenTextERNS_8TTextRecEt
 0005:00000354       System.$pdata$_ZN6System8TextOpenERNS_8TTextRecE
 0005:00000804       System.$pdata$_ZN6System8TMonitor10GetMonitorEPNS_7TObjectE
 0005:00000840       System.$pdata$_ZN6System8TMonitor11QueueWaiterERNS0_14TWaitingThreadE
 0005:00000858       System.$pdata$_ZN6System8TMonitor12RemoveWaiterERNS0_14TWaitingThreadE
 0005:00000870       System.$pdata$_ZN6System8TMonitor12SetSpinCountEPNS_7TObjectEi
 0005:000007B0       System.$pdata$_ZN6System8TMonitor13DequeueWaiterEv
 0005:000007F8       System.$pdata$_ZN6System8TMonitor15GetFieldAddressEPNS_7TObjectE
 0005:00000744       System.$pdata$_ZN6System8TMonitor16GetCacheLineSizeEv
 0005:00000768       System.$pdata$_ZN6System8TMonitor17CheckOwningThreadEv
 0005:0000075C       System.$pdata$_ZN6System8TMonitor19CheckMonitorSupportEv
 0005:000007E0       System.$pdata$_ZN6System8TMonitor4ExitEPNS_7TObjectE
 0005:000007D4       System.$pdata$_ZN6System8TMonitor4ExitEv
 0005:00000738       System.$pdata$_ZN6System8TMonitor4SpinEi
 0005:000008AC       System.$pdata$_ZN6System8TMonitor4WaitEPNS_7TObjectEj
 0005:000008B8       System.$pdata$_ZN6System8TMonitor4WaitEPNS_7TObjectES2_j
 0005:00000894       System.$pdata$_ZN6System8TMonitor4WaitEPS0_j
 0005:000007C8       System.$pdata$_ZN6System8TMonitor5EnterEj
 0005:00000798       System.$pdata$_ZN6System8TMonitor5EnterEPNS_7TObjectE
 0005:000007A4       System.$pdata$_ZN6System8TMonitor5EnterEPNS_7TObjectEj
 0005:0000081C       System.$pdata$_ZN6System8TMonitor5PulseEPNS_7TObjectE
 0005:00000810       System.$pdata$_ZN6System8TMonitor5PulseEv
 0005:00000774       System.$pdata$_ZN6System8TMonitor6CreateEv
 0005:00000780       System.$pdata$_ZN6System8TMonitor7DestroyEPNS_7TObjectE
 0005:0000078C       System.$pdata$_ZN6System8TMonitor7DestroyEv
 0005:000007EC       System.$pdata$_ZN6System8TMonitor8GetEventEv
 0005:00000834       System.$pdata$_ZN6System8TMonitor8PulseAllEPNS_7TObjectE
 0005:00000828       System.$pdata$_ZN6System8TMonitor8PulseAllEv
 0005:0000087C       System.$pdata$_ZN6System8TMonitor8TryEnterEPNS_7TObjectE
 0005:00000888       System.$pdata$_ZN6System8TMonitor8TryEnterEv
 0005:0000072C       System.$pdata$_ZN6System8TMonitor9TSpinLock4ExitEv
 0005:00000720       System.$pdata$_ZN6System8TMonitor9TSpinLock5EnterEv
 0005:00000714       System.$pdata$_ZN6System8TMonitor9TSpinWait9SpinCycleEv
 0005:00000600       System.$pdata$_ZN6System8_AsClassEPNS_7TObjectEPNS_10TMetaClassE
 0005:00000C00       System.$pdata$_ZN6System8_AStrCmpEPKcS1_x
 0005:00000DB0       System.$pdata$_ZN6System8_DisposeEPvS0_
 0005:00000480       System.$pdata$_ZN6System8_FpuInitEv
 0005:000001D4       System.$pdata$_ZN6System8_FreeMemEPv
 0005:0000048C       System.$pdata$_ZN6System8_IntOverEv
 0005:000005F4       System.$pdata$_ZN6System8_IsClassEPNS_7TObjectEPNS_10TMetaClassE
 0005:00000B88       System.$pdata$_ZN6System8_LStrAsgERNS_11AnsiStringTILt0EEES1_
 0005:00000ABC       System.$pdata$_ZN6System8_LStrClrEPv
 0005:00000BA0       System.$pdata$_ZN6System8_LStrLenENS_11AnsiStringTILt65535EEE
 0005:00000B64       System.$pdata$_ZN6System8_UStrAsgERNS_13UnicodeStringES0_
 0005:00000CCC       System.$pdata$_ZN6System8_UStrCatERNS_13UnicodeStringES0_
 0005:00000AB0       System.$pdata$_ZN6System8_UStrClrEPv
 0005:00000CF0       System.$pdata$_ZN6System8_UStrCmpENS_13UnicodeStringES0_
 0005:00000B94       System.$pdata$_ZN6System8_UStrLenENS_13UnicodeStringE
 0005:0000039C       System.$pdata$_ZN6System8_ValLongENS_13UnicodeStringERi
 0005:00000D74       System.$pdata$_ZN6System8_VarCopyER8TVarDataRKS0_
 0005:00000438       System.$pdata$_ZN6System8_WriteLnERNS_8TTextRecE
 0005:00000B7C       System.$pdata$_ZN6System8_WStrAsgERNS_10WideStringES0_
 0005:00000AC8       System.$pdata$_ZN6System8_WStrClrEPv
 0005:0000024C       System.$pdata$_ZN6System8__IOTestEv
 0005:000002A0       System.$pdata$_ZN6System9Get8087CWEv
 0005:0000099C       System.$pdata$_ZN6System9InitUnitsEv
 0005:00000DA4       System.$pdata$_ZN6System9MoveArrayEPvS0_S0_x
 0005:0000003C       System.$pdata$_ZN6System9MoveX16LPEPKvPvx
 0005:000000B4       System.$pdata$_ZN6System9SysGetMemEx
 0005:0000033C       System.$pdata$_ZN6System9TextCloseERNS_8TTextRecE
 0005:000010E0       System.$pdata$_ZN6System9TInstItem11RegisterRefERNS_11StaticArrayINS_12DynamicArrayIPPvEELi31EEES3_
 0005:000010A4       System.$pdata$_ZN6System9TInstItem13ClearWeakRefsEv
 0005:000010F8       System.$pdata$_ZN6System9TInstItem13UnregisterRefERNS_11StaticArrayINS_12DynamicArrayIPPvEELi31EEES3_
 0005:00001110       System.$pdata$_ZN6System9TInstItem15RegisterWeakRefEPv
 0005:0000111C       System.$pdata$_ZN6System9TInstItem17UnregisterWeakRefEPv
 0005:00001128       System.$pdata$_ZN6System9TInstItem21RegisterWeakMethodRefEPv
 0005:00001134       System.$pdata$_ZN6System9TInstItem23UnregisterWeakMethodRefEPv
 0005:000010D4       System.$pdata$_ZN6System9TInstItem4FreeEv
 0005:000010B0       System.$pdata$_ZN6System9TInstItem4LockEv
 0005:00001098       System.$pdata$_ZN6System9TInstItem6CreateEv
 0005:000010BC       System.$pdata$_ZN6System9TInstItem6UnlockEv
 0005:000010C8       System.$pdata$_ZN6System9TInstItem7DestroyEv
 0005:00000AA4       System.$pdata$_ZN6System9WStrErrorEv
 0005:00000390       System.$pdata$_ZN6System9_FillCharEPvxc
 0005:00000D68       System.$pdata$_ZN6System9_FinalizeEPvS0_
 0005:00000450       System.$pdata$_ZN6System9_GetCPUIDEjj
 0005:00001068       System.$pdata$_ZN6System9_IntfCastERNS_15DelphiInterfaceINS_10IInterfaceEEES2_RK5_GUID
 0005:0000105C       System.$pdata$_ZN6System9_IntfCopyERNS_15DelphiInterfaceINS_10IInterfaceEEES2_
 0005:00000BAC       System.$pdata$_ZN6System9_PCharLenEPc
 0005:00000A74       System.$pdata$_ZN6System9_RunErrorEh
 0005:000009B4       System.$pdata$_ZN6System9_StartExeEPNS_16PackageInfoTableEPNS_10TLibModuleE
 0005:00000CD8       System.$pdata$_ZN6System9_UStrCat3ERNS_13UnicodeStringES0_S0_
 0005:00000CE4       System.$pdata$_ZN6System9_UStrCatNERNS_13UnicodeStringEi
 0005:00000D08       System.$pdata$_ZN6System9_UStrCopyENS_13UnicodeStringEii
 0005:00000B70       System.$pdata$_ZN6System9_UStrLAsgERNS_13UnicodeStringES0_
 0005:000003D8       System.$pdata$_ZZN6System11_Write0CharERNS_8TTextRecEcE26WriteUnicodeFromMBCSBufferPv
 0005:00000138       System.$pdata$_ZZN6System14GetObjectClassEPvE17IsValidVMTAddressS0_S0_
 0005:00000144       System.$pdata$_ZZN6System14GetObjectClassEPvE20InternalIsValidClassS0_S0_i
 0005:00000E94       System.$pdata$_ZZN6System14GetUILanguagesEtE13LastHyphenPosPvNS_13UnicodeStringE
 0005:00000EE8       System.$pdata$_ZZN6System14GetUILanguagesEtE17ThreadUILanguagesPvRi
 0005:00000EAC       System.$pdata$_ZZN6System14GetUILanguagesEtE23ConvertResToUILanguagesPvPc
 0005:00000EF4       System.$pdata$_ZZN6System14GetUILanguagesEtE24GetPreferredLangForNewOSPvt
 0005:00000EC4       System.$pdata$_ZZN6System14GetUILanguagesEtE24GetPreferredLangForOldOSPvt
 0005:00000EDC       System.$pdata$_ZZN6System14GetUILanguagesEtE26CheckDifferentLanguageListPvPwS1_i
 0005:00000180       System.$pdata$_ZZN6System18ScanForMemoryLeaksEvE27CheckSmallBlockPoolForLeaksPvPNS_21TSmallBlockPoolHeaderE
 0005:00000F90       System.$pdata$_ZZN6System21GetResourceModuleNameENS_13UnicodeStringES0_E16LoadLanguageListPvS0_S0_
 0005:00000F78       System.$pdata$_ZZN6System21GetResourceModuleNameENS_13UnicodeStringES0_E16ResouceDLLExistsPvS0_
 0005:00000FA8       System.$pdata$_ZZN6System21GetResourceModuleNameENS_13UnicodeStringES0_E18Load3LettersModulePvS0_
 0005:00000F24       System.$pdata$_ZZN6System25InternalGetLocaleOverrideENS_13UnicodeStringEE10ToLongPathPvPwi
 0005:00000F18       System.$pdata$_ZZN6System25InternalGetLocaleOverrideENS_13UnicodeStringEE6FindBSPvPw
 0001:00002500       System.$thunk_GetLogicalProcessorInformation
 0001:000023D0       System.$thunk_MessageBoxA
 0002:00000E60       System.$unwind$_ZN6System10ExceptAddrEv
 0002:000000B0       System.$unwind$_ZN6System10GetCmdShowEv
 0002:00001BC4       System.$unwind$_ZN6System10MoveRecordEPvS0_S0_
 0002:00000E70       System.$unwind$_ZN6System10RunErrorAtEiPv
 0002:000020F0       System.$unwind$_ZN6System10StringCopyEPwiS0_
 0002:00000D00       System.$unwind$_ZN6System10SysFreeMemEPv
 0002:00001BD4       System.$unwind$_ZN6System10_CopyArrayEPvS0_S0_y
 0002:00002404       System.$unwind$_ZN6System10_IntfClearERNS_15DelphiInterfaceINS_10IInterfaceEEE
 0002:00001A08       System.$unwind$_ZN6System10_PWCharLenEPw
 0002:00001B3C       System.$unwind$_ZN6System10_UStrEqualENS_13UnicodeStringES0_
 0002:00000F14       System.$unwind$_ZN6System11FileNOPProcEPv
 0002:000027C4       System.$unwind$_ZN6System11GetCPUCountEv
 0002:00000E9C       System.$unwind$_ZN6System11SetInOutResEi
 0002:00000D30       System.$unwind$_ZN6System11ShowMessageEPcS0_
 0002:00000D24       System.$unwind$_ZN6System11SysAllocMemEx
 0002:0000253C       System.$unwind$_ZN6System11TInstBucket10InitializeEv
 0002:0000250C       System.$unwind$_ZN6System11TInstBucket11AddInstItemEiPNS_9TInstItemE
 0002:00002520       System.$unwind$_ZN6System11TInstBucket12FindInstItemEPvRi
 0002:0000254C       System.$unwind$_ZN6System11TInstBucket14RemoveInstItemEPv
 0002:00002544       System.$unwind$_ZN6System11TInstBucket4LockEv
 0002:0000255C       System.$unwind$_ZN6System11TInstBucket6UnlockEv
 0002:00002530       System.$unwind$_ZN6System11TInstBucket8FinalizeEv
 0002:000013CC       System.$unwind$_ZN6System11UTF8CompareERKNS_11SmallStringILh255EEES3_
 0002:00001BB4       System.$unwind$_ZN6System11_CopyRecordEPvS0_S0_
 0002:0000172C       System.$unwind$_ZN6System11_DoneExceptEv
 0002:00002430       System.$unwind$_ZN6System11_IntfAddRefENS_15DelphiInterfaceINS_10IInterfaceEEE
 0002:00001710       System.$unwind$_ZN6System11_RaiseAgainEv
 0002:00000E10       System.$unwind$_ZN6System11_ReallocMemERPvx
 0002:00000F04       System.$unwind$_ZN6System11_RewritTextERNS_8TTextRecE
 0002:00001958       System.$unwind$_ZN6System11_UStrAddRefEPv
 0002:00001140       System.$unwind$_ZN6System11_Write0CharERNS_8TTextRecEc
 0002:000010D0       System.$unwind$_ZN6System11_WriteBytesERNS_8TTextRecEPKvi
 0002:00000E58       System.$unwind$_ZN6System12ExceptObjectEv
 0002:000027F8       System.$unwind$_ZN6System12FinalizationEv
 0002:00000EBC       System.$unwind$_ZN6System12FRaiseExceptEjb
 0002:0000167C       System.$unwind$_ZN6System12NotifyExceptEy
 0002:00002594       System.$unwind$_ZN6System12TInstHashMap10InitializeEv
 0002:00002574       System.$unwind$_ZN6System12TInstHashMap11NewInstItemEPv
 0002:0000257C       System.$unwind$_ZN6System12TInstHashMap11PopInstItemEv
 0002:00002568       System.$unwind$_ZN6System12TInstHashMap12FreeInstItemEPNS_9TInstItemE
 0002:000026B4       System.$unwind$_ZN6System12TInstHashMap12IsRegisteredEPv
 0002:000025F4       System.$unwind$_ZN6System12TInstHashMap15RegisterWeakRefEPvS1_
 0002:00002624       System.$unwind$_ZN6System12TInstHashMap17UnregisterWeakRefEPvS1_
 0002:00002654       System.$unwind$_ZN6System12TInstHashMap21RegisterWeakMethodRefEPvS1_
 0002:00002564       System.$unwind$_ZN6System12TInstHashMap22AddressAndTagToRawDataEPKvy
 0002:00002684       System.$unwind$_ZN6System12TInstHashMap23UnregisterWeakMethodRefEPvS1_
 0002:000025C4       System.$unwind$_ZN6System12TInstHashMap7DestroyEPv
 0002:00002588       System.$unwind$_ZN6System12TInstHashMap8FinalizeEv
 0002:00001A34       System.$unwind$_ZN6System12UniqueStringERNS_13UnicodeStringE
 0002:0000279C       System.$unwind$_ZN6System12UTF8ToStringERKNS_11SmallStringILh255EEE
 0002:00001430       System.$unwind$_ZN6System12_ClassCreateEPva
 0002:00001CA0       System.$unwind$_ZN6System12_DynArrayAsgERPvS0_S0_
 0002:00001888       System.$unwind$_ZN6System12_InitImportsEPv
 0002:0000138C       System.$unwind$_ZN6System12_IntfAsClassENS_15DelphiInterfaceINS_10IInterfaceEEEPNS_10TMetaClassE
 0002:00001A60       System.$unwind$_ZN6System12_LStrToPCharENS_11AnsiStringTILt0EEE
 0002:00001704       System.$unwind$_ZN6System12_RaiseExceptEPNS_7TObjectE
 0002:000010E0       System.$unwind$_ZN6System12_WriteSpacesERNS_8TTextRecEi
 0002:00001964       System.$unwind$_ZN6System13CharFromWCharEPciPKwi
 0002:0000195C       System.$unwind$_ZN6System13CharFromWCharEPciPKwii
 0002:00001BFC       System.$unwind$_ZN6System13FinalizeArrayEPvS0_y
 0002:00001744       System.$unwind$_ZN6System13FinalizeUnitsEv
 0002:00000DF0       System.$unwind$_ZN6System13FreeAllMemoryEv
 0002:00001398       System.$unwind$_ZN6System13GetDynaMethodEPNS_10TMetaClassEs
 0002:00000F24       System.$unwind$_ZN6System13InternalCloseEy
 0002:00000F4C       System.$unwind$_ZN6System13InternalFlushERNS_8TTextRecEPFiS1_E
 0002:000027A4       System.$unwind$_ZN6System13LoadResStringEPNS_13TResStringRecE
 0002:00001668       System.$unwind$_ZN6System13NotifyReRaiseEPNS_7TObjectEPv
 0002:00001C24       System.$unwind$_ZN6System13SysHasWeakRefEPKv
 0002:00000D10       System.$unwind$_ZN6System13SysReallocMemEPvx
 0002:00002748       System.$unwind$_ZN6System13UnicodeToUtf8EPcjPwj
 0002:00002754       System.$unwind$_ZN6System13Utf8ToUnicodeEPwjPcj
 0002:0000196C       System.$unwind$_ZN6System13WCharFromCharEPwiPKcii
 0002:00001438       System.$unwind$_ZN6System13_ClassDestroyEPNS_7TObjectE
 0002:00001C7C       System.$unwind$_ZN6System13_DynArrayCopyERPvS0_S0_
 0002:00002718       System.$unwind$_ZN6System13_IntfWeakCopyERNS_15DelphiInterfaceINS_10IInterfaceEEES2_
 0002:0000193C       System.$unwind$_ZN6System13_LStrArrayClrEPvi
 0002:00001A7C       System.$unwind$_ZN6System13_LStrFromUStrERNS_11AnsiStringTILt0EEENS_13UnicodeStringEt
 0002:00001930       System.$unwind$_ZN6System13_UStrArrayClrEPvi
 0002:00001AD4       System.$unwind$_ZN6System13_UStrFromLStrERNS_13UnicodeStringENS_11AnsiStringTILt0EEE
 0002:00001AA4       System.$unwind$_ZN6System13_UStrToPWCharENS_13UnicodeStringE
 0002:00001184       System.$unwind$_ZN6System13_WriteUStringERNS_8TTextRecENS_13UnicodeStringEi
 0002:00001948       System.$unwind$_ZN6System13_WStrArrayClrEPvi
 0002:00001ADC       System.$unwind$_ZN6System13_WStrFromUStrERNS_10WideStringENS_13UnicodeStringE
 0002:00000EC4       System.$unwind$_ZN6System14FGetExceptMaskEj
 0002:00000CC8       System.$unwind$_ZN6System14FreeLargeBlockEPv
 0002:00000EB0       System.$unwind$_ZN6System14FSetExceptFlagEjj
 0002:00000D90       System.$unwind$_ZN6System14GetObjectClassEPv
 0002:000021B0       System.$unwind$_ZN6System14GetUILanguagesEt
 0002:00002824       System.$unwind$_ZN6System14initializationEv
 0002:000017C4       System.$unwind$_ZN6System14LoadResStringAEPNS_13TResStringRecEt
 0002:00001824       System.$unwind$_ZN6System14LoadResStringUEPNS_13TResStringRecE
 0002:000017F4       System.$unwind$_ZN6System14LoadResStringWEPNS_13TResStringRecE
 0002:00001684       System.$unwind$_ZN6System14NotifyOnExceptEy
 0002:000023D4       System.$unwind$_ZN6System14RegisterModuleEPNS_10TLibModuleE
 0002:00001C94       System.$unwind$_ZN6System14_DynArrayClearERPvS0_
 0002:00001B94       System.$unwind$_ZN6System14_FinalizeArrayEPvS0_y
 0002:0000270C       System.$unwind$_ZN6System14_IntfWeakClearERNS_15DelphiInterfaceINS_10IInterfaceEEE
 0002:00001A68       System.$unwind$_ZN6System14_LStrSetLengthERNS_11AnsiStringTILt0EEEit
 0002:000018FC       System.$unwind$_ZN6System14_NewAnsiStringEit
 0002:000016F4       System.$unwind$_ZN6System14_RaiseAtExceptEPNS_7TObjectEPv
 0002:00001A2C       System.$unwind$_ZN6System14_UniqueStringAERNS_11AnsiStringTILt0EEE
 0002:00001A24       System.$unwind$_ZN6System14_UniqueStringUERNS_13UnicodeStringE
 0002:00001AB4       System.$unwind$_ZN6System14_UStrFromPCharERNS_13UnicodeStringEPc
 0002:00001AAC       System.$unwind$_ZN6System14_UStrFromWCharERNS_13UnicodeStringEw
 0002:00001AEC       System.$unwind$_ZN6System14_UStrSetLengthERNS_13UnicodeStringEi
 0002:00001A94       System.$unwind$_ZN6System14_WCharToStringEPNS_11SmallStringILh255EEEwi
 0002:0000114C       System.$unwind$_ZN6System14_Write0LStringERNS_8TTextRecENS_11AnsiStringTILt0EEE
 0002:0000117C       System.$unwind$_ZN6System14_Write0UStringERNS_8TTextRecENS_13UnicodeStringE
 0002:000011D4       System.$unwind$_ZN6System15InitializeCPUIDEv
 0002:00000CB0       System.$unwind$_ZN6System15LockLargeBlocksEv
 0002:00000D40       System.$unwind$_ZN6System15NextMediumBlockEPv
 0002:0000168C       System.$unwind$_ZN6System15NotifyAnyExceptEy
 0002:0000169C       System.$unwind$_ZN6System15NotifyTerminateEy
 0002:000016A4       System.$unwind$_ZN6System15NotifyUnhandledEPvS0_
 0002:000026F0       System.$unwind$_ZN6System15RegisterWeakRefEPvPNS_7TObjectE
 0002:00000F34       System.$unwind$_ZN6System15TextOpenCleanupERNS_8TTextRecE
 0002:00001CAC       System.$unwind$_ZN6System15_DynArrayAddRefEPv
 0002:00001C10       System.$unwind$_ZN6System15_DynArrayLengthEPKv
 0002:00001B7C       System.$unwind$_ZN6System15_FinalizeRecordEPvS0_
 0002:00001A44       System.$unwind$_ZN6System15_LStrFromPWCharERNS_11AnsiStringTILt0EEEPwt
 0002:00001AC0       System.$unwind$_ZN6System15_UStrFromPWCharERNS_13UnicodeStringEPw
 0002:00001AE4       System.$unwind$_ZN6System15_UStrFromStringERNS_13UnicodeStringERKNS_11SmallStringILh255EEE
 0002:00001ACC       System.$unwind$_ZN6System15_UStrFromWArrayERNS_13UnicodeStringEPwi
 0002:00001A84       System.$unwind$_ZN6System16InternalUStrCatNERNS_13UnicodeStringEiPS0_
 0002:00001304       System.$unwind$_ZN6System16InvokeImplGetterEPNS_7TObjectEy
 0002:00000C8C       System.$unwind$_ZN6System16LockMediumBlocksEv
 0002:000018A8       System.$unwind$_ZN6System16MakeErrorMessageEv
 0002:000010C8       System.$unwind$_ZN6System16TryOpenForOutputERNS_8TTextRecE
 0002:000023D8       System.$unwind$_ZN6System16UnregisterModuleEPNS_10TLibModuleE
 0002:00002704       System.$unwind$_ZN6System16_CleanupInstanceEPv
 0002:000018AC       System.$unwind$_ZN6System16_ExitDllLongJumpERNS_17__TExitDllJumpBufEi
 0002:00001B6C       System.$unwind$_ZN6System16_InitializeArrayEPvS0_y
 0002:00001C30       System.$unwind$_ZN6System17DynArraySetLengthERPvS0_xPx
 0002:0000224C       System.$unwind$_ZN6System17GetLocaleOverrideENS_13UnicodeStringE
 0002:00000E4C       System.$unwind$_ZN6System17ReleaseRaiseFrameEPNS_11TRaiseFrameE
 0002:0000227C       System.$unwind$_ZN6System17SetLocaleOverrideENS_13UnicodeStringE
 0002:000026FC       System.$unwind$_ZN6System17UnregisterWeakRefEPvPNS_7TObjectE
 0002:000018C0       System.$unwind$_ZN6System17WriteErrorMessageEv
 0002:0000171C       System.$unwind$_ZN6System17_DestroyExceptionEP18TExceptionPointersy
 0002:00001B60       System.$unwind$_ZN6System17_InitializeRecordEPvS0_
 0002:000018F4       System.$unwind$_ZN6System17_NewUnicodeStringEi
 0002:000019A4       System.$unwind$_ZN6System17_UStrFromPCharLenERNS_13UnicodeStringEPci
 0002:00000EF4       System.$unwind$_ZN6System17__FlushMBCSBufferERNS_8TTextRecE
 0002:00000CB8       System.$unwind$_ZN6System18AllocateLargeBlockEy
 0002:00000E3C       System.$unwind$_ZN6System18AllocateRaiseFrameEv
 0002:000020E8       System.$unwind$_ZN6System18FinalizeLocaleDateEv
 0002:00001C14       System.$unwind$_ZN6System18InternalHasWeakRefEPNS_9TTypeInfoE
 0002:0000234C       System.$unwind$_ZN6System18LoadResourceModuleEPwb
 0002:000026E4       System.$unwind$_ZN6System18MarkWeakReferencedEPNS_7TObjectE
 0002:00000D4C       System.$unwind$_ZN6System18NativeUIntToStrBufEyPc
 0002:00002398       System.$unwind$_ZN6System18NotifyModuleUnloadEy
 0002:00000DCC       System.$unwind$_ZN6System18ScanForMemoryLeaksEv
 0002:00001440       System.$unwind$_ZN6System18_AfterConstructionEPNS_7TObjectE
 0002:0000147C       System.$unwind$_ZN6System18_BeforeDestructionEPNS_7TObjectEa
 0002:00001C04       System.$unwind$_ZN6System18_DispCallByIDErrorEPvNS_15DelphiInterfaceI9IDispatchEEPNS_9TDispDescES0_
 0002:00001C84       System.$unwind$_ZN6System18_DynArrayCopyRangeERPvS0_S0_xx
 0002:00001C70       System.$unwind$_ZN6System18_DynArraySetLengthERPvS0_x
 0002:000019AC       System.$unwind$_ZN6System18_LStrFromPWCharLenERNS_11AnsiStringTILt0EEEPwit
 0002:00001974       System.$unwind$_ZN6System18_UStrFromPWCharLenERNS_13UnicodeStringEPwi
 0002:00001984       System.$unwind$_ZN6System18_WStrFromPWCharLenERNS_10WideStringEPwi
 0002:00002388       System.$unwind$_ZN6System19AddModuleUnloadProcEPFvyE
 0002:00002438       System.$unwind$_ZN6System19ArrayOfPointerClearEPPv
 0002:0000237C       System.$unwind$_ZN6System19EnumResourceModulesEPFbyPvES0_
 0002:00001694       System.$unwind$_ZN6System19NotifyExceptFinallyEy
 0002:0000276C       System.$unwind$_ZN6System19UTF8ToUnicodeStringERKNS_11SmallStringILh255EEE
 0002:000018E8       System.$unwind$_ZN6System19_UnhandledExceptionEv
 0002:00000D5C       System.$unwind$_ZN6System20AppendStringToBufferEPKcS1_j
 0002:000020E0       System.$unwind$_ZN6System20InitializeLocaleDataEv
 0002:00000CDC       System.$unwind$_ZN6System20ReallocateLargeBlockEPvy
 0002:000027CC       System.$unwind$_ZN6System20SetUTF8CompareLocaleEv
 0002:00000DF8       System.$unwind$_ZN6System21FinalizeMemoryManagerEv
 0002:00001CC0       System.$unwind$_ZN6System21FindResourceHInstanceEy
 0002:0000231C       System.$unwind$_ZN6System21GetResourceModuleNameENS_13UnicodeStringES0_
 0002:00001A18       System.$unwind$_ZN6System21InternalUniqueStringAERNS_11AnsiStringTILt0EEE
 0002:00001A0C       System.$unwind$_ZN6System21InternalUniqueStringUERNS_13UnicodeStringE
 0002:00000C94       System.$unwind$_ZN6System21RemoveMediumFreeBlockEPNS_16TMediumFreeBlockE
 0002:00000ED0       System.$unwind$_ZN6System21SetMXCSRExceptionFlagEj
 0002:00001854       System.$unwind$_ZN6System21_InitResStringImportsEPv
 0002:00000E68       System.$unwind$_ZN6System22AcquireExceptionObjectEv
 0002:000027B4       System.$unwind$_ZN6System22LocaleCharsFromUnicodeEjjPwiPciS1_Pi
 0002:00002390       System.$unwind$_ZN6System22RemoveModuleUnloadProcEPFvyE
 0002:000027BC       System.$unwind$_ZN6System22UnicodeFromLocaleCharsEjjPciPwi
 0002:000011E4       System.$unwind$_ZN6System22_InitializeControlWordEv
 0002:00000D68       System.$unwind$_ZN6System23AppendClassNameToBufferEPNS_10TMetaClassEPc
 0002:00002440       System.$unwind$_ZN6System23ArrayOfPointerSetLengthEPPvx
 0002:00001CB0       System.$unwind$_ZN6System23DelayLoadResourceModuleEPNS_10TLibModuleE
 0002:00000DE8       System.$unwind$_ZN6System23InitializeMemoryManagerEv
 0002:00002760       System.$unwind$_ZN6System23UTF8EncodeToShortStringENS_13UnicodeStringE
 0002:000013EC       System.$unwind$_ZN6System23UTF8ShortStringToStringERKNS_11SmallStringILh255EEE
 0002:000016C0       System.$unwind$_ZN6System23_DelphiExceptionHandlerEPNS_16TExceptionRecordEyPvS2_
 0002:000016B0       System.$unwind$_ZN6System24FindOnExceptionDescEntryEPNS_18TDispatcherContextEPvPNS_8TExcDescE
 0002:00000C98       System.$unwind$_ZN6System24InsertMediumBlockIntoBinEPNS_16TMediumFreeBlockEj
 0002:00001990       System.$unwind$_ZN6System24InternalUStrFromPCharLenERNS_13UnicodeStringEPcii
 0002:00001670       System.$unwind$_ZN6System24NotifyNonDelphiExceptionEPvPNS_8TContextE
 0002:00000DE4       System.$unwind$_ZN6System25BuildBlockTypeLookupTableEv
 0002:00000D44       System.$unwind$_ZN6System25GetFirstMediumBlockInPoolEPNS_22TMediumBlockPoolHeaderE
 0002:00002200       System.$unwind$_ZN6System25InternalGetLocaleOverrideENS_13UnicodeStringE
 0002:0000188C       System.$unwind$_ZN6System25_FinalizeResStringImportsEPv
 0002:00000D9C       System.$unwind$_ZN6System27LockExpectedMemoryLeaksListEv
 0002:00000DA4       System.$unwind$_ZN6System29SysRegisterExpectedMemoryLeakEPv
 0002:00000D48       System.$unwind$_ZN6System31GetFirstAndLastSmallBlockInPoolEPNS_21TSmallBlockPoolHeaderERPvS3_
 0002:00000DAC       System.$unwind$_ZN6System31SysUnregisterExpectedMemoryLeakEPv
 0002:00000CA8       System.$unwind$_ZN6System32AllocNewSequentialFeedMediumPoolEj
 0002:00000C9C       System.$unwind$_ZN6System32BinMediumSequentialFeedRemainderEv
 0002:00001B54       System.$unwind$_ZN6System3PosENS_13UnicodeStringES0_i
 0002:00001B4C       System.$unwind$_ZN6System3PosERKNS_11SmallStringILh255EEES3_i
 0002:00000EAC       System.$unwind$_ZN6System4MoveEPKvPvx
 0002:00000EF0       System.$unwind$_ZN6System4_AbsEe
 0002:00000E84       System.$unwind$_ZN6System5ErrorENS_13TRuntimeErrorE
 0002:00000F54       System.$unwind$_ZN6System5FlushERNS_8TextfileE
 0002:00000C78       System.$unwind$_ZN6System5Move8EPKvPvx
 0002:000027D4       System.$unwind$_ZN6System5TGUID12_op_EqualityERK5_GUIDS3_
 0002:000027D8       System.$unwind$_ZN6System5TGUID14_op_InequalityERK5_GUIDS3_
 0002:000027F0       System.$unwind$_ZN6System5TGUID5EmptyEv
 0002:000027E8       System.$unwind$_ZN6System5TGUID6CreateEPKhijb
 0002:000027E0       System.$unwind$_ZN6System5TGUID6CreateEPKvb
 0002:00001A40       System.$unwind$_ZN6System5_CopyERKNS_11SmallStringILh255EEEii
 0002:000018D4       System.$unwind$_ZN6System5_HaltEi
 0002:00000C7C       System.$unwind$_ZN6System6Move24EPKvPvx
 0002:00000C80       System.$unwind$_ZN6System6Move40EPKvPvx
 0002:00000C84       System.$unwind$_ZN6System6Move56EPKvPvx
 0002:00000F0C       System.$unwind$_ZN6System6TextInERNS_8TTextRecE
 0002:000010A8       System.$unwind$_ZN6System6_CloseERNS_8TTextRecE
 0002:00000F5C       System.$unwind$_ZN6System6_FlushERNS_8TTextRecE
 0002:000018C8       System.$unwind$_ZN6System6_Halt0Ev
 0002:00000EE8       System.$unwind$_ZN6System6_RoundEe
 0002:00000EEC       System.$unwind$_ZN6System6_TruncEe
 0002:00000E78       System.$unwind$_ZN6System7ErrorAtEhPv
 0002:000018B0       System.$unwind$_ZN6System7ExitDllEPNS_12TInitContextE
 0002:000011C0       System.$unwind$_ZN6System7Power10Eei
 0002:00000F18       System.$unwind$_ZN6System7TextOutERNS_8TTextRecE
 0002:00001404       System.$unwind$_ZN6System7TObject10MethodNameEPv
 0002:00001238       System.$unwind$_ZN6System7TObject11ClassNameIsENS_13UnicodeStringE
 0002:0000126C       System.$unwind$_ZN6System7TObject11ClassParentEv
 0002:00001314       System.$unwind$_ZN6System7TObject11GetHashCodeEv
 0002:00001274       System.$unwind$_ZN6System7TObject11NewInstanceEv
 0002:00001420       System.$unwind$_ZN6System7TObject12FieldAddressENS_13UnicodeStringE
 0002:00001410       System.$unwind$_ZN6System7TObject12FieldAddressERKNS_11SmallStringILh255EEE
 0002:0000127C       System.$unwind$_ZN6System7TObject12FreeInstanceEv
 0002:00001318       System.$unwind$_ZN6System7TObject12GetInterfaceERK5_GUIDPv
 0002:0000139C       System.$unwind$_ZN6System7TObject12InheritsFromEPNS_10TMetaClassE
 0002:000012EC       System.$unwind$_ZN6System7TObject12InitInstanceEPv
 0002:00001270       System.$unwind$_ZN6System7TObject12InstanceSizeEv
 0002:000013F4       System.$unwind$_ZN6System7TObject13MethodAddressENS_13UnicodeStringE
 0002:000013DC       System.$unwind$_ZN6System7TObject13MethodAddressERKNS_11SmallStringILh255EEE
 0002:000013B0       System.$unwind$_ZN6System7TObject14DefaultHandlerEPv
 0002:000012F8       System.$unwind$_ZN6System7TObject15CleanupInstanceEv
 0002:000013B4       System.$unwind$_ZN6System7TObject17AfterConstructionEv
 0002:000013B8       System.$unwind$_ZN6System7TObject17BeforeDestructionEv
 0002:00001348       System.$unwind$_ZN6System7TObject17GetInterfaceEntryERK5_GUID
 0002:000012E8       System.$unwind$_ZN6System7TObject17GetInterfaceTableEv
 0002:000013A4       System.$unwind$_ZN6System7TObject17SafeCallExceptionEPS0_Pv
 0002:00001208       System.$unwind$_ZN6System7TObject18QualifiedClassNameEv
 0002:000012D8       System.$unwind$_ZN6System7TObject4FreeEv
 0002:00001310       System.$unwind$_ZN6System7TObject6EqualsEPS0_
 0002:000013BC       System.$unwind$_ZN6System7TObject8DispatchEPv
 0002:000013A8       System.$unwind$_ZN6System7TObject8ToStringEv
 0002:00001358       System.$unwind$_ZN6System7TObject8UnitNameEv
 0002:000013A0       System.$unwind$_ZN6System7TObject9ClassInfoEv
 0002:00001200       System.$unwind$_ZN6System7TObject9ClassNameEv
 0002:000011FC       System.$unwind$_ZN6System7TObject9ClassTypeEv
 0002:00001284       System.$unwind$_ZN6System7TObject9CPP_ABI_1Ev
 0002:00001288       System.$unwind$_ZN6System7TObject9CPP_ABI_2Ev
 0002:0000128C       System.$unwind$_ZN6System7TObject9CPP_ABI_3Ev
 0002:000012E0       System.$unwind$_ZN6System7TObject9DisposeOfEv
 0002:00001368       System.$unwind$_ZN6System7TObject9UnitScopeEv
 0002:00001290       System.$unwind$_ZN6System7TObjectC3Ev
 0002:000012CC       System.$unwind$_ZN6System7TObjectD0Ev
 0002:00000E00       System.$unwind$_ZN6System7_GetMemEx
 0002:00001B8C       System.$unwind$_ZN6System7_VarClrER8TVarData
 0002:000011CC       System.$unwind$_ZN6System8GetCPUIDEjj
 0002:00000EDC       System.$unwind$_ZN6System8GetMXCSREv
 0002:00000EA4       System.$unwind$_ZN6System8IOResultEv
 0002:00000EF8       System.$unwind$_ZN6System8OpenTextERNS_8TTextRecEt
 0002:00000F3C       System.$unwind$_ZN6System8TextOpenERNS_8TTextRecE
 0002:00001578       System.$unwind$_ZN6System8TMonitor10GetMonitorEPNS_7TObjectE
 0002:000015A8       System.$unwind$_ZN6System8TMonitor11QueueWaiterERNS0_14TWaitingThreadE
 0002:000015D8       System.$unwind$_ZN6System8TMonitor12RemoveWaiterERNS0_14TWaitingThreadE
 0002:00001608       System.$unwind$_ZN6System8TMonitor12SetSpinCountEPNS_7TObjectEi
 0002:00001510       System.$unwind$_ZN6System8TMonitor13DequeueWaiterEv
 0002:00001574       System.$unwind$_ZN6System8TMonitor15GetFieldAddressEPNS_7TObjectE
 0002:000014A0       System.$unwind$_ZN6System8TMonitor16GetCacheLineSizeEv
 0002:000014D8       System.$unwind$_ZN6System8TMonitor17CheckOwningThreadEv
 0002:000014D0       System.$unwind$_ZN6System8TMonitor19CheckMonitorSupportEv
 0002:0000155C       System.$unwind$_ZN6System8TMonitor4ExitEPNS_7TObjectE
 0002:00001554       System.$unwind$_ZN6System8TMonitor4ExitEv
 0002:0000149C       System.$unwind$_ZN6System8TMonitor4SpinEi
 0002:00001650       System.$unwind$_ZN6System8TMonitor4WaitEPNS_7TObjectEj
 0002:0000165C       System.$unwind$_ZN6System8TMonitor4WaitEPNS_7TObjectES2_j
 0002:00001620       System.$unwind$_ZN6System8TMonitor4WaitEPS0_j
 0002:00001540       System.$unwind$_ZN6System8TMonitor5EnterEj
 0002:000014FC       System.$unwind$_ZN6System8TMonitor5EnterEPNS_7TObjectE
 0002:00001504       System.$unwind$_ZN6System8TMonitor5EnterEPNS_7TObjectEj
 0002:00001590       System.$unwind$_ZN6System8TMonitor5PulseEPNS_7TObjectE
 0002:00001588       System.$unwind$_ZN6System8TMonitor5PulseEv
 0002:000014E0       System.$unwind$_ZN6System8TMonitor6CreateEv
 0002:000014E8       System.$unwind$_ZN6System8TMonitor7DestroyEPNS_7TObjectE
 0002:000014F0       System.$unwind$_ZN6System8TMonitor7DestroyEv
 0002:00001564       System.$unwind$_ZN6System8TMonitor8GetEventEv
 0002:000015A0       System.$unwind$_ZN6System8TMonitor8PulseAllEPNS_7TObjectE
 0002:00001598       System.$unwind$_ZN6System8TMonitor8PulseAllEv
 0002:00001610       System.$unwind$_ZN6System8TMonitor8TryEnterEPNS_7TObjectE
 0002:00001618       System.$unwind$_ZN6System8TMonitor8TryEnterEv
 0002:00001498       System.$unwind$_ZN6System8TMonitor9TSpinLock4ExitEv
 0002:0000148C       System.$unwind$_ZN6System8TMonitor9TSpinLock5EnterEv
 0002:00001484       System.$unwind$_ZN6System8TMonitor9TSpinWait9SpinCycleEv
 0002:00001380       System.$unwind$_ZN6System8_AsClassEPNS_7TObjectEPNS_10TMetaClassE
 0002:00001A3C       System.$unwind$_ZN6System8_AStrCmpEPKcS1_x
 0002:00001BF4       System.$unwind$_ZN6System8_DisposeEPvS0_
 0002:000011EC       System.$unwind$_ZN6System8_FpuInitEv
 0002:00000E08       System.$unwind$_ZN6System8_FreeMemEPv
 0002:000011F0       System.$unwind$_ZN6System8_IntOverEv
 0002:00001378       System.$unwind$_ZN6System8_IsClassEPNS_7TObjectEPNS_10TMetaClassE
 0002:000019E8       System.$unwind$_ZN6System8_LStrAsgERNS_11AnsiStringTILt0EEES1_
 0002:0000191C       System.$unwind$_ZN6System8_LStrClrEPv
 0002:00001A00       System.$unwind$_ZN6System8_LStrLenENS_11AnsiStringTILt65535EEE
 0002:000019BC       System.$unwind$_ZN6System8_UStrAsgERNS_13UnicodeStringES0_
 0002:00001B00       System.$unwind$_ZN6System8_UStrCatERNS_13UnicodeStringES0_
 0002:00001914       System.$unwind$_ZN6System8_UStrClrEPv
 0002:00001B2C       System.$unwind$_ZN6System8_UStrCmpENS_13UnicodeStringES0_
 0002:000019FC       System.$unwind$_ZN6System8_UStrLenENS_13UnicodeStringE
 0002:000010B8       System.$unwind$_ZN6System8_ValLongENS_13UnicodeStringERi
 0002:00001BAC       System.$unwind$_ZN6System8_VarCopyER8TVarDataRKS0_
 0002:000011B4       System.$unwind$_ZN6System8_WriteLnERNS_8TTextRecE
 0002:000019E0       System.$unwind$_ZN6System8_WStrAsgERNS_10WideStringES0_
 0002:00001924       System.$unwind$_ZN6System8_WStrClrEPv
 0002:00000E90       System.$unwind$_ZN6System8__IOTestEv
 0002:00000ECC       System.$unwind$_ZN6System9Get8087CWEv
 0002:00001780       System.$unwind$_ZN6System9InitUnitsEv
 0002:00001BE4       System.$unwind$_ZN6System9MoveArrayEPvS0_S0_x
 0002:00000C88       System.$unwind$_ZN6System9MoveX16LPEPKvPvx
 0002:00000CF0       System.$unwind$_ZN6System9SysGetMemEx
 0002:00000F2C       System.$unwind$_ZN6System9TextCloseERNS_8TTextRecE
 0002:0000248C       System.$unwind$_ZN6System9TInstItem11RegisterRefERNS_11StaticArrayINS_12DynamicArrayIPPvEELi31EEES3_
 0002:00002458       System.$unwind$_ZN6System9TInstItem13ClearWeakRefsEv
 0002:000024BC       System.$unwind$_ZN6System9TInstItem13UnregisterRefERNS_11StaticArrayINS_12DynamicArrayIPPvEELi31EEES3_
 0002:000024EC       System.$unwind$_ZN6System9TInstItem15RegisterWeakRefEPv
 0002:000024F4       System.$unwind$_ZN6System9TInstItem17UnregisterWeakRefEPv
 0002:000024FC       System.$unwind$_ZN6System9TInstItem21RegisterWeakMethodRefEPv
 0002:00002504       System.$unwind$_ZN6System9TInstItem23UnregisterWeakMethodRefEPv
 0002:0000247C       System.$unwind$_ZN6System9TInstItem4FreeEv
 0002:00002464       System.$unwind$_ZN6System9TInstItem4LockEv
 0002:00002450       System.$unwind$_ZN6System9TInstItem6CreateEv
 0002:0000246C       System.$unwind$_ZN6System9TInstItem6UnlockEv
 0002:00002474       System.$unwind$_ZN6System9TInstItem7DestroyEv
 0002:00001908       System.$unwind$_ZN6System9WStrErrorEv
 0002:000010B4       System.$unwind$_ZN6System9_FillCharEPvxc
 0002:00001BA4       System.$unwind$_ZN6System9_FinalizeEPvS0_
 0002:000011C8       System.$unwind$_ZN6System9_GetCPUIDEjj
 0002:00002420       System.$unwind$_ZN6System9_IntfCastERNS_15DelphiInterfaceINS_10IInterfaceEEES2_RK5_GUID
 0002:00002410       System.$unwind$_ZN6System9_IntfCopyERNS_15DelphiInterfaceINS_10IInterfaceEEES2_
 0002:00001A04       System.$unwind$_ZN6System9_PCharLenEPc
 0002:000018DC       System.$unwind$_ZN6System9_RunErrorEh
 0002:000017BC       System.$unwind$_ZN6System9_StartExeEPNS_16PackageInfoTableEPNS_10TLibModuleE
 0002:00001B10       System.$unwind$_ZN6System9_UStrCat3ERNS_13UnicodeStringES0_S0_
 0002:00001B20       System.$unwind$_ZN6System9_UStrCatNERNS_13UnicodeStringEi
 0002:00001B44       System.$unwind$_ZN6System9_UStrCopyENS_13UnicodeStringEii
 0002:000019D0       System.$unwind$_ZN6System9_UStrLAsgERNS_13UnicodeStringES0_
 0002:00001110       System.$unwind$_ZZN6System11_Write0CharERNS_8TTextRecEcE26WriteUnicodeFromMBCSBufferPv
 0002:00000D70       System.$unwind$_ZZN6System14GetObjectClassEPvE17IsValidVMTAddressS0_S0_
 0002:00000D7C       System.$unwind$_ZZN6System14GetObjectClassEPvE20InternalIsValidClassS0_S0_i
 0002:000020F4       System.$unwind$_ZZN6System14GetUILanguagesEtE13LastHyphenPosPvNS_13UnicodeStringE
 0002:0000218C       System.$unwind$_ZZN6System14GetUILanguagesEtE17ThreadUILanguagesPvRi
 0002:00002124       System.$unwind$_ZZN6System14GetUILanguagesEtE23ConvertResToUILanguagesPvPc
 0002:0000219C       System.$unwind$_ZZN6System14GetUILanguagesEtE24GetPreferredLangForNewOSPvt
 0002:00002154       System.$unwind$_ZZN6System14GetUILanguagesEtE24GetPreferredLangForOldOSPvt
 0002:00002188       System.$unwind$_ZZN6System14GetUILanguagesEtE26CheckDifferentLanguageListPvPwS1_i
 0002:00000DB8       System.$unwind$_ZZN6System18ScanForMemoryLeaksEvE27CheckSmallBlockPoolForLeaksPvPNS_21TSmallBlockPoolHeaderE
 0002:000022B8       System.$unwind$_ZZN6System21GetResourceModuleNameENS_13UnicodeStringES0_E16LoadLanguageListPvS0_S0_
 0002:00002288       System.$unwind$_ZZN6System21GetResourceModuleNameENS_13UnicodeStringES0_E16ResouceDLLExistsPvS0_
 0002:000022EC       System.$unwind$_ZZN6System21GetResourceModuleNameENS_13UnicodeStringES0_E18Load3LettersModulePvS0_
 0002:000021E8       System.$unwind$_ZZN6System25InternalGetLocaleOverrideENS_13UnicodeStringEE10ToLongPathPvPwi
 0002:000021E0       System.$unwind$_ZZN6System25InternalGetLocaleOverrideENS_13UnicodeStringEE6FindBSPvPw
 0003:00000A28       System..71
 0001:00001260       System..TCustomAttribute
 0001:00000608       System..TObject
 0001:00001380       System..VolatileAttribute
 0001:00004DB0       System.@Abs
 0001:00006D70       System.@AfterConstruction
 0001:00006860       System.@AsClass
 0001:00009B60       System.@AStrCmp
 0001:00006DD0       System.@BeforeDestruction
 0001:00006D30       System.@ClassCreate
 0001:00006D50       System.@ClassDestroy
 0001:0000F500       System.@CleanupInstance
 0001:00005350       System.@Close
 0001:00009C00       System.@Copy
 0001:0000B0A0       System.@CopyArray
 0001:0000AB70       System.@CopyRecord
 0001:00007CD0       System.@DelphiExceptionHandler
 0001:00008860       System.@DestroyException
 0001:0000B3F0       System.@DispCallByIDError
 0001:0000B3C0       System.@Dispose
 0001:00008930       System.@DoneExcept
 0001:0000BC40       System.@DynArrayAddRef
 0001:0000BBF0       System.@DynArrayAsg
 0001:0000BB70       System.@DynArrayClear
 0001:0000B9E0       System.@DynArrayCopy
 0001:0000BA10       System.@DynArrayCopyRange
 0001:0000B410       System.@DynArrayLength
 0001:0000B9A0       System.@DynArraySetLength
 0001:00008EF0       System.@ExitDllLongJump
 0001:000053C0       System.@FillChar
 0001:0000AB20       System.@Finalize
 0001:0000A9B0       System.@FinalizeArray
 0001:0000A8B0       System.@FinalizeRecord
 0001:00008DE0       System.@FinalizeResStringImports
 0001:00005330       System.@Flush
 0001:00006000       System.@FpuInit
 0001:000046B0       System.@FreeMem
 0001:00005F40       System.@GetCPUID
 0001:00004680       System.@GetMem
 0001:00009240       System.@Halt
 0001:000090B0       System.@Halt0
 0001:0000A790       System.@InitializeArray
 0001:00005FD0       System.@InitializeControlWord
 0001:0000A720       System.@InitializeRecord
 0001:00008D90       System.@InitImports
 0001:00008C40       System.@InitResStringImports
 0001:0000D950       System.@IntfAddRef
 0001:00006890       System.@IntfAsClass
 0001:0000D8D0       System.@IntfCast
 0001:0000D840       System.@IntfClear
 0001:0000D880       System.@IntfCopy
 0001:0000F530       System.@IntfWeakClear
 0001:0000F570       System.@IntfWeakCopy
 0001:00006010       System.@IntOver
 0001:00006840       System.@IsClass
 0001:000094F0       System.@LStrArrayClr
 0001:00009990       System.@LStrAsg
 0001:00009430       System.@LStrClr
 0001:00009C90       System.@LStrFromPWChar
 0001:000097D0       System.@LStrFromPWCharLen
 0001:00009E10       System.@LStrFromUStr
 0001:00009A20       System.@LStrLen
 0001:00009D50       System.@LStrSetLength
 0001:00009D20       System.@LStrToPChar
 0001:00009340       System.@NewAnsiString
 0001:000092E0       System.@NewUnicodeString
 0001:00009A30       System.@PCharLen
 0001:00009A50       System.@PWCharLen
 0001:00008820       System.@RaiseAgain
 0001:000086E0       System.@RaiseAtExcept
 0001:00008800       System.@RaiseExcept
 0001:000046E0       System.@ReallocMem
 0001:00004E50       System.@RewritText
 0001:00004D90       System.@Round
 0001:00009260       System.@RunError
 0001:00008AD0       System.@StartExe
 0001:00002490       System.@strlen
 0001:00004DA0       System.@Trunc
 0001:00009290       System.@UnhandledException
 0001:00009B40       System.@UniqueStringA
 0001:00009B30       System.@UniqueStringU
 0001:00009570       System.@UStrAddRef
 0001:000094C0       System.@UStrArrayClr
 0001:00009880       System.@UStrAsg
 0001:0000A270       System.@UStrCat
 0001:0000A340       System.@UStrCat3
 0001:0000A470       System.@UStrCatN
 0001:000093E0       System.@UStrClr
 0001:0000A4B0       System.@UStrCmp
 0001:0000A560       System.@UStrCopy
 0001:0000A550       System.@UStrEqual
 0001:0000A110       System.@UStrFromLStr
 0001:0000A060       System.@UStrFromPChar
 0001:000097B0       System.@UStrFromPCharLen
 0001:0000A090       System.@UStrFromPWChar
 0001:00009630       System.@UStrFromPWCharLen
 0001:0000A170       System.@UStrFromString
 0001:0000A0C0       System.@UStrFromWArray
 0001:0000A040       System.@UStrFromWChar
 0001:00009900       System.@UStrLAsg
 0001:00009A10       System.@UStrLen
 0001:0000A190       System.@UStrSetLength
 0001:0000A010       System.@UStrToPWChar
 0001:00005510       System.@ValLong
 0001:0000A980       System.@VarClr
 0001:0000AB40       System.@VarCopy
 0001:00009F90       System.@WCharToString
 0001:000059D0       System.@Write0Char
 0001:00005B90       System.@Write0LString
 0001:00005C70       System.@Write0UString
 0001:00005750       System.@WriteBytes
 0001:00005DD0       System.@WriteLn
 0001:00005810       System.@WriteSpaces
 0001:00005C90       System.@WriteUString
 0001:00009520       System.@WStrArrayClr
 0001:00009940       System.@WStrAsg
 0001:00009480       System.@WStrClr
 0001:00009690       System.@WStrFromPWCharLen
 0001:0000A140       System.@WStrFromUStr
 0001:00004DC0       System.@_FlushMBCSBuffer
 0001:000049C0       System.@_IOTest
 0002:00000EE0       System.ABSMASK
 0003:00000068       System.AbstractErrorProc
 0001:000048D0       System.AcquireExceptionObject
 0001:0000D600       System.AddModuleUnloadProc
 0001:000029C0       System.AllocateLargeBlock
 0001:00004760       System.AllocateRaiseFrame
 0001:000028D0       System.AllocNewSequentialFeedMediumPool
 0003:00000A2C       System.AllocSize2SmallBlockTypeIndX4
 0002:00000050       System.AlternateWriteUnicodeStringProc
 0002:00000090       System.AnsiStringBlockMessage
 0001:000038A0       System.AppendClassNameToBuffer
 0001:00003870       System.AppendStringToBuffer
 0001:0000E180       System.ArrayOfPointerClear
 0001:0000E1D0       System.ArrayOfPointerSetLength
 0003:00000058       System.AssertErrorProc
 0001:00002830       System.BinMediumSequentialFeedRemainder
 0001:00004300       System.BuildBlockTypeLookupTable
 0002:00000080       System.BytesMessage
 0003:00004F18       System.CachedLangID
 0003:00004F1A       System.CachedLanguageNames
 0001:00009590       System.CharFromWChar
 0001:000095E0       System.CharFromWChar
 0001:00002350       System.CharNext
 0001:0000C460       System.CheckDifferentLanguageList
 0001:00003BE0       System.CheckSmallBlockPoolForLeaks
 0001:000020B0       System.CloseHandle
 0003:00000088       System.CmdLine
 0003:00000080       System.CmdShow
 0001:00002360       System.CompareString
 0001:0000C0E0       System.ConvertResToUILanguages
 0003:000000A0       System.CPUCount
 0003:00000998       System.CPUIDTable
 0001:000020D0       System.CreateFile
 0003:00004EF0       System.CrSec
 0002:00000038       System.DebugHook
 0002:00000030       System.Default8087CW
 0002:00000034       System.DefaultMXCSR
 0003:00000A18       System.DefaultSystemCodePage
 0002:0000003B       System.DefaultTextLineBreakStyle
 0003:00000A1C       System.DefaultUnicodeCodePage
 0001:0000BC60       System.DelayLoadResourceModule
 0001:00002190       System.DeleteCriticalSection
 0003:00000008       System.DispCallByIDProc
 0003:00004D98       System.DLLThreadContext
 0001:0000B570       System.DynArraySetLength
 0002:00001A50       System.EmptyStringA
[...]
 0005:00001764       System.SysUtils.$pdata$_ZN6System8Sysutils12_UIntToHex32Eji
 0005:00001770       System.SysUtils.$pdata$_ZN6System8Sysutils12_UIntToHex64Eyi
 0005:0000177C       System.SysUtils.$pdata$_ZN6System8Sysutils8IntToHexEii
 0005:00001788       System.SysUtils.$pdata$_ZN6System8Sysutils8IntToHexExi
 0005:00001794       System.SysUtils.$pdata$_ZN6System8Sysutils8StrToIntENS_13UnicodeStringE
 0005:000017A0       System.SysUtils.$pdata$_ZN6System8Sysutils11StrToIntDefENS_13UnicodeStringEi
 0005:000017AC       System.SysUtils.$pdata$_ZN6System8Sysutils11TryStrToIntENS_13UnicodeStringERi
 0005:000017B8       System.SysUtils.$pdata$_ZN6System8Sysutils17EnumStringModulesEyPv
 0005:000017C4       System.SysUtils.$pdata$_ZN6System8Sysutils18FindStringResourceEy
 0005:000017DC       System.SysUtils.$pdata$_ZN6System8Sysutils7LoadStrEy
 0005:000017E8       System.SysUtils.$pdata$_ZN6System8Sysutils15ExtractFileNameENS_13UnicodeStringE
 0005:000017F4       System.SysUtils.$pdata$_ZN6System8Sysutils26BackfillGetDiskFreeSpaceExEPwRxS2_Px
 0005:00001800       System.SysUtils.$pdata$_ZN6System8Sysutils6StrEndEPKw
 0005:0000180C       System.SysUtils.$pdata$_ZN6System8Sysutils7StrMoveEPwPKwj
 0005:00001818       System.SysUtils.$pdata$_ZN6System8Sysutils8StrLCopyEPwPKwj
 0005:00001824       System.SysUtils.$pdata$_ZN6System8Sysutils8StrRScanEPKww
 0005:00001830       System.SysUtils.$pdata$_ZN6System8Sysutils6StrPosEPKwS2_
 0005:0000183C       System.SysUtils.$pdata$_ZN6System8Sysutils11FormatErrorEiPwj
 0005:00001848       System.SysUtils.$pdata$_ZN6System8Sysutils9FormatBufEPwjPKvjPKNS_7TVarRecEiRKNS0_15TFormatSettingsE
 0005:00001854       System.SysUtils.$pdata$_ZN6System8Sysutils7StrLFmtEPwjS1_PKNS_7TVarRecEi
 0005:00001860       System.SysUtils.$pdata$_ZN6System8Sysutils7StrLFmtEPwjS1_PKNS_7TVarRecEiRKNS0_15TFormatSettingsE
 0005:0000186C       System.SysUtils.$pdata$_ZN6System8Sysutils6FormatENS_13UnicodeStringEPKNS_7TVarRecEi
 0005:00001878       System.SysUtils.$pdata$_ZN6System8Sysutils6FormatENS_13UnicodeStringEPKNS_7TVarRecEiRKNS0_15TFormatSettingsE
 0005:00001884       System.SysUtils.$pdata$_ZN6System8Sysutils6FmtStrERNS_13UnicodeStringES1_PKNS_7TVarRecEiRKNS0_15TFormatSettingsE
 0005:00001890       System.SysUtils.$pdata$_ZZN6System8Sysutils13WideFormatBufEPvjPKvjPKNS_7TVarRecEiRKNS0_15TFormatSettingsEE10ApplyWidthS1_ii
 0005:0000189C       System.SysUtils.$pdata$_ZZN6System8Sysutils13WideFormatBufEPvjPKvjPKNS_7TVarRecEiRKNS0_15TFormatSettingsEE6AddBufS1_PKwii
 0005:000018A8       System.SysUtils.$pdata$_ZZN6System8Sysutils13WideFormatBufEPvjPKvjPKNS_7TVarRecEiRKNS0_15TFormatSettingsEE22VariantToUnicodeStringS1_RK8TVarData
 0005:000018B4       System.SysUtils.$pdata$_ZN6System8Sysutils13WideFormatBufEPvjPKvjPKNS_7TVarRecEiRKNS0_15TFormatSettingsE
 0005:000018CC       System.SysUtils.$pdata$_ZZN6System8Sysutils19InternalFloatToTextEPhbPKvNS0_11TFloatValueENS0_12TFloatFormatEiiRKNS0_15TFormatSettingsEE10AppendCharPvw
 0005:000018D8       System.SysUtils.$pdata$_ZZN6System8Sysutils19InternalFloatToTextEPhbPKvNS0_11TFloatValueENS0_12TFloatFormatEiiRKNS0_15TFormatSettingsEE12AppendStringPvNS_13UnicodeStringE
 0005:000018E4       System.SysUtils.$pdata$_ZZN6System8Sysutils19InternalFloatToTextEPhbPKvNS0_11TFloatValueENS0_12TFloatFormatEiiRKNS0_15TFormatSettingsEE8GetDigitPv
 0005:000018F0       System.SysUtils.$pdata$_ZZN6System8Sysutils19InternalFloatToTextEPhbPKvNS0_11TFloatValueENS0_12TFloatFormatEiiRKNS0_15TFormatSettingsEE12FormatNumberPv
 0005:000018FC       System.SysUtils.$pdata$_ZZN6System8Sysutils19InternalFloatToTextEPhbPKvNS0_11TFloatValueENS0_12TFloatFormatEiiRKNS0_15TFormatSettingsEE14FormatExponentPv
 0005:00001914       System.SysUtils.$pdata$_ZN6System8Sysutils19InternalFloatToTextEPhbPKvNS0_11TFloatValueENS0_12TFloatFormatEiiRKNS0_15TFormatSettingsE
 0005:0000192C       System.SysUtils.$pdata$_ZN6System8Sysutils11FloatToTextEPwPKvNS0_11TFloatValueENS0_12TFloatFormatEiiRKNS0_15TFormatSettingsE
 0005:00001938       System.SysUtils.$pdata$_ZZN6System8Sysutils14FloatToDecimalERNS0_9TFloatRecEPKvNS0_11TFloatValueEiiE11GetBcdBytesPve
 0005:00001944       System.SysUtils.$pdata$_ZZN6System8Sysutils14FloatToDecimalERNS0_9TFloatRecEPKvNS0_11TFloatValueEiiE12ExtToDecimalPve
 0005:00001950       System.SysUtils.$pdata$_ZZN6System8Sysutils14FloatToDecimalERNS0_9TFloatRecEPKvNS0_11TFloatValueEiiE13CurrToDecimalPvNS_8CurrencyE
 0005:00001968       System.SysUtils.$pdata$_ZN6System8Sysutils14FloatToDecimalERNS0_9TFloatRecEPKvNS0_11TFloatValueEii
 0005:00001974       System.SysUtils.$pdata$_ZN6System8Sysutils10FloatToStrEe
 0005:00001980       System.SysUtils.$pdata$_ZN6System8Sysutils10FloatToStrEeRKNS0_15TFormatSettingsE
 0005:0000198C       System.SysUtils.$pdata$_ZN6System8Sysutils17ValidateTimeStampENS0_10TTimeStampE
 0005:00001998       System.SysUtils.$pdata$_ZN6System8Sysutils19TimeStampToDateTimeENS0_10TTimeStampE
 0005:000019A4       System.SysUtils.$pdata$_ZN6System8Sysutils13TryEncodeTimeEttttRNS_9TDateTimeE
 0005:000019B0       System.SysUtils.$pdata$_ZN6System8Sysutils10EncodeTimeEtttt
 0005:000019BC       System.SysUtils.$pdata$_ZN6System8Sysutils10IsLeapYearEt
 0005:000019C8       System.SysUtils.$pdata$_ZN6System8Sysutils13TryEncodeDateEtttRNS_9TDateTimeE
 0005:000019D4       System.SysUtils.$pdata$_ZN6System8Sysutils10EncodeDateEttt
 0005:000019E0       System.SysUtils.$pdata$_ZN6System8Sysutils3NowEv
 0005:000019EC       System.SysUtils.$pdata$_ZN6System8Sysutils12GetLocaleStrEiiNS_13UnicodeStringE
 0005:000019F8       System.SysUtils.$pdata$_ZN6System8Sysutils13GetLocaleCharEiiw
 0005:00001A04       System.SysUtils.$pdata$_ZN6System8Sysutils15TFormatSettings6CreateEj
 0005:00001A1C       System.SysUtils.$pdata$_ZN6System8Sysutils15TFormatSettings6CreateENS_13UnicodeStringE
 0005:00001A34       System.SysUtils.$pdata$_ZN6System8Sysutils15TFormatSettings6CreateEv
 0005:00001A40       System.SysUtils.$pdata$_ZN6System8Sysutils15TFormatSettings9InvariantEv
 0005:00001A4C       System.SysUtils.$pdata$_ZN6System8Sysutils15TFormatSettings16AdjustLocaleNameENS_13UnicodeStringES2_
 0005:00001A58       System.SysUtils.$pdata$_ZN6System8Sysutils15TFormatSettings11GetDayNamesEjRS1_
 0005:00001A70       System.SysUtils.$pdata$_ZN6System8Sysutils15TFormatSettings13GetMonthNamesEjRS1_
 0005:00001A88       System.SysUtils.$pdata$_ZN6System8Sysutils14FSEnumEraNamesEPw
 0005:00001AA0       System.SysUtils.$pdata$_ZN6System8Sysutils20FSEnumEraYearOffsetsEPw
 0005:00001AB8       System.SysUtils.$pdata$_ZN6System8Sysutils15TFormatSettings17GetEraInformationEjRS1_
 0005:00001ADC       System.SysUtils.$pdata$_ZN6System8Sysutils15TFormatSettings9GetStringEjiiPKPvi
 0005:00001AE8       System.SysUtils.$pdata$_ZZN6System8Sysutils15TFormatSettings19TranslateDateFormatEjiNS_13UnicodeStringEwE16FixDateSeparatorPvRS2_
 0005:00001AF4       System.SysUtils.$pdata$_ZN6System8Sysutils15TFormatSettings19TranslateDateFormatEjiNS_13UnicodeStringEw
 0005:00001B0C       System.SysUtils.$pdata$_ZN6System8Sysutils15TFormatSettings16GetEraYearOffsetENS_13UnicodeStringE
 0005:00001B18       System.SysUtils.$pdata$_ZZN6System8Sysutils21ExceptionErrorMessageEPNS_7TObjectEPvPwiE11ConvertAddrS3_S3_
 0005:00001B24       System.SysUtils.$pdata$_ZN6System8Sysutils21ExceptionErrorMessageEPNS_7TObjectEPvPwi
 0005:00001B3C       System.SysUtils.$pdata$_ZN6System8Sysutils13ShowExceptionEPNS_7TObjectEPv
 0005:00001B54       System.SysUtils.$pdata$_ZN6System8Sysutils9ExceptionC3ENS_13UnicodeStringE
 0005:00001B6C       System.SysUtils.$pdata$_ZN6System8Sysutils9ExceptionC3ENS_13UnicodeStringEPKNS_7TVarRecEi
 0005:00001B90       System.SysUtils.$pdata$_ZN6System8Sysutils9ExceptionC3Ey
 0005:00001BB4       System.SysUtils.$pdata$_ZN6System8Sysutils9ExceptionC3EPNS_13TResStringRecE
 0005:00001BCC       System.SysUtils.$pdata$_ZN6System8Sysutils9ExceptionC3EyPKNS_7TVarRecEi
 0005:00001BF0       System.SysUtils.$pdata$_ZN6System8Sysutils9ExceptionC3EPNS_13TResStringRecEPKNS_7TVarRecEi
 0005:00001C14       System.SysUtils.$pdata$_ZN6System8Sysutils9ExceptionC3ENS_13UnicodeStringEi
 0005:00001C2C       System.SysUtils.$pdata$_ZN6System8Sysutils9ExceptionC3ENS_13UnicodeStringEPKNS_7TVarRecEii
 0005:00001C50       System.SysUtils.$pdata$_ZN6System8Sysutils9ExceptionC3Eyi
 0005:00001C74       System.SysUtils.$pdata$_ZN6System8Sysutils9ExceptionC3EPNS_13TResStringRecEi
 0005:00001C8C       System.SysUtils.$pdata$_ZN6System8Sysutils9ExceptionC3EyPKNS_7TVarRecEii
 0005:00001CB0       System.SysUtils.$pdata$_ZN6System8Sysutils9ExceptionC3EPNS_13TResStringRecEPKNS_7TVarRecEii
 0005:00001CD4       System.SysUtils.$pdata$_ZN6System8Sysutils9ExceptionD0Ev
 0005:00001CE0       System.SysUtils.$pdata$_ZN6System8Sysutils9Exception16GetBaseExceptionEv
 0005:00001CEC       System.SysUtils.$pdata$_ZN6System8Sysutils9Exception13GetStackTraceEv
 0005:00001CF8       System.SysUtils.$pdata$_ZN6System8Sysutils9Exception19RaiseOuterExceptionEPS1_
 0005:00001D04       System.SysUtils.$pdata$_ZN6System8Sysutils9Exception19ThrowOuterExceptionEPS1_
 0005:00001D10       System.SysUtils.$pdata$_ZN6System8Sysutils9Exception16RaisingExceptionEPNS_16TExceptionRecordE
 0005:00001D1C       System.SysUtils.$pdata$_ZN6System8Sysutils9Exception17SetInnerExceptionEv
 0005:00001D28       System.SysUtils.$pdata$_ZN6System8Sysutils9Exception12SetStackInfoEPv
 0005:00001D34       System.SysUtils.$pdata$_ZN6System8Sysutils9Exception8ToStringEv
 0005:00001D40       System.SysUtils.$pdata$_ZN6System8Sysutils14EHeapException12FreeInstanceEv
 0005:00001D4C       System.SysUtils.$pdata$_ZN6System8Sysutils14EHeapException16RaisingExceptionEPNS_16TExceptionRecordE
 0005:00001D58       System.SysUtils.$pdata$_ZN6System8Sysutils16CreateInOutErrorEv
 0005:00001D64       System.SysUtils.$pdata$_ZN6System8Sysutils12ErrorHandlerEhPv
 0005:00001D70       System.SysUtils.$pdata$_ZN6System8Sysutils18AssertErrorHandlerENS_13UnicodeStringES1_iPv
 0005:00001D88       System.SysUtils.$pdata$_ZN6System8Sysutils20AbstractErrorHandlerEv
 0005:00001D94       System.SysUtils.$pdata$_ZN6System8Sysutils12MapExceptionEPNS_16TExceptionRecordE
 0005:00001DA0       System.SysUtils.$pdata$_ZN6System8Sysutils17GetExceptionClassEPNS_16TExceptionRecordE
 0005:00001DAC       System.SysUtils.$pdata$_ZZN6System8Sysutils18GetExceptionObjectEPNS_16TExceptionRecordEE14CreateAVObjectPv
 0005:00001DC4       System.SysUtils.$pdata$_ZN6System8Sysutils18GetExceptionObjectEPNS_16TExceptionRecordE
 0005:00001DDC       System.SysUtils.$pdata$_ZN6System8Sysutils17RaiseExceptObjectEPNS_16TExceptionRecordE
 0005:00001DE8       System.SysUtils.$pdata$_ZN6System8Sysutils13ExceptHandlerEPNS_7TObjectEPv
 0005:00001DF4       System.SysUtils.$pdata$_ZN6System8Sysutils14InitExceptionsEv
 0005:00001E00       System.SysUtils.$pdata$_ZN6System8Sysutils14DoneExceptionsEv
 0005:00001E0C       System.SysUtils.$pdata$_ZN6System8Sysutils9Exceptionv04cctrEv
 0005:00001E18       System.SysUtils.$pdata$_ZN6System8Sysutils9Exceptionv04cdtrEv
 0005:00001E24       System.SysUtils.$pdata$_ZN6System8Sysutils18WaitForSyncWaitObjEPvj
 0005:00001E30       System.SysUtils.$pdata$_ZN6System8Sysutils4PushERPNS0_16TEventItemHolderES2_
 0005:00001E3C       System.SysUtils.$pdata$_ZN6System8Sysutils3PopERPNS0_16TEventItemHolderE
 0005:00001E48       System.SysUtils.$pdata$_ZN6System8Sysutils10NewSyncObjEv
 0005:00001E54       System.SysUtils.$pdata$_ZN6System8Sysutils11FreeSyncObjEPv
 0005:00001E60       System.SysUtils.$pdata$_ZN6System8Sysutils10NewWaitObjEv
 0005:00001E6C       System.SysUtils.$pdata$_ZN6System8Sysutils11FreeWaitObjEPv
 0005:00001E78       System.SysUtils.$pdata$_ZN6System8Sysutils15WaitOrSignalObjEPvS1_j
 0005:00001E84       System.SysUtils.$pdata$_ZN6System8Sysutils18InitMonitorSupportEv
 0005:00001E90       System.SysUtils.$pdata$_ZZN6System8Sysutils18DoneMonitorSupportEvE10CleanStackPvPNS0_16TEventItemHolderE
 0005:00001E9C       System.SysUtils.$pdata$_ZZN6System8Sysutils18DoneMonitorSupportEvE14CleanEventListPvPNS0_14TSyncEventItemEi
 0005:00001EA8       System.SysUtils.$pdata$_ZN6System8Sysutils18DoneMonitorSupportEv
 0005:00001EB4       System.SysUtils.$pdata$_ZN6System8Sysutils21GetNetWkstaMajorMinorERjS1_
 0005:00001EC0       System.SysUtils.$pdata$_ZN6System8Sysutils14InitPlatformIdEv
 0005:00001ECC       System.SysUtils.$pdata$_ZN6System8Sysutils17GetProductVersionENS_13UnicodeStringERjS2_S2_
 0005:00001EF0       System.SysUtils.$pdata$_ZN6System8Sysutils11StrByteTypeEPwj
 0005:00001EFC       System.SysUtils.$pdata$_ZN6System8Sysutils13StrCharLengthEPKw
 0005:00001F08       System.SysUtils.$pdata$_ZN6System8Sysutils10CharLengthENS_13UnicodeStringEi
 0005:00001F14       System.SysUtils.$pdata$_ZN6System8Sysutils10AnsiStrPosEPwS1_
 0005:00001F20       System.SysUtils.$pdata$_ZN6System8Sysutils12AnsiStrRScanEPww
 0005:00001F2C       System.SysUtils.$pdata$_ZZN6System8Sysutils13InitSysLocaleEvE13InitLeadBytesPv
 0005:00001F38       System.SysUtils.$pdata$_ZN6System8Sysutils13InitSysLocaleEv
 0005:00001F44       System.SysUtils.$pdata$_ZN6System8Sysutils17GetFormatSettingsEv
 0005:00001F5C       System.SysUtils.$pdata$_ZN6System8Sysutils19ClearFormatSettingsEv
 0005:00001F68       System.SysUtils.$pdata$_ZN6System8Sysutils13StringReplaceENS_13UnicodeStringES1_S1_NS_3SetINS0_19System_Sysutils__85ELS3_0ELS3_1EEE
 0005:00001F80       System.SysUtils.$pdata$_ZN6System8Sysutils12HashNameMBCSEPc
 0005:00001F8C       System.SysUtils.$pdata$_ZN6System8Sysutils8HashNameEPc
 0005:00001F98       System.SysUtils.$pdata$_ZN6System8Sysutils15ClearHashTablesEv
 0005:00001FA4       System.SysUtils.$pdata$_ZN6System8Sysutils14ModuleUnloadedEy
 0005:00001FB0       System.SysUtils.$pdata$_ZN6System8Sysutils18FreeTerminateProcsEv
 0005:00001FBC       System.SysUtils.$pdata$_ZN6System8Sysutils17InitDriveSpacePtrEv
 0005:00001FC8       System.SysUtils.$pdata$_ZN6System8Sysutils10FreeAndNilEPv
 0005:00001FD4       System.SysUtils.$pdata$_ZN6System8Sysutils19EnumLocalesCallbackEPw
 0005:00001FE0       System.SysUtils.$pdata$_ZN6System8Sysutils14GetLocaleDataWEjj
 0005:00001FEC       System.SysUtils.$pdata$_ZN6System8Sysutils10TLanguages15LocalesCallbackEPw
 0005:00002004       System.SysUtils.$pdata$_ZN6System8Sysutils10TLanguagesC3Ev
 0005:0000201C       System.SysUtils.$pdata$_ZN6System8Sysutils10TLanguagesD0Ev
 0005:00002028       System.SysUtils.$pdata$_ZN6System8Sysutils10TLanguages8GetCountEv
 0005:00002034       System.SysUtils.$pdata$_ZN6System8Sysutils10TLanguages6GetExtEi
 0005:00002040       System.SysUtils.$pdata$_ZN6System8Sysutils10TLanguages5GetIDEi
 0005:00002058       System.SysUtils.$pdata$_ZN6System8Sysutils10TLanguages11GetLocaleIDEi
 0005:00002064       System.SysUtils.$pdata$_ZN6System8Sysutils10TLanguages13GetLocaleNameEi
 0005:00002070       System.SysUtils.$pdata$_ZN6System8Sysutils10TLanguages7GetNameEi
 0005:0000207C       System.SysUtils.$pdata$_ZN6System8Sysutils10TLanguages19GetNameFromLocaleIDEj
 0005:00002088       System.SysUtils.$pdata$_ZN6System8Sysutils10TLanguages25GetLocaleIDFromLocaleNameENS_13UnicodeStringE
 0005:000020A0       System.SysUtils.$pdata$_ZN6System8Sysutils10TLanguages15GetNameFromLCIDENS_13UnicodeStringE
 0005:000020AC       System.SysUtils.$pdata$_ZN6System8Sysutils10TLanguages19GetLocaleIDFromNameENS_13UnicodeStringE
 0005:000020C4       System.SysUtils.$pdata$_ZN6System8Sysutils10TLanguages7IndexOfEj
 0005:000020D0       System.SysUtils.$pdata$_ZN6System8Sysutils10TLanguages7IndexOfENS_13UnicodeStringE
 0005:000020DC       System.SysUtils.$pdata$_ZN6System8Sysutils10TLanguagesv04cdtrEv
 0005:000020E8       System.SysUtils.$pdata$_ZN6System8Sysutils9LanguagesEv
 0005:000020F4       System.SysUtils.$pdata$_ZN6System8Sysutils13TStringHelper9GetLengthEv
 0005:00002100       System.SysUtils.$pdata$_ZN6System8Sysutils13TStringHelper7CompareENS_13UnicodeStringEiS2_iib
 0005:0000210C       System.SysUtils.$pdata$_ZN6System8Sysutils13TStringHelper15InternalCompareENS_13UnicodeStringEiS2_iiibj
 0005:00002118       System.SysUtils.$pdata$_ZN6System8Sysutils13TStringHelper25InternalMapOptionsToFlagsENS_3SetINS0_14TCompareOptionELS3_0ELS3_9EEE
 0005:00002124       System.SysUtils.$pdata$_ZN6System8Sysutils13TStringHelper15InternalCompareENS_13UnicodeStringEiS2_iiiNS_3SetINS0_14TCompareOptionELS4_0ELS4_9EEEj
 0005:00002130       System.SysUtils.$pdata$_ZN6System8Sysutils13TStringHelper7CompareENS_13UnicodeStringEiS2_iibj
 0005:0000213C       System.SysUtils.$pdata$_ZN6System8Sysutils13TStringHelper6CreateEPKwi
 0005:00002148       System.SysUtils.$pdata$_ZN6System8Sysutils13TStringHelper13LastDelimiterENS_13UnicodeStringE
 0005:00002154       System.SysUtils.$pdata$_ZN6System8Sysutils13TStringHelper7ReplaceEww
 0005:0000216C       System.SysUtils.$pdata$_ZN6System8Sysutils13TStringHelper9SubstringEi
 0005:00002178       System.SysUtils.$pdata$_ZN6System8Sysutils13TStringHelper9SubstringEii
 0005:00002184       System.SysUtils.$pdata$_ZN6System8Sysutils13TStringHelper11ToCharArrayEv
 0005:00002190       System.SysUtils.$pdata$_ZN6System8Sysutils13TStringHelper11ToCharArrayEii
 0005:0000219C       System.SysUtils.$pdata$_ZZN6System8Sysutils10TOSVersionv04cctrEvE15IsWindowsServerPv
 0005:000021A8       System.SysUtils.$pdata$_ZN6System8Sysutils10TOSVersionv04cctrEv
 0005:000021B4       System.SysUtils.$pdata$_ZN6System8Sysutils10TOSVersion5CheckEii
 0005:000021C0       System.SysUtils.$pdata$_ZN6System8Sysutils12FinalizationEv
 0005:000021D8       System.SysUtils.$pdata$_ZN6System8Sysutils14initializationEv
 0005:000021F0       records.$pdata$_ZN7Records6TShapeC3EN6System13UnicodeStringEd
 0005:00002208       records.$pdata$_ZN7Records6TShape8DescribeEv
 0005:00002214       records.$pdata$_ZN7Records7TCircleC3Edd
 0005:0000222C       records.$pdata$_ZN7Records7TCircle8DescribeEv
 0005:00002244       records.$pdata$_ZN7Records12SetBreakHereEv
 0005:00002250       records.$pdata$_ZN7Records8ProbeAllEv
 0005:00002268       records.$pdata$_ZN7Records12FinalizationEv
 0005:00002280       records.$pdata$_ZN7Records14initializationEv


Line numbers for records(records.dpr) segment .text

   132 0001:00025D10   133 0001:00025D46   134 0001:00025D57   135 0001:00025D63
   138 0001:00025DD0   139 0001:00025DE0   140 0001:00025DF8   143 0001:00025E20
   144 0001:00025E57   145 0001:00025E6E   146 0001:00025E7A   149 0001:00025F00
   150 0001:00025F19   151 0001:00025F53   156 0001:00025FA0   159 0001:00025FA8
   160 0001:00025FAF   176 0001:00025FC0   178 0001:00025FF4   179 0001:00025FFE
   182 0001:00026008   183 0001:00026012   184 0001:00026023   185 0001:0002602A
   186 0001:0002603D   189 0001:00026046   190 0001:00026050   191 0001:0002605A
   192 0001:00026064   193 0001:0002606E   196 0001:00026081   197 0001:00026088
   198 0001:00026091   199 0001:0002609B   202 0001:000260A2   203 0001:000260A9
   206 0001:000260B7   207 0001:000260DB   210 0001:00026100   211 0001:00026115
   212 0001:00026123   213 0001:00026131   214 0001:0002613F   215 0001:0002614D
   218 0001:0002615B   219 0001:00026162   220 0001:00026169   221 0001:00026173
   224 0001:0002617D   225 0001:0002618B   226 0001:000261A5   227 0001:000261BF
   228 0001:000261CD   229 0001:000261DB   230 0001:000261E9   231 0001:000261F7
   232 0001:00026205   233 0001:00026213   235 0001:00026227   236 0001:00026247
   237 0001:0002624C   239 0001:0002626C   240 0001:00026278   241 0001:00026284
   242 0001:00026291   244 0001:00026450   245 0001:0002647C   246 0001:0002647D
   248 0001:00026486   249 0001:0002648D   251 0001:000264E8   249 0001:00026520
   251 0001:00026530

Bound resource files

C:\Users\VLADYS~1.CHE\AppData\Local\Temp\dtf4630.tmp


Program entry point at 0001:00026450
